Component: ARM Compiler 5.06 update 6 (build 750) Tool: armlink [4d35ed]

==============================================================================

Section Cross References

    startup_stm32f411xe.o(STACK) refers (Special) to heapauxi.o(.text) for __use_two_region_memory
    startup_stm32f411xe.o(HEAP) refers (Special) to heapauxi.o(.text) for __use_two_region_memory
    startup_stm32f411xe.o(RESET) refers (Special) to heapauxi.o(.text) for __use_two_region_memory
    startup_stm32f411xe.o(RESET) refers to startup_stm32f411xe.o(STACK) for __initial_sp
    startup_stm32f411xe.o(RESET) refers to startup_stm32f411xe.o(.text) for Reset_Handler
    startup_stm32f411xe.o(.text) refers (Special) to heapauxi.o(.text) for __use_two_region_memory
    startup_stm32f411xe.o(.text) refers to main.o(main) for __main
    startup_stm32f411xe.o(.text) refers to startup_stm32f411xe.o(HEAP) for Heap_Mem
    startup_stm32f411xe.o(.text) refers to startup_stm32f411xe.o(STACK) for Stack_Mem


==============================================================================

Removing Unused input sections from the image.

    Removing main.o(__DEFINES_STM32F4_CORE4_xx_DUMMY), (0 bytes).
    Removing main.o(__DEFINES_STM32F4_xx_DUMMY), (0 bytes).
    Removing main.o(myData), (16 bytes).

3 unused section(s) (total 16 bytes) removed from the image.

==============================================================================

Image Symbol Table

    Local Symbols

    Symbol Name                              Value     Ov Type        Size  Object(Section)

    ../clib/heapaux.c                        0x00000000   Number         0  heapauxi.o ABSOLUTE
    dc.s                                     0x00000000   Number         0  dc.o ABSOLUTE
    main.s                                   0x00000000   Number         0  main.o ABSOLUTE
    startup_stm32f411xe.s                    0x00000000   Number         0  startup_stm32f411xe.o ABSOLUTE
    RESET                                    0x08000000   Section      408  startup_stm32f411xe.o(RESET)
    .text                                    0x08000198   Section       56  startup_stm32f411xe.o(.text)
    $v0                                      0x08000198   Number         0  startup_stm32f411xe.o(.text)
    .text                                    0x080001d0   Section        0  heapauxi.o(.text)
    main                                     0x080001d8   Section       56  main.o(main)
    $v0                                      0x080001d8   Number         0  main.o(main)
    HEAP                                     0x20000000   Section      512  startup_stm32f411xe.o(HEAP)
    Heap_Mem                                 0x20000000   Data         512  startup_stm32f411xe.o(HEAP)
    STACK                                    0x20000200   Section     1024  startup_stm32f411xe.o(STACK)
    Stack_Mem                                0x20000200   Data        1024  startup_stm32f411xe.o(STACK)
    __initial_sp                             0x20000600   Data           0  startup_stm32f411xe.o(STACK)

    Global Symbols

    Symbol Name                              Value     Ov Type        Size  Object(Section)

    BuildAttributes$$THM_ISAv4$E$P$D$K$B$S$7EM$VFPi3$EXTD16$VFPS$VFMA$PE$A:L22UL41UL21$X:L11$S22US41US21$IEEE1$IW$USESV6$~STKCKD$USESV7$~SHL$OSPACE$ROPI$EBA8$STANDARDLIB$REQ8$PRES8$EABIv2 0x00000000   Number         0  anon$$obj.o ABSOLUTE
    __Vectors_Size                           0x00000198   Number         0  startup_stm32f411xe.o ABSOLUTE
    __Vectors                                0x08000000   Data           4  startup_stm32f411xe.o(RESET)
    Reset_Handler                            0x08000199   Thumb Code     4  startup_stm32f411xe.o(.text)
    __Vectors_End                            0x08000198   Data           0  startup_stm32f411xe.o(RESET)
    NMI_Handler                              0x0800019d   Thumb Code     2  startup_stm32f411xe.o(.text)
    HardFault_Handler                        0x0800019f   Thumb Code     2  startup_stm32f411xe.o(.text)
    MemManage_Handler                        0x080001a1   Thumb Code     2  startup_stm32f411xe.o(.text)
    BusFault_Handler                         0x080001a3   Thumb Code     2  startup_stm32f411xe.o(.text)
    UsageFault_Handler                       0x080001a5   Thumb Code     2  startup_stm32f411xe.o(.text)
    SVC_Handler                              0x080001a7   Thumb Code     2  startup_stm32f411xe.o(.text)
    DebugMon_Handler                         0x080001a9   Thumb Code     2  startup_stm32f411xe.o(.text)
    PendSV_Handler                           0x080001ab   Thumb Code     2  startup_stm32f411xe.o(.text)
    SysTick_Handler                          0x080001ad   Thumb Code     2  startup_stm32f411xe.o(.text)
    ADC_IRQHandler                           0x080001af   Thumb Code     0  startup_stm32f411xe.o(.text)
    DMA1_Stream0_IRQHandler                  0x080001af   Thumb Code     0  startup_stm32f411xe.o(.text)
    DMA1_Stream1_IRQHandler                  0x080001af   Thumb Code     0  startup_stm32f411xe.o(.text)
    DMA1_Stream2_IRQHandler                  0x080001af   Thumb Code     0  startup_stm32f411xe.o(.text)
    DMA1_Stream3_IRQHandler                  0x080001af   Thumb Code     0  startup_stm32f411xe.o(.text)
    DMA1_Stream4_IRQHandler                  0x080001af   Thumb Code     0  startup_stm32f411xe.o(.text)
    DMA1_Stream5_IRQHandler                  0x080001af   Thumb Code     0  startup_stm32f411xe.o(.text)
    DMA1_Stream6_IRQHandler                  0x080001af   Thumb Code     0  startup_stm32f411xe.o(.text)
    DMA1_Stream7_IRQHandler                  0x080001af   Thumb Code     0  startup_stm32f411xe.o(.text)
    DMA2_Stream0_IRQHandler                  0x080001af   Thumb Code     0  startup_stm32f411xe.o(.text)
    DMA2_Stream1_IRQHandler                  0x080001af   Thumb Code     0  startup_stm32f411xe.o(.text)
    DMA2_Stream2_IRQHandler                  0x080001af   Thumb Code     0  startup_stm32f411xe.o(.text)
    DMA2_Stream3_IRQHandler                  0x080001af   Thumb Code     0  startup_stm32f411xe.o(.text)
    DMA2_Stream4_IRQHandler                  0x080001af   Thumb Code     0  startup_stm32f411xe.o(.text)
    DMA2_Stream5_IRQHandler                  0x080001af   Thumb Code     0  startup_stm32f411xe.o(.text)
    DMA2_Stream6_IRQHandler                  0x080001af   Thumb Code     0  startup_stm32f411xe.o(.text)
    DMA2_Stream7_IRQHandler                  0x080001af   Thumb Code     0  startup_stm32f411xe.o(.text)
    EXTI0_IRQHandler                         0x080001af   Thumb Code     0  startup_stm32f411xe.o(.text)
    EXTI15_10_IRQHandler                     0x080001af   Thumb Code     0  startup_stm32f411xe.o(.text)
    EXTI1_IRQHandler                         0x080001af   Thumb Code     0  startup_stm32f411xe.o(.text)
    EXTI2_IRQHandler                         0x080001af   Thumb Code     0  startup_stm32f411xe.o(.text)
    EXTI3_IRQHandler                         0x080001af   Thumb Code     0  startup_stm32f411xe.o(.text)
    EXTI4_IRQHandler                         0x080001af   Thumb Code     0  startup_stm32f411xe.o(.text)
    EXTI9_5_IRQHandler                       0x080001af   Thumb Code     0  startup_stm32f411xe.o(.text)
    FLASH_IRQHandler                         0x080001af   Thumb Code     0  startup_stm32f411xe.o(.text)
    FPU_IRQHandler                           0x080001af   Thumb Code     0  startup_stm32f411xe.o(.text)
    I2C1_ER_IRQHandler                       0x080001af   Thumb Code     0  startup_stm32f411xe.o(.text)
    I2C1_EV_IRQHandler                       0x080001af   Thumb Code     0  startup_stm32f411xe.o(.text)
    I2C2_ER_IRQHandler                       0x080001af   Thumb Code     0  startup_stm32f411xe.o(.text)
    I2C2_EV_IRQHandler                       0x080001af   Thumb Code     0  startup_stm32f411xe.o(.text)
    I2C3_ER_IRQHandler                       0x080001af   Thumb Code     0  startup_stm32f411xe.o(.text)
    I2C3_EV_IRQHandler                       0x080001af   Thumb Code     0  startup_stm32f411xe.o(.text)
    OTG_FS_IRQHandler                        0x080001af   Thumb Code     0  startup_stm32f411xe.o(.text)
    OTG_FS_WKUP_IRQHandler                   0x080001af   Thumb Code     0  startup_stm32f411xe.o(.text)
    PVD_IRQHandler                           0x080001af   Thumb Code     0  startup_stm32f411xe.o(.text)
    RCC_IRQHandler                           0x080001af   Thumb Code     0  startup_stm32f411xe.o(.text)
    RTC_Alarm_IRQHandler                     0x080001af   Thumb Code     0  startup_stm32f411xe.o(.text)
    RTC_WKUP_IRQHandler                      0x080001af   Thumb Code     0  startup_stm32f411xe.o(.text)
    SDIO_IRQHandler                          0x080001af   Thumb Code     0  startup_stm32f411xe.o(.text)
    SPI1_IRQHandler                          0x080001af   Thumb Code     0  startup_stm32f411xe.o(.text)
    SPI2_IRQHandler                          0x080001af   Thumb Code     0  startup_stm32f411xe.o(.text)
    SPI3_IRQHandler                          0x080001af   Thumb Code     0  startup_stm32f411xe.o(.text)
    SPI4_IRQHandler                          0x080001af   Thumb Code     0  startup_stm32f411xe.o(.text)
    SPI5_IRQHandler                          0x080001af   Thumb Code     0  startup_stm32f411xe.o(.text)
    TAMP_STAMP_IRQHandler                    0x080001af   Thumb Code     0  startup_stm32f411xe.o(.text)
    TIM1_BRK_TIM9_IRQHandler                 0x080001af   Thumb Code     0  startup_stm32f411xe.o(.text)
    TIM1_CC_IRQHandler                       0x080001af   Thumb Code     0  startup_stm32f411xe.o(.text)
    TIM1_TRG_COM_TIM11_IRQHandler            0x080001af   Thumb Code     0  startup_stm32f411xe.o(.text)
    TIM1_UP_TIM10_IRQHandler                 0x080001af   Thumb Code     0  startup_stm32f411xe.o(.text)
    TIM2_IRQHandler                          0x080001af   Thumb Code     0  startup_stm32f411xe.o(.text)
    TIM3_IRQHandler                          0x080001af   Thumb Code     0  startup_stm32f411xe.o(.text)
    TIM4_IRQHandler                          0x080001af   Thumb Code     0  startup_stm32f411xe.o(.text)
    TIM5_IRQHandler                          0x080001af   Thumb Code     0  startup_stm32f411xe.o(.text)
    USART1_IRQHandler                        0x080001af   Thumb Code     0  startup_stm32f411xe.o(.text)
    USART2_IRQHandler                        0x080001af   Thumb Code     0  startup_stm32f411xe.o(.text)
    USART6_IRQHandler                        0x080001af   Thumb Code     0  startup_stm32f411xe.o(.text)
    WWDG_IRQHandler                          0x080001af   Thumb Code     0  startup_stm32f411xe.o(.text)
    __user_initial_stackheap                 0x080001b1   Thumb Code     0  startup_stm32f411xe.o(.text)
    __use_two_region_memory                  0x080001d1   Thumb Code     2  heapauxi.o(.text)
    __rt_heap_escrow$2region                 0x080001d3   Thumb Code     2  heapauxi.o(.text)
    __rt_heap_expand$2region                 0x080001d5   Thumb Code     2  heapauxi.o(.text)
    __main                                   0x080001d9   Thumb Code    44  main.o(main)



==============================================================================

Memory Map of the image

  Image Entry point : 0x08000199

  Load Region LR_1 (Base: 0x08000000, Size: 0x00000210, Max: 0xffffffff, ABSOLUTE)

    Execution Region ER_RO (Exec base: 0x08000000, Load base: 0x08000000, Size: 0x00000210, Max: 0xffffffff, ABSOLUTE)

    Exec Addr    Load Addr    Size         Type   Attr      Idx    E Section Name        Object

    0x08000000   0x08000000   0x00000198   Data   RO           12    RESET               startup_stm32f411xe.o
    0x08000198   0x08000198   0x00000038   Code   RO           13  * .text               startup_stm32f411xe.o
    0x080001d0   0x080001d0   0x00000006   Code   RO           19    .text               c_w.l(heapauxi.o)
    0x080001d6   0x080001d6   0x00000002   PAD
    0x080001d8   0x080001d8   0x00000038   Code   RO            3  * main                main.o


    Execution Region ER_RW (Exec base: 0x20000000, Load base: 0x08000210, Size: 0x00000000, Max: 0xffffffff, ABSOLUTE)

    **** No section assigned to this execution region ****


    Execution Region ER_ZI (Exec base: 0x20000000, Load base: 0x08000210, Size: 0x00000600, Max: 0xffffffff, ABSOLUTE)

    Exec Addr    Load Addr    Size         Type   Attr      Idx    E Section Name        Object

    0x20000000        -       0x00000200   Zero   RW           11    HEAP                startup_stm32f411xe.o
    0x20000200        -       0x00000400   Zero   RW           10    STACK               startup_stm32f411xe.o


==============================================================================

Image component sizes


      Code (inc. data)   RO Data    RW Data    ZI Data      Debug   Object Name

        56         10          0          0          0        432   main.o
        56         22        408          0       1536        856   startup_stm32f411xe.o

    ----------------------------------------------------------------------
       112         32        408          0       1536       1288   Object Totals
         0          0          0          0          0          0   (incl. Generated)
         0          0          0          0          0          0   (incl. Padding)

    ----------------------------------------------------------------------

      Code (inc. data)   RO Data    RW Data    ZI Data      Debug   Library Member Name

         6          0          0          0          0        152   heapauxi.o

    ----------------------------------------------------------------------
         8          0          0          0          0        152   Library Totals
         2          0          0          0          0          0   (incl. Padding)

    ----------------------------------------------------------------------

      Code (inc. data)   RO Data    RW Data    ZI Data      Debug   Library Name

         6          0          0          0          0        152   c_w.l

    ----------------------------------------------------------------------
         8          0          0          0          0        152   Library Totals

    ----------------------------------------------------------------------

==============================================================================


      Code (inc. data)   RO Data    RW Data    ZI Data      Debug   

       120         32        408          0       1536       1340   Grand Totals
       120         32        408          0       1536       1340   ELF Image Totals
       120         32        408          0          0          0   ROM Totals

==============================================================================

    Total RO  Size (Code + RO Data)                  528 (   0.52kB)
    Total RW  Size (RW Data + ZI Data)              1536 (   1.50kB)
    Total ROM Size (Code + RO Data + RW Data)        528 (   0.52kB)

==============================================================================

