Component: ARM Compiler 5.06 update 6 (build 750) Tool: armlink [4d35ed]

==============================================================================

Section Cross References

    main.o(i.main) refers to _printf_percent.o(.ARM.Collect$$_printf_percent$$00000000) for _printf_percent
    main.o(i.main) refers to _printf_f.o(.ARM.Collect$$_printf_percent$$00000003) for _printf_f
    main.o(i.main) refers to printf1.o(x$fpl$printf1) for _printf_fp_dec
    main.o(i.main) refers to myrcc.o(i.RCC_PLL_init) for RCC_PLL_init
    main.o(i.main) refers to mysystick.o(i.SysTick_init) for SysTick_init
    main.o(i.main) refers to myuart.o(i.UART2_init) for UART2_init
    main.o(i.main) refers to mygpio.o(i.GPIO_init) for GPIO_init
    main.o(i.main) refers to mypwm.o(i.PWM_init) for PWM_init
    main.o(i.main) refers to mypwm.o(i.PWM_period_ms) for PWM_period_ms
    main.o(i.main) refers to mypwm.o(i.PWM_pulsewidth_ms) for PWM_pulsewidth_ms
    main.o(i.main) refers to mytim.o(i.TIM_period_us) for TIM_period_us
    main.o(i.main) refers to mytim.o(i.CAP_init) for CAP_init
    main.o(i.main) refers to f2d.o(x$fpl$f2d) for __aeabi_f2d
    main.o(i.main) refers to noretval__2printf.o(.text) for __2printf
    main.o(i.main) refers to mysystick.o(i.delay) for delay
    main.o(i.main) refers to mytim.o(.data) for timeInterval
    startup_stm32f411xe.o(STACK) refers (Special) to heapauxi.o(.text) for __use_two_region_memory
    startup_stm32f411xe.o(HEAP) refers (Special) to heapauxi.o(.text) for __use_two_region_memory
    startup_stm32f411xe.o(RESET) refers (Special) to heapauxi.o(.text) for __use_two_region_memory
    startup_stm32f411xe.o(RESET) refers to startup_stm32f411xe.o(STACK) for __initial_sp
    startup_stm32f411xe.o(RESET) refers to startup_stm32f411xe.o(.text) for Reset_Handler
    startup_stm32f411xe.o(RESET) refers to mysystick.o(i.SysTick_Handler) for SysTick_Handler
    startup_stm32f411xe.o(RESET) refers to mytim.o(i.TIM2_IRQHandler) for TIM2_IRQHandler
    startup_stm32f411xe.o(RESET) refers to myuart.o(i.USART2_IRQHandler) for USART2_IRQHandler
    startup_stm32f411xe.o(.text) refers (Special) to heapauxi.o(.text) for __use_two_region_memory
    startup_stm32f411xe.o(.text) refers to system_stm32f4xx.o(i.SystemInit) for SystemInit
    startup_stm32f411xe.o(.text) refers to __main.o(!!!main) for __main
    startup_stm32f411xe.o(.text) refers to startup_stm32f411xe.o(HEAP) for Heap_Mem
    startup_stm32f411xe.o(.text) refers to startup_stm32f411xe.o(STACK) for Stack_Mem
    system_stm32f4xx.o(i.SystemCoreClockUpdate) refers to system_stm32f4xx.o(.data) for SystemCoreClock
    system_stm32f4xx.o(i.SystemCoreClockUpdate) refers to system_stm32f4xx.o(.constdata) for AHBPrescTable
    mygpio.o(i.LED_init) refers to mygpio.o(i.GPIO_init) for GPIO_init
    mygpio.o(i.LED_off) refers to mygpio.o(i.GPIO_write) for GPIO_write
    mygpio.o(i.LED_on) refers to mygpio.o(i.GPIO_write) for GPIO_write
    mygpio.o(i.SevenSegment_init) refers to mygpio.o(i.GPIO_init) for GPIO_init
    mygpio.o(i.SevenSegment_on) refers to mygpio.o(i.GPIO_write) for GPIO_write
    mypwm.o(i.PWM_init) refers to mytim.o(i.TIM_pinmap) for TIM_pinmap
    mypwm.o(i.PWM_init) refers to mypwm.o(i.PWM_period_ms) for PWM_period_ms
    mysystick.o(i.SysTick_Handler) refers to mysystick.o(i.SysTick_counter) for SysTick_counter
    mysystick.o(i.SysTick_counter) refers to mysystick.o(.data) for msTicks
    mysystick.o(i.delay) refers to mysystick.o(.data) for msTicks
    myuart.o(i.UART2_init) refers to myuart.o(i.UART2_GPIO_init) for UART2_GPIO_init
    myuart.o(i.UART2_init) refers to myuart.o(i.USART_init) for USART_init
    myuart.o(i.USART_init) refers to f2d.o(x$fpl$f2d) for __aeabi_f2d
    myuart.o(i.USART_init) refers to round.o(i.__hardfp_round) for __hardfp_round
    myuart.o(i.USART_init) refers to dfixu.o(x$fpl$dfixu) for __aeabi_d2uiz
    myuart.o(i.USART_write) refers to myuart.o(i.USART_delay) for USART_delay
    myuart.o(i.fgetc) refers to myuart.o(i.USART_read) for USART_read
    myuart.o(i.fputc) refers to myuart.o(i.USART_write) for USART_write
    mytim.o(i.CAP_init) refers to mytim.o(i.TIM_pinmap) for TIM_pinmap
    mytim.o(i.TIM2_IRQHandler) refers to mytim.o(.data) for ovf_cnt
    __2printf.o(.text) refers to _printf_char_file.o(.text) for _printf_char_file
    __2printf.o(.text) refers to myuart.o(.data) for __stdout
    noretval__2printf.o(.text) refers to _printf_char_file.o(.text) for _printf_char_file
    noretval__2printf.o(.text) refers to myuart.o(.data) for __stdout
    __printf.o(.text) refers to _printf_percent.o(.ARM.Collect$$_printf_percent$$00000000) for _printf_percent
    __printf_flags.o(.text) refers to _printf_percent.o(.ARM.Collect$$_printf_percent$$00000000) for _printf_percent
    __printf_flags.o(.text) refers to __printf_flags.o(.constdata) for .constdata
[...]
    _printf_fp_dec.o(.text) refers to btod.o(CL$$btod_emul) for _btod_emul
    _printf_fp_dec.o(.text) refers to lludiv10.o(.text) for _ll_udiv10
    _printf_fp_dec.o(.text) refers to fpclassify.o(i.__ARM_fpclassify) for __ARM_fpclassify
    _printf_fp_dec.o(.text) refers to _printf_fp_infnan.o(.text) for _printf_fp_infnan
    _printf_fp_dec.o(.text) refers to rt_locale_intlibspace.o(.text) for __rt_locale
    _printf_char_file.o(.text) refers to _printf_char_common.o(.text) for _printf_char_common
    _printf_char_file.o(.text) refers to ferror.o(.text) for ferror
    _printf_char_file.o(.text) refers to myuart.o(i.fputc) for fputc
    daddsub_clz.o(x$fpl$dadd) refers (Special) to usenofp.o(x$fpl$usenofp) for __I$use$fp
    daddsub_clz.o(x$fpl$dadd) refers to daddsub_clz.o(x$fpl$dsub) for _dsub1
    daddsub_clz.o(x$fpl$dadd) refers to dretinf.o(x$fpl$dretinf) for __fpl_dretinf
    daddsub_clz.o(x$fpl$dadd) refers to dnaninf.o(x$fpl$dnaninf) for __fpl_dnaninf
    daddsub_clz.o(x$fpl$drsb) refers (Special) to usenofp.o(x$fpl$usenofp) for __I$use$fp
    daddsub_clz.o(x$fpl$drsb) refers to daddsub_clz.o(x$fpl$dadd) for _dadd1
    daddsub_clz.o(x$fpl$drsb) refers to daddsub_clz.o(x$fpl$dsub) for _dsub1
    daddsub_clz.o(x$fpl$dsub) refers (Special) to usenofp.o(x$fpl$usenofp) for __I$use$fp
    daddsub_clz.o(x$fpl$dsub) refers to daddsub_clz.o(x$fpl$dadd) for _dadd1
    daddsub_clz.o(x$fpl$dsub) refers to dnaninf.o(x$fpl$dnaninf) for __fpl_dnaninf
    dleqf.o(x$fpl$dleqf) refers (Special) to usenofp.o(x$fpl$usenofp) for __I$use$fp
    dleqf.o(x$fpl$dleqf) refers to dnaninf.o(x$fpl$dnaninf) for __fpl_dnaninf
    dleqf.o(x$fpl$dleqf) refers to dcmpi.o(x$fpl$dcmpinf) for __fpl_dcmp_Inf
    dnaninf.o(x$fpl$dnaninf) refers (Special) to usenofp.o(x$fpl$usenofp) for __I$use$fp
    dretinf.o(x$fpl$dretinf) refers (Special) to usenofp.o(x$fpl$usenofp) for __I$use$fp
    drleqf.o(x$fpl$drleqf) refers (Special) to usenofp.o(x$fpl$usenofp) for __I$use$fp
    drleqf.o(x$fpl$drleqf) refers to dleqf.o(x$fpl$dleqf) for __fpl_dcmple_InfNaN
    drnd.o(x$fpl$drnd) refers (Special) to usenofp.o(x$fpl$usenofp) for __I$use$fp
    drnd.o(x$fpl$drnd) refers to dnaninf.o(x$fpl$dnaninf) for __fpl_dnaninf
    fnaninf.o(x$fpl$fnaninf) refers (Special) to usenofp.o(x$fpl$usenofp) for __I$use$fp
    __rtentry2.o(.ARM.Collect$$rtentry$$00000008) refers to boardinit2.o(.text) for _platform_post_stackheap_init
    __rtentry2.o(.ARM.Collect$$rtentry$$0000000A) refers to libinit.o(.ARM.Collect$$libinit$$00000000) for __rt_lib_init
    __rtentry2.o(.ARM.Collect$$rtentry$$0000000B) refers to boardinit3.o(.text) for _platform_post_lib_init
    __rtentry2.o(.ARM.Collect$$rtentry$$0000000D) refers to main.o(i.main) for main
    __rtentry2.o(.ARM.Collect$$rtentry$$0000000D) refers to exit.o(.text) for exit
    __rtentry2.o(.ARM.exidx) refers to __rtentry2.o(.ARM.Collect$$rtentry$$00000001) for .ARM.Collect$$rtentry$$00000001
    __rtentry2.o(.ARM.exidx) refers to __rtentry2.o(.ARM.Collect$$rtentry$$00000008) for .ARM.Collect$$rtentry$$00000008
    __rtentry2.o(.ARM.exidx) refers to __rtentry2.o(.ARM.Collect$$rtentry$$0000000A) for .ARM.Collect$$rtentry$$0000000A
    __rtentry2.o(.ARM.exidx) refers to __rtentry2.o(.ARM.Collect$$rtentry$$0000000B) for .ARM.Collect$$rtentry$$0000000B
    __rtentry2.o(.ARM.exidx) refers to __rtentry2.o(.ARM.Collect$$rtentry$$0000000D) for .ARM.Collect$$rtentry$$0000000D
    __rtentry4.o(.ARM.Collect$$rtentry$$00000004) refers to sys_stackheap_outer.o(.text) for __user_setup_stackheap
    __rtentry4.o(.ARM.exidx) refers to __rtentry4.o(.ARM.Collect$$rtentry$$00000004) for .ARM.Collect$$rtentry$$00000004
    rt_locale.o(.text) refers to rt_locale.o(.bss) for __rt_locale_data
    rt_locale_intlibspace.o(.text) refers to libspace.o(.bss) for __libspace_start
    _printf_char_common.o(.text) refers to __printf_wp.o(.text) for __printf
    bigflt0.o(.text) refers (Special) to usenofp.o(x$fpl$usenofp) for __I$use$fp
    bigflt0.o(.text) refers to btod.o(CL$$btod_emul) for _btod_emul
    bigflt0.o(.text) refers to btod.o(CL$$btod_ediv) for _btod_ediv
    bigflt0.o(.text) refers to bigflt0.o(.constdata) for .constdata
    bigflt0.o(.constdata) refers (Special) to usenofp.o(x$fpl$usenofp) for __I$use$fp
    btod.o(CL$$btod_d2e) refers (Special) to usenofp.o(x$fpl$usenofp) for __I$use$fp
    btod.o(CL$$btod_d2e) refers to btod.o(CL$$btod_d2e_norm_op1) for _d2e_norm_op1
    btod.o(CL$$btod_d2e_norm_op1) refers (Special) to usenofp.o(x$fpl$usenofp) for __I$use$fp
    btod.o(CL$$btod_d2e_norm_op1) refers to btod.o(CL$$btod_d2e_denorm_low) for _d2e_denorm_low
    btod.o(CL$$btod_d2e_denorm_low) refers (Special) to usenofp.o(x$fpl$usenofp) for __I$use$fp
    btod.o(CL$$btod_emul) refers (Special) to usenofp.o(x$fpl$usenofp) for __I$use$fp
    btod.o(CL$$btod_emul) refers to btod.o(CL$$btod_mult_common) for __btod_mult_common
    btod.o(CL$$btod_emul) refers to btod.o(CL$$btod_e2e) for _e2e
    btod.o(CL$$btod_ediv) refers (Special) to usenofp.o(x$fpl$usenofp) for __I$use$fp
    btod.o(CL$$btod_ediv) refers to btod.o(CL$$btod_div_common) for __btod_div_common
    btod.o(CL$$btod_ediv) refers to btod.o(CL$$btod_e2e) for _e2e
    btod.o(CL$$btod_emuld) refers (Special) to usenofp.o(x$fpl$usenofp) for __I$use$fp
    btod.o(CL$$btod_emuld) refers to btod.o(CL$$btod_mult_common) for __btod_mult_common
    btod.o(CL$$btod_emuld) refers to btod.o(CL$$btod_e2d) for _e2d
    btod.o(CL$$btod_edivd) refers (Special) to usenofp.o(x$fpl$usenofp) for __I$use$fp
    btod.o(CL$$btod_edivd) refers to btod.o(CL$$btod_div_common) for __btod_div_common
    btod.o(CL$$btod_edivd) refers to btod.o(CL$$btod_e2d) for _e2d
    btod.o(CL$$btod_e2e) refers (Special) to usenofp.o(x$fpl$usenofp) for __I$use$fp
    btod.o(CL$$btod_e2d) refers (Special) to usenofp.o(x$fpl$usenofp) for __I$use$fp
    btod.o(CL$$btod_e2d) refers to btod.o(CL$$btod_e2e) for _e2e
    btod.o(CL$$btod_mult_common) refers (Special) to usenofp.o(x$fpl$usenofp) for __I$use$fp
    btod.o(CL$$btod_div_common) refers (Special) to usenofp.o(x$fpl$usenofp) for __I$use$fp
    lc_numeric_c.o(locale$$data) refers (Special) to libinit2.o(.ARM.Collect$$libinit$$00000016) for __rt_lib_init_lc_numeric_2
    lc_numeric_c.o(locale$$code) refers (Special) to libinit2.o(.ARM.Collect$$libinit$$00000016) for __rt_lib_init_lc_numeric_2
    lc_numeric_c.o(locale$$code) refers to strcmpv7m.o(.text) for strcmp
    lc_numeric_c.o(locale$$code) refers to lc_numeric_c.o(locale$$data) for __lcnum_c_name
    dcmpi.o(x$fpl$dcmpinf) refers (Special) to usenofp.o(x$fpl$usenofp) for __I$use$fp
    istatus.o(x$fpl$ieeestatus) refers (Special) to usenofp.o(x$fpl$usenofp) for __I$use$fp
    fpclassify.o(i.__ARM_fpclassify) refers (Special) to usenofp.o(x$fpl$usenofp) for __I$use$fp
    libspace.o(.text) refers to libspace.o(.bss) for __libspace_start
    sys_stackheap_outer.o(.text) refers to libspace.o(.text) for __user_perproc_libspace
    sys_stackheap_outer.o(.text) refers to startup_stm32f411xe.o(.text) for __user_initial_stackheap
    exit.o(.text) refers to rtexit.o(.ARM.Collect$$rtexit$$00000000) for __rt_exit
    libinit.o(.ARM.Collect$$libinit$$00000000) refers (Special) to libinit2.o(.ARM.Collect$$libinit$$0000002E) for __rt_lib_init_alloca_1
    libinit.o(.ARM.Collect$$libinit$$00000000) refers (Special) to libinit2.o(.ARM.Collect$$libinit$$0000002C) for __rt_lib_init_argv_1
    libinit.o(.ARM.Collect$$libinit$$00000000) refers (Special) to libinit2.o(.ARM.Collect$$libinit$$0000001B) for __rt_lib_init_atexit_1
    libinit.o(.ARM.Collect$$libinit$$00000000) refers (Special) to libinit2.o(.ARM.Collect$$libinit$$00000021) for __rt_lib_init_clock_1
    libinit.o(.ARM.Collect$$libinit$$00000000) refers (Special) to libinit2.o(.ARM.Collect$$libinit$$00000032) for __rt_lib_init_cpp_1
    libinit.o(.ARM.Collect$$libinit$$00000000) refers (Special) to libinit2.o(.ARM.Collect$$libinit$$00000030) for __rt_lib_init_exceptions_1
    libinit.o(.ARM.Collect$$libinit$$00000000) refers (Special) to libinit2.o(.ARM.Collect$$libinit$$00000001) for __rt_lib_init_fp_1
    libinit.o(.ARM.Collect$$libinit$$00000000) refers (Special) to libinit2.o(.ARM.Collect$$libinit$$0000001F) for __rt_lib_init_fp_trap_1
    libinit.o(.ARM.Collect$$libinit$$00000000) refers (Special) to libinit2.o(.ARM.Collect$$libinit$$00000023) for __rt_lib_init_getenv_1
    libinit.o(.ARM.Collect$$libinit$$00000000) refers (Special) to libinit2.o(.ARM.Collect$$libinit$$0000000A) for __rt_lib_init_heap_1
    libinit.o(.ARM.Collect$$libinit$$00000000) refers (Special) to libinit2.o(.ARM.Collect$$libinit$$00000011) for __rt_lib_init_lc_collate_1
    libinit.o(.ARM.Collect$$libinit$$00000000) refers (Special) to libinit2.o(.ARM.Collect$$libinit$$00000013) for __rt_lib_init_lc_ctype_1
    libinit.o(.ARM.Collect$$libinit$$00000000) refers (Special) to libinit2.o(.ARM.Collect$$libinit$$00000015) for __rt_lib_init_lc_monetary_1
    libinit.o(.ARM.Collect$$libinit$$00000000) refers (Special) to libinit2.o(.ARM.Collect$$libinit$$00000017) for __rt_lib_init_lc_numeric_1
    libinit.o(.ARM.Collect$$libinit$$00000000) refers (Special) to libinit2.o(.ARM.Collect$$libinit$$00000019) for __rt_lib_init_lc_time_1
    libinit.o(.ARM.Collect$$libinit$$00000000) refers (Special) to libinit2.o(.ARM.Collect$$libinit$$00000004) for __rt_lib_init_preinit_1
    libinit.o(.ARM.Collect$$libinit$$00000000) refers (Special) to libinit2.o(.ARM.Collect$$libinit$$0000000E) for __rt_lib_init_rand_1
    libinit.o(.ARM.Collect$$libinit$$00000000) refers (Special) to libinit2.o(.ARM.Collect$$libinit$$00000033) for __rt_lib_init_return
    libinit.o(.ARM.Collect$$libinit$$00000000) refers (Special) to libinit2.o(.ARM.Collect$$libinit$$0000001D) for __rt_lib_init_signal_1
    libinit.o(.ARM.Collect$$libinit$$00000000) refers (Special) to libinit2.o(.ARM.Collect$$libinit$$00000025) for __rt_lib_init_stdio_1
    libinit.o(.ARM.Collect$$libinit$$00000000) refers (Special) to libinit2.o(.ARM.Collect$$libinit$$0000000C) for __rt_lib_init_user_alloc_1
    libinit2.o(.ARM.Collect$$libinit$$00000001) refers to fpinit.o(x$fpl$fpinit) for _fp_init
    libinit2.o(.ARM.Collect$$libinit$$0000000F) refers (Weak) to rt_locale_intlibspace.o(.text) for __rt_locale
    libinit2.o(.ARM.Collect$$libinit$$00000010) refers to libinit2.o(.ARM.Collect$$libinit$$0000000F) for .ARM.Collect$$libinit$$0000000F
    libinit2.o(.ARM.Collect$$libinit$$00000012) refers to libinit2.o(.ARM.Collect$$libinit$$0000000F) for .ARM.Collect$$libinit$$0000000F
    libinit2.o(.ARM.Collect$$libinit$$00000014) refers to libinit2.o(.ARM.Collect$$libinit$$0000000F) for .ARM.Collect$$libinit$$0000000F
    libinit2.o(.ARM.Collect$$libinit$$00000016) refers to libinit2.o(.ARM.Collect$$libinit$$0000000F) for .ARM.Collect$$libinit$$0000000F
    libinit2.o(.ARM.Collect$$libinit$$00000016) refers (Weak) to lc_numeric_c.o(locale$$code) for _get_lc_numeric
    libinit2.o(.ARM.Collect$$libinit$$00000018) refers to libinit2.o(.ARM.Collect$$libinit$$0000000F) for .ARM.Collect$$libinit$$0000000F
    libinit2.o(.ARM.Collect$$libinit$$00000026) refers to argv_veneer.o(.emb_text) for __ARM_argv_veneer
    libinit2.o(.ARM.Collect$$libinit$$00000027) refers to argv_veneer.o(.emb_text) for __ARM_argv_veneer
    rtexit.o(.ARM.Collect$$rtexit$$00000000) refers (Special) to rtexit2.o(.ARM.Collect$$rtexit$$00000004) for __rt_exit_exit
    rtexit.o(.ARM.Collect$$rtexit$$00000000) refers (Special) to rtexit2.o(.ARM.Collect$$rtexit$$00000003) for __rt_exit_ls
    rtexit.o(.ARM.Collect$$rtexit$$00000000) refers (Special) to rtexit2.o(.ARM.Collect$$rtexit$$00000002) for __rt_exit_prels_1
    rtexit.o(.ARM.exidx) refers (Special) to rtexit2.o(.ARM.Collect$$rtexit$$00000004) for __rt_exit_exit
    rtexit.o(.ARM.exidx) refers (Special) to rtexit2.o(.ARM.Collect$$rtexit$$00000003) for __rt_exit_ls
    rtexit.o(.ARM.exidx) refers (Special) to rtexit2.o(.ARM.Collect$$rtexit$$00000002) for __rt_exit_prels_1
    rtexit.o(.ARM.exidx) refers to rtexit.o(.ARM.Collect$$rtexit$$00000000) for .ARM.Collect$$rtexit$$00000000
    argv_veneer.o(.emb_text) refers to no_argv.o(.text) for __ARM_get_argv
    rtexit2.o(.ARM.Collect$$rtexit$$00000003) refers to libshutdown.o(.ARM.Collect$$libshutdown$$00000000) for __rt_lib_shutdown
    rtexit2.o(.ARM.Collect$$rtexit$$00000004) refers to sys_exit.o(.text) for _sys_exit
    rtexit2.o(.ARM.exidx) refers to rtexit2.o(.ARM.Collect$$rtexit$$00000001) for .ARM.Collect$$rtexit$$00000001
    rtexit2.o(.ARM.exidx) refers to rtexit2.o(.ARM.Collect$$rtexit$$00000003) for .ARM.Collect$$rtexit$$00000003
    rtexit2.o(.ARM.exidx) refers to rtexit2.o(.ARM.Collect$$rtexit$$00000004) for .ARM.Collect$$rtexit$$00000004
    _get_argv_nomalloc.o(.text) refers (Special) to hrguard.o(.text) for __heap_region$guard
    _get_argv_nomalloc.o(.text) refers to defsig_rtmem_outer.o(.text) for __rt_SIGRTMEM
    _get_argv_nomalloc.o(.text) refers to sys_command.o(.text) for _sys_command_string
    sys_command.o(.text) refers (Special) to use_no_semi.o(.text) for __I$use$semihosting
    sys_command.o(.text) refers (Special) to indicate_semi.o(.text) for __semihosting_library_function
    sys_exit.o(.text) refers (Special) to use_no_semi.o(.text) for __I$use$semihosting
    sys_exit.o(.text) refers (Special) to indicate_semi.o(.text) for __semihosting_library_function
    defsig_rtmem_outer.o(.text) refers to defsig_rtmem_inner.o(.text) for __rt_SIGRTMEM_inner
    defsig_rtmem_outer.o(.text) refers to defsig_exit.o(.text) for __sig_exit
    defsig_rtmem_formal.o(.text) refers to rt_raise.o(.text) for __rt_raise
    libshutdown.o(.ARM.Collect$$libshutdown$$00000000) refers (Special) to libshutdown2.o(.ARM.Collect$$libshutdown$$00000002) for __rt_lib_shutdown_cpp_1
    libshutdown.o(.ARM.Collect$$libshutdown$$00000000) refers (Special) to libshutdown2.o(.ARM.Collect$$libshutdown$$00000007) for __rt_lib_shutdown_fp_trap_1
    libshutdown.o(.ARM.Collect$$libshutdown$$00000000) refers (Special) to libshutdown2.o(.ARM.Collect$$libshutdown$$0000000F) for __rt_lib_shutdown_heap_1
    libshutdown.o(.ARM.Collect$$libshutdown$$00000000) refers (Special) to libshutdown2.o(.ARM.Collect$$libshutdown$$00000010) for __rt_lib_shutdown_return
    libshutdown.o(.ARM.Collect$$libshutdown$$00000000) refers (Special) to libshutdown2.o(.ARM.Collect$$libshutdown$$0000000A) for __rt_lib_shutdown_signal_1
    libshutdown.o(.ARM.Collect$$libshutdown$$00000000) refers (Special) to libshutdown2.o(.ARM.Collect$$libshutdown$$00000004) for __rt_lib_shutdown_stdio_1
    libshutdown.o(.ARM.Collect$$libshutdown$$00000000) refers (Special) to libshutdown2.o(.ARM.Collect$$libshutdown$$0000000C) for __rt_lib_shutdown_user_alloc_1
    rt_raise.o(.text) refers to __raise.o(.text) for __raise
    rt_raise.o(.text) refers to sys_exit.o(.text) for _sys_exit
    defsig_exit.o(.text) refers to sys_exit.o(.text) for _sys_exit
    defsig_rtmem_inner.o(.text) refers to defsig_general.o(.text) for __default_signal_display
    __raise.o(.text) refers to defsig.o(CL$$defsig) for __default_signal_handler
    defsig_general.o(.text) refers to sys_wrch.o(.text) for _ttywrch
    sys_wrch.o(.text) refers (Special) to use_no_semi.o(.text) for __I$use$semihosting
    sys_wrch.o(.text) refers (Special) to indicate_semi.o(.text) for __semihosting_library_function
    defsig.o(CL$$defsig) refers to defsig_rtmem_inner.o(.text) for __rt_SIGRTMEM_inner
    defsig_abrt_inner.o(.text) refers to defsig_general.o(.text) for __default_signal_display
    defsig_fpe_inner.o(.text) refers to defsig_general.o(.text) for __default_signal_display
    defsig_rtred_inner.o(.text) refers to defsig_general.o(.text) for __default_signal_display
    defsig_stak_inner.o(.text) refers to defsig_general.o(.text) for __default_signal_display
    defsig_pvfn_inner.o(.text) refers to defsig_general.o(.text) for __default_signal_display
    defsig_cppl_inner.o(.text) refers to defsig_general.o(.text) for __default_signal_display
    defsig_segv_inner.o(.text) refers to defsig_general.o(.text) for __default_signal_display
    defsig_other.o(.text) refers to defsig_general.o(.text) for __default_signal_display


==============================================================================

Removing Unused input sections from the image.

    Removing main.o(.rev16_text), (4 bytes).
    Removing main.o(.revsh_text), (4 bytes).
    Removing main.o(.rrx_text), (6 bytes).
    Removing system_stm32f4xx.o(.rev16_text), (4 bytes).
    Removing system_stm32f4xx.o(.revsh_text), (4 bytes).
    Removing system_stm32f4xx.o(.rrx_text), (6 bytes).
    Removing system_stm32f4xx.o(i.SystemCoreClockUpdate), (192 bytes).
    Removing system_stm32f4xx.o(.constdata), (24 bytes).
    Removing system_stm32f4xx.o(.data), (4 bytes).
    Removing mygpio.o(.rev16_text), (4 bytes).
    Removing mygpio.o(.revsh_text), (4 bytes).
    Removing mygpio.o(.rrx_text), (6 bytes).
    Removing mygpio.o(i.GPIO_mode), (28 bytes).
    Removing mygpio.o(i.GPIO_ospeed), (28 bytes).
    Removing mygpio.o(i.GPIO_otype), (24 bytes).
    Removing mygpio.o(i.GPIO_pudr), (28 bytes).
    Removing mygpio.o(i.GPIO_read), (14 bytes).
    Removing mygpio.o(i.GPIO_write), (24 bytes).
    Removing mygpio.o(i.LED_init), (20 bytes).
    Removing mygpio.o(i.LED_off), (20 bytes).
    Removing mygpio.o(i.LED_on), (20 bytes).
    Removing mygpio.o(i.LED_toggle), (20 bytes).
    Removing mygpio.o(i.SevenSegment_init), (92 bytes).
    Removing mygpio.o(i.SevenSegment_on), (176 bytes).
    Removing mypwm.o(.rev16_text), (4 bytes).
    Removing mypwm.o(.revsh_text), (4 bytes).
    Removing mypwm.o(.rrx_text), (6 bytes).
    Removing myrcc.o(.rev16_text), (4 bytes).
    Removing myrcc.o(.revsh_text), (4 bytes).
    Removing myrcc.o(.rrx_text), (6 bytes).
    Removing myrcc.o(i.RCC_HSI_init), (72 bytes).
    Removing mysystick.o(.rev16_text), (4 bytes).
    Removing mysystick.o(.revsh_text), (4 bytes).
    Removing mysystick.o(.rrx_text), (6 bytes).
    Removing myuart.o(.rev16_text), (4 bytes).
    Removing myuart.o(.revsh_text), (4 bytes).
    Removing myuart.o(.rrx_text), (6 bytes).
    Removing myuart.o(i.USART_read), (20 bytes).
    Removing myuart.o(i.fgetc), (20 bytes).
    Removing mytim.o(.rev16_text), (4 bytes).
    Removing mytim.o(.revsh_text), (4 bytes).
    Removing mytim.o(.rrx_text), (6 bytes).
    Removing mytim.o(i.CAP_setup), (356 bytes).

43 unused section(s) (total 1294 bytes) removed from the image.

==============================================================================

Image Symbol Table

    Local Symbols

    Symbol Name                              Value     Ov Type        Size  Object(Section)

    ../clib/angel/boardlib.s                 0x00000000   Number         0  boardinit2.o ABSOLUTE
    ../clib/angel/boardlib.s                 0x00000000   Number         0  boardinit3.o ABSOLUTE
    ../clib/angel/boardlib.s                 0x00000000   Number         0  boardshut.o ABSOLUTE
    ../clib/angel/boardlib.s                 0x00000000   Number         0  boardinit1.o ABSOLUTE
    ../clib/angel/handlers.s                 0x00000000   Number         0  __scatter_zi.o ABSOLUTE
    ../clib/angel/handlers.s                 0x00000000   Number         0  __scatter_copy.o ABSOLUTE
    ../clib/angel/kernel.s                   0x00000000   Number         0  __rtentry4.o ABSOLUTE
    ../clib/angel/kernel.s                   0x00000000   Number         0  rtexit.o ABSOLUTE
    ../clib/angel/kernel.s                   0x00000000   Number         0  __rtentry.o ABSOLUTE
    ../clib/angel/kernel.s                   0x00000000   Number         0  rtexit2.o ABSOLUTE
    ../clib/angel/kernel.s                   0x00000000   Number         0  __rtentry2.o ABSOLUTE
    ../clib/angel/rt.s                       0x00000000   Number         0  rt_raise.o ABSOLUTE
    ../clib/angel/rt.s                       0x00000000   Number         0  rt_locale_intlibspace.o ABSOLUTE
    ../clib/angel/rt.s                       0x00000000   Number         0  rt_locale.o ABSOLUTE
    ../clib/angel/scatter.s                  0x00000000   Number         0  __scatter.o ABSOLUTE
    ../clib/angel/startup.s                  0x00000000   Number         0  __main.o ABSOLUTE
    ../clib/angel/sys.s                      0x00000000   Number         0  libspace.o ABSOLUTE
    ../clib/angel/sys.s                      0x00000000   Number         0  sys_stackheap_outer.o ABSOLUTE
    ../clib/angel/sys.s                      0x00000000   Number         0  indicate_semi.o ABSOLUTE
    ../clib/angel/sys.s                      0x00000000   Number         0  use_no_semi.o ABSOLUTE
    ../clib/angel/sysapp.c                   0x00000000   Number         0  sys_command.o ABSOLUTE
    ../clib/angel/sysapp.c                   0x00000000   Number         0  sys_exit.o ABSOLUTE
    ../clib/angel/sysapp.c                   0x00000000   Number         0  sys_wrch.o ABSOLUTE
    ../clib/armsys.c                         0x00000000   Number         0  argv_veneer.o ABSOLUTE
    ../clib/armsys.c                         0x00000000   Number         0  argv_veneer.o ABSOLUTE
    ../clib/armsys.c                         0x00000000   Number         0  _get_argv_nomalloc.o ABSOLUTE
    ../clib/armsys.c                         0x00000000   Number         0  no_argv.o ABSOLUTE
    ../clib/bigflt.c                         0x00000000   Number         0  bigflt0.o ABSOLUTE
    ../clib/btod.s                           0x00000000   Number         0  btod.o ABSOLUTE
    ../clib/heapalloc.c                      0x00000000   Number         0  hrguard.o ABSOLUTE
    ../clib/heapaux.c                        0x00000000   Number         0  heapauxi.o ABSOLUTE
    ../clib/libinit.s                        0x00000000   Number         0  libshutdown.o ABSOLUTE
    ../clib/libinit.s                        0x00000000   Number         0  libshutdown2.o ABSOLUTE
    ../clib/libinit.s                        0x00000000   Number         0  libinit2.o ABSOLUTE
    ../clib/libinit.s                        0x00000000   Number         0  libinit.o ABSOLUTE
    ../clib/locale.s                         0x00000000   Number         0  lc_numeric_c.o ABSOLUTE
    ../clib/longlong.s                       0x00000000   Number         0  lludiv10.o ABSOLUTE
    ../clib/memcpset.s                       0x00000000   Number         0  strcmpv7m.o ABSOLUTE
    ../clib/misc.s                           0x00000000   Number         0  printf_stubs.o ABSOLUTE
    ../clib/printf.c                         0x00000000   Number         0  __2printf.o ABSOLUTE
    ../clib/printf.c                         0x00000000   Number         0  __printf_wp.o ABSOLUTE
    ../clib/printf.c                         0x00000000   Number         0  __printf_nopercent.o ABSOLUTE
    ../clib/printf.c                         0x00000000   Number         0  _printf_char_common.o ABSOLUTE
    ../clib/printf.c                         0x00000000   Number         0  __printf_ss_wp.o ABSOLUTE
    ../clib/printf.c                         0x00000000   Number         0  __printf_flags_ss_wp.o ABSOLUTE
    ../clib/printf.c                         0x00000000   Number         0  __printf_flags_ss.o ABSOLUTE
    ../clib/printf.c                         0x00000000   Number         0  __printf.o ABSOLUTE
    ../clib/printf.c                         0x00000000   Number         0  noretval__2printf.o ABSOLUTE
    ../clib/printf.c                         0x00000000   Number         0  __printf_flags.o ABSOLUTE
    ../clib/printf.c                         0x00000000   Number         0  __printf_flags_wp.o ABSOLUTE
    ../clib/printf.c                         0x00000000   Number         0  _printf_char_file.o ABSOLUTE
    ../clib/printf.c                         0x00000000   Number         0  __printf_ss.o ABSOLUTE
    ../clib/printf.c                         0x00000000   Number         0  _printf_fp_dec.o ABSOLUTE
    ../clib/printf.c                         0x00000000   Number         0  _printf_fp_infnan.o ABSOLUTE
    ../clib/printf_percent.s                 0x00000000   Number         0  _printf_percent_end.o ABSOLUTE
    ../clib/printf_percent.s                 0x00000000   Number         0  _printf_f.o ABSOLUTE
    ../clib/printf_percent.s                 0x00000000   Number         0  _printf_percent.o ABSOLUTE
    ../clib/signal.c                         0x00000000   Number         0  defsig_fpe_inner.o ABSOLUTE
    ../clib/signal.c                         0x00000000   Number         0  defsig_abrt_inner.o ABSOLUTE
    ../clib/signal.c                         0x00000000   Number         0  __raise.o ABSOLUTE
    ../clib/signal.c                         0x00000000   Number         0  defsig_rtmem_inner.o ABSOLUTE
    ../clib/signal.c                         0x00000000   Number         0  defsig_exit.o ABSOLUTE
    ../clib/signal.c                         0x00000000   Number         0  defsig_rtmem_formal.o ABSOLUTE
    ../clib/signal.c                         0x00000000   Number         0  defsig_rtmem_outer.o ABSOLUTE
    ../clib/signal.c                         0x00000000   Number         0  defsig_general.o ABSOLUTE
    ../clib/signal.c                         0x00000000   Number         0  defsig_other.o ABSOLUTE
    ../clib/signal.c                         0x00000000   Number         0  defsig_segv_inner.o ABSOLUTE
    ../clib/signal.c                         0x00000000   Number         0  defsig_cppl_inner.o ABSOLUTE
    ../clib/signal.c                         0x00000000   Number         0  defsig_pvfn_inner.o ABSOLUTE
    ../clib/signal.c                         0x00000000   Number         0  defsig_stak_inner.o ABSOLUTE
    ../clib/signal.c                         0x00000000   Number         0  defsig_rtred_inner.o ABSOLUTE
    ../clib/signal.s                         0x00000000   Number         0  defsig.o ABSOLUTE
    ../clib/stdio.c                          0x00000000   Number         0  ferror_locked.o ABSOLUTE
    ../clib/stdio.c                          0x00000000   Number         0  ferror.o ABSOLUTE
    ../clib/stdlib.c                         0x00000000   Number         0  exit.o ABSOLUTE
    ../fplib/daddsub.s                       0x00000000   Number         0  daddsub_clz.o ABSOLUTE
    ../fplib/dcmpi.s                         0x00000000   Number         0  dcmpi.o ABSOLUTE
    ../fplib/dfixu.s                         0x00000000   Number         0  dfixu.o ABSOLUTE
    ../fplib/dleqf.s                         0x00000000   Number         0  dleqf.o ABSOLUTE
    ../fplib/dnaninf.s                       0x00000000   Number         0  dnaninf.o ABSOLUTE
    ../fplib/dretinf.s                       0x00000000   Number         0  dretinf.o ABSOLUTE
    ../fplib/drleqf.s                        0x00000000   Number         0  drleqf.o ABSOLUTE
    ../fplib/drnd.s                          0x00000000   Number         0  drnd.o ABSOLUTE
    ../fplib/f2d.s                           0x00000000   Number         0  f2d.o ABSOLUTE
    ../fplib/fnaninf.s                       0x00000000   Number         0  fnaninf.o ABSOLUTE
    ../fplib/fpinit.s                        0x00000000   Number         0  fpinit.o ABSOLUTE
    ../fplib/istatus.s                       0x00000000   Number         0  istatus.o ABSOLUTE
    ../fplib/printf1.s                       0x00000000   Number         0  printf1.o ABSOLUTE
    ../fplib/usenofp.s                       0x00000000   Number         0  usenofp.o ABSOLUTE
    ../mathlib/fpclassify.c                  0x00000000   Number         0  fpclassify.o ABSOLUTE
    ../mathlib/round.c                       0x00000000   Number         0  round.o ABSOLUTE
    ..\..\..\Sources\Sources_mod\myGPIO.c    0x00000000   Number         0  mygpio.o ABSOLUTE
    ..\..\..\Sources\Sources_mod\myPWM.c     0x00000000   Number         0  mypwm.o ABSOLUTE
    ..\..\..\Sources\Sources_mod\myRCC.c     0x00000000   Number         0  myrcc.o ABSOLUTE
    ..\..\..\Sources\Sources_mod\mySysTick.c 0x00000000   Number         0  mysystick.o ABSOLUTE
    ..\..\..\Sources\Sources_mod\myTIM.c     0x00000000   Number         0  mytim.o ABSOLUTE
    ..\..\..\Sources\Sources_mod\myUART.c    0x00000000   Number         0  myuart.o ABSOLUTE
    ..\\..\\..\\Sources\\Sources_mod\\myGPIO.c 0x00000000   Number         0  mygpio.o ABSOLUTE
    ..\\..\\..\\Sources\\Sources_mod\\myPWM.c 0x00000000   Number         0  mypwm.o ABSOLUTE
    ..\\..\\..\\Sources\\Sources_mod\\myRCC.c 0x00000000   Number         0  myrcc.o ABSOLUTE
    ..\\..\\..\\Sources\\Sources_mod\\mySysTick.c 0x00000000   Number         0  mysystick.o ABSOLUTE
    ..\\..\\..\\Sources\\Sources_mod\\myTIM.c 0x00000000   Number         0  mytim.o ABSOLUTE
    ..\\..\\..\\Sources\\Sources_mod\\myUART.c 0x00000000   Number         0  myuart.o ABSOLUTE
    dc.s                                     0x00000000   Number         0  dc.o ABSOLUTE
    main.c                                   0x00000000   Number         0  main.o ABSOLUTE
    main.c                                   0x00000000   Number         0  main.o ABSOLUTE
    startup_stm32f411xe.s                    0x00000000   Number         0  startup_stm32f411xe.o ABSOLUTE
    system_stm32f4xx.c                       0x00000000   Number         0  system_stm32f4xx.o ABSOLUTE
    system_stm32f4xx.c                       0x00000000   Number         0  system_stm32f4xx.o ABSOLUTE
    RESET                                    0x08000000   Section      408  startup_stm32f411xe.o(RESET)
    !!!main                                  0x08000198   Section        8  __main.o(!!!main)
    !!!scatter                               0x080001a0   Section       52  __scatter.o(!!!scatter)
    !!handler_copy                           0x080001d4   Section       26  __scatter_copy.o(!!handler_copy)
    !!handler_zi                             0x080001f0   Section       28  __scatter_zi.o(!!handler_zi)
    .ARM.Collect$$_printf_percent$$00000000  0x0800020c   Section        0  _printf_percent.o(.ARM.Collect$$_printf_percent$$00000000)
    .ARM.Collect$$_printf_percent$$00000003  0x0800020c   Section        6  _printf_f.o(.ARM.Collect$$_printf_percent$$00000003)
    .ARM.Collect$$_printf_percent$$00000017  0x08000212   Section        4  _printf_percent_end.o(.ARM.Collect$$_printf_percent$$00000017)
    .ARM.Collect$$libinit$$00000000          0x08000216   Section        2  libinit.o(.ARM.Collect$$libinit$$00000000)
    .ARM.Collect$$libinit$$00000001          0x08000218   Section        4  libinit2.o(.ARM.Collect$$libinit$$00000001)
    .ARM.Collect$$libinit$$00000004          0x0800021c   Section        0  libinit2.o(.ARM.Collect$$libinit$$00000004)
    .ARM.Collect$$libinit$$0000000A          0x0800021c   Section        0  libinit2.o(.ARM.Collect$$libinit$$0000000A)
    .ARM.Collect$$libinit$$0000000C          0x0800021c   Section        0  libinit2.o(.ARM.Collect$$libinit$$0000000C)
    .ARM.Collect$$libinit$$0000000E          0x0800021c   Section        0  libinit2.o(.ARM.Collect$$libinit$$0000000E)
    .ARM.Collect$$libinit$$0000000F          0x0800021c   Section        6  libinit2.o(.ARM.Collect$$libinit$$0000000F)
    .ARM.Collect$$libinit$$00000011          0x08000222   Section        0  libinit2.o(.ARM.Collect$$libinit$$00000011)
    .ARM.Collect$$libinit$$00000013          0x08000222   Section        0  libinit2.o(.ARM.Collect$$libinit$$00000013)
    .ARM.Collect$$libinit$$00000015          0x08000222   Section        0  libinit2.o(.ARM.Collect$$libinit$$00000015)
    .ARM.Collect$$libinit$$00000016          0x08000222   Section       10  libinit2.o(.ARM.Collect$$libinit$$00000016)
    .ARM.Collect$$libinit$$00000017          0x0800022c   Section        0  libinit2.o(.ARM.Collect$$libinit$$00000017)
    .ARM.Collect$$libinit$$00000019          0x0800022c   Section        0  libinit2.o(.ARM.Collect$$libinit$$00000019)
    .ARM.Collect$$libinit$$0000001B          0x0800022c   Section        0  libinit2.o(.ARM.Collect$$libinit$$0000001B)
    .ARM.Collect$$libinit$$0000001D          0x0800022c   Section        0  libinit2.o(.ARM.Collect$$libinit$$0000001D)
    .ARM.Collect$$libinit$$0000001F          0x0800022c   Section        0  libinit2.o(.ARM.Collect$$libinit$$0000001F)
    .ARM.Collect$$libinit$$00000021          0x0800022c   Section        0  libinit2.o(.ARM.Collect$$libinit$$00000021)
    .ARM.Collect$$libinit$$00000023          0x0800022c   Section        0  libinit2.o(.ARM.Collect$$libinit$$00000023)
    .ARM.Collect$$libinit$$00000025          0x0800022c   Section        0  libinit2.o(.ARM.Collect$$libinit$$00000025)
    .ARM.Collect$$libinit$$0000002C          0x0800022c   Section        0  libinit2.o(.ARM.Collect$$libinit$$0000002C)
    .ARM.Collect$$libinit$$0000002E          0x0800022c   Section        0  libinit2.o(.ARM.Collect$$libinit$$0000002E)
    .ARM.Collect$$libinit$$00000030          0x0800022c   Section        0  libinit2.o(.ARM.Collect$$libinit$$00000030)
    .ARM.Collect$$libinit$$00000032          0x0800022c   Section        0  libinit2.o(.ARM.Collect$$libinit$$00000032)
    .ARM.Collect$$libinit$$00000033          0x0800022c   Section        2  libinit2.o(.ARM.Collect$$libinit$$00000033)
    .ARM.Collect$$libshutdown$$00000000      0x0800022e   Section        2  libshutdown.o(.ARM.Collect$$libshutdown$$00000000)
    .ARM.Collect$$libshutdown$$00000002      0x08000230   Section        0  libshutdown2.o(.ARM.Collect$$libshutdown$$00000002)
    .ARM.Collect$$libshutdown$$00000004      0x08000230   Section        0  libshutdown2.o(.ARM.Collect$$libshutdown$$00000004)
    .ARM.Collect$$libshutdown$$00000007      0x08000230   Section        0  libshutdown2.o(.ARM.Collect$$libshutdown$$00000007)
    .ARM.Collect$$libshutdown$$0000000A      0x08000230   Section        0  libshutdown2.o(.ARM.Collect$$libshutdown$$0000000A)
    .ARM.Collect$$libshutdown$$0000000C      0x08000230   Section        0  libshutdown2.o(.ARM.Collect$$libshutdown$$0000000C)
    .ARM.Collect$$libshutdown$$0000000F      0x08000230   Section        0  libshutdown2.o(.ARM.Collect$$libshutdown$$0000000F)
    .ARM.Collect$$libshutdown$$00000010      0x08000230   Section        2  libshutdown2.o(.ARM.Collect$$libshutdown$$00000010)
    .ARM.Collect$$rtentry$$00000000          0x08000232   Section        0  __rtentry.o(.ARM.Collect$$rtentry$$00000000)
    .ARM.Collect$$rtentry$$00000002          0x08000232   Section        0  __rtentry2.o(.ARM.Collect$$rtentry$$00000002)
    .ARM.Collect$$rtentry$$00000004          0x08000232   Section        6  __rtentry4.o(.ARM.Collect$$rtentry$$00000004)
    .ARM.Collect$$rtentry$$00000009          0x08000238   Section        0  __rtentry2.o(.ARM.Collect$$rtentry$$00000009)
    .ARM.Collect$$rtentry$$0000000A          0x08000238   Section        4  __rtentry2.o(.ARM.Collect$$rtentry$$0000000A)
    .ARM.Collect$$rtentry$$0000000C          0x0800023c   Section        0  __rtentry2.o(.ARM.Collect$$rtentry$$0000000C)
    .ARM.Collect$$rtentry$$0000000D          0x0800023c   Section        8  __rtentry2.o(.ARM.Collect$$rtentry$$0000000D)
    .ARM.Collect$$rtexit$$00000000           0x08000244   Section        2  rtexit.o(.ARM.Collect$$rtexit$$00000000)
    .ARM.Collect$$rtexit$$00000002           0x08000246   Section        0  rtexit2.o(.ARM.Collect$$rtexit$$00000002)
    .ARM.Collect$$rtexit$$00000003           0x08000246   Section        4  rtexit2.o(.ARM.Collect$$rtexit$$00000003)
    .ARM.Collect$$rtexit$$00000004           0x0800024a   Section        6  rtexit2.o(.ARM.Collect$$rtexit$$00000004)
    .text                                    0x08000250   Section       64  startup_stm32f411xe.o(.text)
    $v0                                      0x08000250   Number         0  startup_stm32f411xe.o(.text)
    .text                                    0x08000290   Section        0  noretval__2printf.o(.text)
    .text                                    0x080002a8   Section        0  __printf_wp.o(.text)
    .text                                    0x080003b6   Section        0  heapauxi.o(.text)
    .text                                    0x080003bc   Section        0  _printf_fp_dec.o(.text)
    _fp_digits                               0x080003bf   Thumb Code   432  _printf_fp_dec.o(.text)
    .text                                    0x080007dc   Section        0  _printf_char_file.o(.text)
    .text                                    0x08000800   Section        8  rt_locale_intlibspace.o(.text)
    .text                                    0x08000808   Section      138  lludiv10.o(.text)
    .text                                    0x08000894   Section        0  _printf_char_common.o(.text)
    _printf_input_char                       0x08000895   Thumb Code    10  _printf_char_common.o(.text)
    .text                                    0x080008c4   Section        0  _printf_fp_infnan.o(.text)
    .text                                    0x08000944   Section        0  bigflt0.o(.text)
    .text                                    0x08000a28   Section        0  ferror.o(.text)
    .text                                    0x08000a30   Section        8  libspace.o(.text)
    .text                                    0x08000a38   Section       74  sys_stackheap_outer.o(.text)
    .text                                    0x08000a82   Section        0  exit.o(.text)
    .text                                    0x08000a94   Section      128  strcmpv7m.o(.text)
    .text                                    0x08000b14   Section        0  sys_exit.o(.text)
    .text                                    0x08000b20   Section        2  use_no_semi.o(.text)
    .text                                    0x08000b22   Section        0  indicate_semi.o(.text)
    CL$$btod_d2e                             0x08000b22   Section       62  btod.o(CL$$btod_d2e)
    CL$$btod_d2e_denorm_low                  0x08000b60   Section       70  btod.o(CL$$btod_d2e_denorm_low)
    CL$$btod_d2e_norm_op1                    0x08000ba6   Section       96  btod.o(CL$$btod_d2e_norm_op1)
    CL$$btod_div_common                      0x08000c06   Section      824  btod.o(CL$$btod_div_common)
    CL$$btod_e2e                             0x08000f3e   Section      220  btod.o(CL$$btod_e2e)
    CL$$btod_ediv                            0x0800101a   Section       42  btod.o(CL$$btod_ediv)
    CL$$btod_emul                            0x08001044   Section       42  btod.o(CL$$btod_emul)
    CL$$btod_mult_common                     0x0800106e   Section      580  btod.o(CL$$btod_mult_common)
    i.CAP_init                               0x080012b4   Section        0  mytim.o(i.CAP_init)
    i.GPIO_init                              0x08001460   Section        0  mygpio.o(i.GPIO_init)
    i.PWM_init                               0x080014f8   Section        0  mypwm.o(i.PWM_init)
    i.PWM_period_ms                          0x08001700   Section        0  mypwm.o(i.PWM_period_ms)
    i.PWM_pulsewidth_ms                      0x0800172c   Section        0  mypwm.o(i.PWM_pulsewidth_ms)
    i.RCC_PLL_init                           0x080017a0   Section        0  myrcc.o(i.RCC_PLL_init)
    i.SysTick_Handler                        0x08001898   Section        0  mysystick.o(i.SysTick_Handler)
    i.SysTick_counter                        0x080018a0   Section        0  mysystick.o(i.SysTick_counter)
    i.SysTick_init                           0x080018b0   Section        0  mysystick.o(i.SysTick_init)
    i.SystemInit                             0x08001934   Section        0  system_stm32f4xx.o(i.SystemInit)
    i.TIM2_IRQHandler                        0x08001998   Section        0  mytim.o(i.TIM2_IRQHandler)
    i.TIM_period_us                          0x08001a70   Section        0  mytim.o(i.TIM_period_us)
    i.TIM_pinmap                             0x08001b10   Section        0  mytim.o(i.TIM_pinmap)
    i.UART2_GPIO_init                        0x08001c60   Section        0  myuart.o(i.UART2_GPIO_init)
    i.UART2_init                             0x08001ce8   Section        0  myuart.o(i.UART2_init)
    i.USART2_IRQHandler                      0x08001d60   Section        0  myuart.o(i.USART2_IRQHandler)
    i.USART_delay                            0x08001d6c   Section        0  myuart.o(i.USART_delay)
    i.USART_init                             0x08001d80   Section        0  myuart.o(i.USART_init)
    i.USART_write                            0x08001e64   Section        0  myuart.o(i.USART_write)
    i.__ARM_fpclassify                       0x08001ea4   Section        0  fpclassify.o(i.__ARM_fpclassify)
    i.__hardfp_round                         0x08001ed8   Section        0  round.o(i.__hardfp_round)
    i._is_digit                              0x08001fb8   Section        0  __printf_wp.o(i._is_digit)
    i.delay                                  0x08001fc8   Section        0  mysystick.o(i.delay)
    i.fputc                                  0x08001fe4   Section        0  myuart.o(i.fputc)
    i.main                                   0x08002000   Section        0  main.o(i.main)
    locale$$code                             0x08002108   Section       44  lc_numeric_c.o(locale$$code)
    x$fpl$dadd                               0x08002134   Section      336  daddsub_clz.o(x$fpl$dadd)
    $v0                                      0x08002134   Number         0  daddsub_clz.o(x$fpl$dadd)
    _dadd1                                   0x08002145   Thumb Code     0  daddsub_clz.o(x$fpl$dadd)
    x$fpl$dcmpinf                            0x08002284   Section       24  dcmpi.o(x$fpl$dcmpinf)
    $v0                                      0x08002284   Number         0  dcmpi.o(x$fpl$dcmpinf)
    x$fpl$dfixu                              0x0800229c   Section       90  dfixu.o(x$fpl$dfixu)
    $v0                                      0x0800229c   Number         0  dfixu.o(x$fpl$dfixu)
    x$fpl$dleqf                              0x080022f8   Section      120  dleqf.o(x$fpl$dleqf)
    $v0                                      0x080022f8   Number         0  dleqf.o(x$fpl$dleqf)
    x$fpl$dnaninf                            0x08002370   Section      156  dnaninf.o(x$fpl$dnaninf)
    $v0                                      0x08002370   Number         0  dnaninf.o(x$fpl$dnaninf)
    x$fpl$dretinf                            0x0800240c   Section       12  dretinf.o(x$fpl$dretinf)
    $v0                                      0x0800240c   Number         0  dretinf.o(x$fpl$dretinf)
    x$fpl$drleqf                             0x08002418   Section      108  drleqf.o(x$fpl$drleqf)
    $v0                                      0x08002418   Number         0  drleqf.o(x$fpl$drleqf)
    x$fpl$drnd                               0x08002484   Section      180  drnd.o(x$fpl$drnd)
    $v0                                      0x08002484   Number         0  drnd.o(x$fpl$drnd)
    x$fpl$dsub                               0x08002538   Section      468  daddsub_clz.o(x$fpl$dsub)
    $v0                                      0x08002538   Number         0  daddsub_clz.o(x$fpl$dsub)
    _dsub1                                   0x08002549   Thumb Code     0  daddsub_clz.o(x$fpl$dsub)
    x$fpl$f2d                                0x0800270c   Section       86  f2d.o(x$fpl$f2d)
    $v0                                      0x0800270c   Number         0  f2d.o(x$fpl$f2d)
    x$fpl$fnaninf                            0x08002762   Section      140  fnaninf.o(x$fpl$fnaninf)
    $v0                                      0x08002762   Number         0  fnaninf.o(x$fpl$fnaninf)
    x$fpl$fpinit                             0x080027ee   Section       10  fpinit.o(x$fpl$fpinit)
    $v0                                      0x080027ee   Number         0  fpinit.o(x$fpl$fpinit)
    x$fpl$printf1                            0x080027f8   Section        4  printf1.o(x$fpl$printf1)
    $v0                                      0x080027f8   Number         0  printf1.o(x$fpl$printf1)
    .constdata                               0x080027fc   Section      148  bigflt0.o(.constdata)
    x$fpl$usenofp                            0x080027fc   Section        0  usenofp.o(x$fpl$usenofp)
    tenpwrs_x                                0x080027fc   Data          60  bigflt0.o(.constdata)
    tenpwrs_i                                0x08002838   Data          64  bigflt0.o(.constdata)
    locale$$data                             0x080028b0   Section       28  lc_numeric_c.o(locale$$data)
    __lcnum_c_name                           0x080028b4   Data           2  lc_numeric_c.o(locale$$data)
    __lcnum_c_start                          0x080028bc   Data           0  lc_numeric_c.o(locale$$data)
    __lcnum_c_point                          0x080028c8   Data           0  lc_numeric_c.o(locale$$data)
    __lcnum_c_thousands                      0x080028ca   Data           0  lc_numeric_c.o(locale$$data)
    __lcnum_c_grouping                       0x080028cb   Data           0  lc_numeric_c.o(locale$$data)
    __lcnum_c_end                            0x080028cc   Data           0  lc_numeric_c.o(locale$$data)
    .data                                    0x20000000   Section        4  mysystick.o(.data)
    .data                                    0x20000004   Section        8  myuart.o(.data)
    .data                                    0x2000000c   Section       16  mytim.o(.data)
    .bss                                     0x2000001c   Section       96  libspace.o(.bss)
    HEAP                                     0x20000080   Section      512  startup_stm32f411xe.o(HEAP)
    Heap_Mem                                 0x20000080   Data         512  startup_stm32f411xe.o(HEAP)
    STACK                                    0x20000280   Section     1024  startup_stm32f411xe.o(STACK)
    Stack_Mem                                0x20000280   Data        1024  startup_stm32f411xe.o(STACK)
    __initial_sp                             0x20000680   Data           0  startup_stm32f411xe.o(STACK)

    Global Symbols

    Symbol Name                              Value     Ov Type        Size  Object(Section)

    BuildAttributes$$THM_ISAv4$E$P$D$K$B$S$7EM$VFPi3$EXTD16$VFPS$VFMA$PE$A:L22UL41UL21$X:L11$S22US41US21$IEEE1$IW$USESV6$~STKCKD$USESV7$~SHL$OTIME$ROPI$IEEEJ$EBA8$UX$STANDARDLIB$REQ8$PRES8$EABIv2 0x00000000   Number         0  anon$$obj.o ABSOLUTE
    __ARM_use_no_argv                        0x00000000   Number         0  main.o ABSOLUTE
    _printf_flags                            0x00000000   Number         0  printf_stubs.o ABSOLUTE
    _printf_return_value                     0x00000000   Number         0  printf_stubs.o ABSOLUTE
    _printf_sizespec                         0x00000000   Number         0  printf_stubs.o ABSOLUTE
    _printf_widthprec                        0x00000000   Number         0  printf_stubs.o ABSOLUTE
    __ARM_exceptions_init                     - Undefined Weak Reference
    __alloca_initialize                       - Undefined Weak Reference
    __arm_preinit_                            - Undefined Weak Reference
    __cpp_initialize__aeabi_                  - Undefined Weak Reference
    __cxa_finalize                            - Undefined Weak Reference
    __sigvec_lookup                           - Undefined Weak Reference
    _atexit_init                              - Undefined Weak Reference
    _call_atexit_fns                          - Undefined Weak Reference
    _clock_init                               - Undefined Weak Reference
    _fp_trap_init                             - Undefined Weak Reference
    _fp_trap_shutdown                         - Undefined Weak Reference
    _get_lc_collate                           - Undefined Weak Reference
    _get_lc_ctype                             - Undefined Weak Reference
    _get_lc_monetary                          - Undefined Weak Reference
    _get_lc_time                              - Undefined Weak Reference
    _getenv_init                              - Undefined Weak Reference
    _handle_redirection                       - Undefined Weak Reference
    _init_alloc                               - Undefined Weak Reference
    _init_user_alloc                          - Undefined Weak Reference
    _initio                                   - Undefined Weak Reference
    _mutex_acquire                            - Undefined Weak Reference
    _mutex_release                            - Undefined Weak Reference
    _printf_post_padding                      - Undefined Weak Reference
    _printf_pre_padding                       - Undefined Weak Reference
    _rand_init                                - Undefined Weak Reference
    _signal_finish                            - Undefined Weak Reference
    _signal_init                              - Undefined Weak Reference
    _terminate_alloc                          - Undefined Weak Reference
    _terminate_user_alloc                     - Undefined Weak Reference
    _terminateio                              - Undefined Weak Reference
    __Vectors_Size                           0x00000198   Number         0  startup_stm32f411xe.o ABSOLUTE
    __Vectors                                0x08000000   Data           4  startup_stm32f411xe.o(RESET)
    __Vectors_End                            0x08000198   Data           0  startup_stm32f411xe.o(RESET)
    __main                                   0x08000199   Thumb Code     8  __main.o(!!!main)
    __scatterload                            0x080001a1   Thumb Code     0  __scatter.o(!!!scatter)
    __scatterload_rt2                        0x080001a1   Thumb Code    44  __scatter.o(!!!scatter)
    __scatterload_rt2_thumb_only             0x080001a1   Thumb Code     0  __scatter.o(!!!scatter)
    __scatterload_null                       0x080001af   Thumb Code     0  __scatter.o(!!!scatter)
    __scatterload_copy                       0x080001d5   Thumb Code    26  __scatter_copy.o(!!handler_copy)
    __scatterload_zeroinit                   0x080001f1   Thumb Code    28  __scatter_zi.o(!!handler_zi)
    _printf_f                                0x0800020d   Thumb Code     0  _printf_f.o(.ARM.Collect$$_printf_percent$$00000003)
    _printf_percent                          0x0800020d   Thumb Code     0  _printf_percent.o(.ARM.Collect$$_printf_percent$$00000000)
    _printf_percent_end                      0x08000213   Thumb Code     0  _printf_percent_end.o(.ARM.Collect$$_printf_percent$$00000017)
    __rt_lib_init                            0x08000217   Thumb Code     0  libinit.o(.ARM.Collect$$libinit$$00000000)
    __rt_lib_init_fp_1                       0x08000219   Thumb Code     0  libinit2.o(.ARM.Collect$$libinit$$00000001)
    __rt_lib_init_heap_1                     0x0800021d   Thumb Code     0  libinit2.o(.ARM.Collect$$libinit$$0000000A)
    __rt_lib_init_lc_common                  0x0800021d   Thumb Code     0  libinit2.o(.ARM.Collect$$libinit$$0000000F)
    __rt_lib_init_preinit_1                  0x0800021d   Thumb Code     0  libinit2.o(.ARM.Collect$$libinit$$00000004)
    __rt_lib_init_rand_1                     0x0800021d   Thumb Code     0  libinit2.o(.ARM.Collect$$libinit$$0000000E)
    __rt_lib_init_user_alloc_1               0x0800021d   Thumb Code     0  libinit2.o(.ARM.Collect$$libinit$$0000000C)
    __rt_lib_init_lc_collate_1               0x08000223   Thumb Code     0  libinit2.o(.ARM.Collect$$libinit$$00000011)
    __rt_lib_init_lc_ctype_1                 0x08000223   Thumb Code     0  libinit2.o(.ARM.Collect$$libinit$$00000013)
    __rt_lib_init_lc_monetary_1              0x08000223   Thumb Code     0  libinit2.o(.ARM.Collect$$libinit$$00000015)
    __rt_lib_init_lc_numeric_2               0x08000223   Thumb Code     0  libinit2.o(.ARM.Collect$$libinit$$00000016)
    __rt_lib_init_alloca_1                   0x0800022d   Thumb Code     0  libinit2.o(.ARM.Collect$$libinit$$0000002E)
    __rt_lib_init_argv_1                     0x0800022d   Thumb Code     0  libinit2.o(.ARM.Collect$$libinit$$0000002C)
    __rt_lib_init_atexit_1                   0x0800022d   Thumb Code     0  libinit2.o(.ARM.Collect$$libinit$$0000001B)
    __rt_lib_init_clock_1                    0x0800022d   Thumb Code     0  libinit2.o(.ARM.Collect$$libinit$$00000021)
    __rt_lib_init_cpp_1                      0x0800022d   Thumb Code     0  libinit2.o(.ARM.Collect$$libinit$$00000032)
    __rt_lib_init_exceptions_1               0x0800022d   Thumb Code     0  libinit2.o(.ARM.Collect$$libinit$$00000030)
    __rt_lib_init_fp_trap_1                  0x0800022d   Thumb Code     0  libinit2.o(.ARM.Collect$$libinit$$0000001F)
    __rt_lib_init_getenv_1                   0x0800022d   Thumb Code     0  libinit2.o(.ARM.Collect$$libinit$$00000023)
    __rt_lib_init_lc_numeric_1               0x0800022d   Thumb Code     0  libinit2.o(.ARM.Collect$$libinit$$00000017)
    __rt_lib_init_lc_time_1                  0x0800022d   Thumb Code     0  libinit2.o(.ARM.Collect$$libinit$$00000019)
    __rt_lib_init_return                     0x0800022d   Thumb Code     0  libinit2.o(.ARM.Collect$$libinit$$00000033)
    __rt_lib_init_signal_1                   0x0800022d   Thumb Code     0  libinit2.o(.ARM.Collect$$libinit$$0000001D)
    __rt_lib_init_stdio_1                    0x0800022d   Thumb Code     0  libinit2.o(.ARM.Collect$$libinit$$00000025)
    __rt_lib_shutdown                        0x0800022f   Thumb Code     0  libshutdown.o(.ARM.Collect$$libshutdown$$00000000)
    __rt_lib_shutdown_cpp_1                  0x08000231   Thumb Code     0  libshutdown2.o(.ARM.Collect$$libshutdown$$00000002)
    __rt_lib_shutdown_fp_trap_1              0x08000231   Thumb Code     0  libshutdown2.o(.ARM.Collect$$libshutdown$$00000007)
    __rt_lib_shutdown_heap_1                 0x08000231   Thumb Code     0  libshutdown2.o(.ARM.Collect$$libshutdown$$0000000F)
    __rt_lib_shutdown_return                 0x08000231   Thumb Code     0  libshutdown2.o(.ARM.Collect$$libshutdown$$00000010)
    __rt_lib_shutdown_signal_1               0x08000231   Thumb Code     0  libshutdown2.o(.ARM.Collect$$libshutdown$$0000000A)
    __rt_lib_shutdown_stdio_1                0x08000231   Thumb Code     0  libshutdown2.o(.ARM.Collect$$libshutdown$$00000004)
    __rt_lib_shutdown_user_alloc_1           0x08000231   Thumb Code     0  libshutdown2.o(.ARM.Collect$$libshutdown$$0000000C)
    __rt_entry                               0x08000233   Thumb Code     0  __rtentry.o(.ARM.Collect$$rtentry$$00000000)
    __rt_entry_presh_1                       0x08000233   Thumb Code     0  __rtentry2.o(.ARM.Collect$$rtentry$$00000002)
    __rt_entry_sh                            0x08000233   Thumb Code     0  __rtentry4.o(.ARM.Collect$$rtentry$$00000004)
    __rt_entry_li                            0x08000239   Thumb Code     0  __rtentry2.o(.ARM.Collect$$rtentry$$0000000A)
    __rt_entry_postsh_1                      0x08000239   Thumb Code     0  __rtentry2.o(.ARM.Collect$$rtentry$$00000009)
    __rt_entry_main                          0x0800023d   Thumb Code     0  __rtentry2.o(.ARM.Collect$$rtentry$$0000000D)
    __rt_entry_postli_1                      0x0800023d   Thumb Code     0  __rtentry2.o(.ARM.Collect$$rtentry$$0000000C)
    __rt_exit                                0x08000245   Thumb Code     0  rtexit.o(.ARM.Collect$$rtexit$$00000000)
    __rt_exit_ls                             0x08000247   Thumb Code     0  rtexit2.o(.ARM.Collect$$rtexit$$00000003)
    __rt_exit_prels_1                        0x08000247   Thumb Code     0  rtexit2.o(.ARM.Collect$$rtexit$$00000002)
    __rt_exit_exit                           0x0800024b   Thumb Code     0  rtexit2.o(.ARM.Collect$$rtexit$$00000004)
    Reset_Handler                            0x08000251   Thumb Code     8  startup_stm32f411xe.o(.text)
    NMI_Handler                              0x08000259   Thumb Code     2  startup_stm32f411xe.o(.text)
    HardFault_Handler                        0x0800025b   Thumb Code     2  startup_stm32f411xe.o(.text)
    MemManage_Handler                        0x0800025d   Thumb Code     2  startup_stm32f411xe.o(.text)
    BusFault_Handler                         0x0800025f   Thumb Code     2  startup_stm32f411xe.o(.text)
    UsageFault_Handler                       0x08000261   Thumb Code     2  startup_stm32f411xe.o(.text)
    SVC_Handler                              0x08000263   Thumb Code     2  startup_stm32f411xe.o(.text)
    DebugMon_Handler                         0x08000265   Thumb Code     2  startup_stm32f411xe.o(.text)
    PendSV_Handler                           0x08000267   Thumb Code     2  startup_stm32f411xe.o(.text)
    ADC_IRQHandler                           0x0800026b   Thumb Code     0  startup_stm32f411xe.o(.text)
    DMA1_Stream0_IRQHandler                  0x0800026b   Thumb Code     0  startup_stm32f411xe.o(.text)
    DMA1_Stream1_IRQHandler                  0x0800026b   Thumb Code     0  startup_stm32f411xe.o(.text)
    DMA1_Stream2_IRQHandler                  0x0800026b   Thumb Code     0  startup_stm32f411xe.o(.text)
    DMA1_Stream3_IRQHandler                  0x0800026b   Thumb Code     0  startup_stm32f411xe.o(.text)
    DMA1_Stream4_IRQHandler                  0x0800026b   Thumb Code     0  startup_stm32f411xe.o(.text)
    DMA1_Stream5_IRQHandler                  0x0800026b   Thumb Code     0  startup_stm32f411xe.o(.text)
    DMA1_Stream6_IRQHandler                  0x0800026b   Thumb Code     0  startup_stm32f411xe.o(.text)
    DMA1_Stream7_IRQHandler                  0x0800026b   Thumb Code     0  startup_stm32f411xe.o(.text)
    DMA2_Stream0_IRQHandler                  0x0800026b   Thumb Code     0  startup_stm32f411xe.o(.text)
    DMA2_Stream1_IRQHandler                  0x0800026b   Thumb Code     0  startup_stm32f411xe.o(.text)
    DMA2_Stream2_IRQHandler                  0x0800026b   Thumb Code     0  startup_stm32f411xe.o(.text)
    DMA2_Stream3_IRQHandler                  0x0800026b   Thumb Code     0  startup_stm32f411xe.o(.text)
    DMA2_Stream4_IRQHandler                  0x0800026b   Thumb Code     0  startup_stm32f411xe.o(.text)
    DMA2_Stream5_IRQHandler                  0x0800026b   Thumb Code     0  startup_stm32f411xe.o(.text)
    DMA2_Stream6_IRQHandler                  0x0800026b   Thumb Code     0  startup_stm32f411xe.o(.text)
    DMA2_Stream7_IRQHandler                  0x0800026b   Thumb Code     0  startup_stm32f411xe.o(.text)
    EXTI0_IRQHandler                         0x0800026b   Thumb Code     0  startup_stm32f411xe.o(.text)
    EXTI15_10_IRQHandler                     0x0800026b   Thumb Code     0  startup_stm32f411xe.o(.text)
    EXTI1_IRQHandler                         0x0800026b   Thumb Code     0  startup_stm32f411xe.o(.text)
    EXTI2_IRQHandler                         0x0800026b   Thumb Code     0  startup_stm32f411xe.o(.text)
    EXTI3_IRQHandler                         0x0800026b   Thumb Code     0  startup_stm32f411xe.o(.text)
    EXTI4_IRQHandler                         0x0800026b   Thumb Code     0  startup_stm32f411xe.o(.text)
    EXTI9_5_IRQHandler                       0x0800026b   Thumb Code     0  startup_stm32f411xe.o(.text)
    FLASH_IRQHandler                         0x0800026b   Thumb Code     0  startup_stm32f411xe.o(.text)
    FPU_IRQHandler                           0x0800026b   Thumb Code     0  startup_stm32f411xe.o(.text)
    I2C1_ER_IRQHandler                       0x0800026b   Thumb Code     0  startup_stm32f411xe.o(.text)
    I2C1_EV_IRQHandler                       0x0800026b   Thumb Code     0  startup_stm32f411xe.o(.text)
    I2C2_ER_IRQHandler                       0x0800026b   Thumb Code     0  startup_stm32f411xe.o(.text)
    I2C2_EV_IRQHandler                       0x0800026b   Thumb Code     0  startup_stm32f411xe.o(.text)
    I2C3_ER_IRQHandler                       0x0800026b   Thumb Code     0  startup_stm32f411xe.o(.text)
    I2C3_EV_IRQHandler                       0x0800026b   Thumb Code     0  startup_stm32f411xe.o(.text)
    OTG_FS_IRQHandler                        0x0800026b   Thumb Code     0  startup_stm32f411xe.o(.text)
    OTG_FS_WKUP_IRQHandler                   0x0800026b   Thumb Code     0  startup_stm32f411xe.o(.text)
    PVD_IRQHandler                           0x0800026b   Thumb Code     0  startup_stm32f411xe.o(.text)
    RCC_IRQHandler                           0x0800026b   Thumb Code     0  startup_stm32f411xe.o(.text)
    RTC_Alarm_IRQHandler                     0x0800026b   Thumb Code     0  startup_stm32f411xe.o(.text)
    RTC_WKUP_IRQHandler                      0x0800026b   Thumb Code     0  startup_stm32f411xe.o(.text)
    SDIO_IRQHandler                          0x0800026b   Thumb Code     0  startup_stm32f411xe.o(.text)
    SPI1_IRQHandler                          0x0800026b   Thumb Code     0  startup_stm32f411xe.o(.text)
    SPI2_IRQHandler                          0x0800026b   Thumb Code     0  startup_stm32f411xe.o(.text)
    SPI3_IRQHandler                          0x0800026b   Thumb Code     0  startup_stm32f411xe.o(.text)
    SPI4_IRQHandler                          0x0800026b   Thumb Code     0  startup_stm32f411xe.o(.text)
    SPI5_IRQHandler                          0x0800026b   Thumb Code     0  startup_stm32f411xe.o(.text)
    TAMP_STAMP_IRQHandler                    0x0800026b   Thumb Code     0  startup_stm32f411xe.o(.text)
    TIM1_BRK_TIM9_IRQHandler                 0x0800026b   Thumb Code     0  startup_stm32f411xe.o(.text)
    TIM1_CC_IRQHandler                       0x0800026b   Thumb Code     0  startup_stm32f411xe.o(.text)
    TIM1_TRG_COM_TIM11_IRQHandler            0x0800026b   Thumb Code     0  startup_stm32f411xe.o(.text)
    TIM1_UP_TIM10_IRQHandler                 0x0800026b   Thumb Code     0  startup_stm32f411xe.o(.text)
    TIM3_IRQHandler                          0x0800026b   Thumb Code     0  startup_stm32f411xe.o(.text)
    TIM4_IRQHandler                          0x0800026b   Thumb Code     0  startup_stm32f411xe.o(.text)
    TIM5_IRQHandler                          0x0800026b   Thumb Code     0  startup_stm32f411xe.o(.text)
    USART1_IRQHandler                        0x0800026b   Thumb Code     0  startup_stm32f411xe.o(.text)
    USART6_IRQHandler                        0x0800026b   Thumb Code     0  startup_stm32f411xe.o(.text)
    WWDG_IRQHandler                          0x0800026b   Thumb Code     0  startup_stm32f411xe.o(.text)
    __user_initial_stackheap                 0x0800026d   Thumb Code     0  startup_stm32f411xe.o(.text)
    __2printf                                0x08000291   Thumb Code    20  noretval__2printf.o(.text)
    __printf                                 0x080002a9   Thumb Code   270  __printf_wp.o(.text)
    __use_two_region_memory                  0x080003b7   Thumb Code     2  heapauxi.o(.text)
    __rt_heap_escrow$2region                 0x080003b9   Thumb Code     2  heapauxi.o(.text)
    __rt_heap_expand$2region                 0x080003bb   Thumb Code     2  heapauxi.o(.text)
    __lib_sel_fp_printf                      0x080003bd   Thumb Code     2  _printf_fp_dec.o(.text)
    _printf_fp_dec_real                      0x0800056f   Thumb Code   620  _printf_fp_dec.o(.text)
    _printf_char_file                        0x080007dd   Thumb Code    32  _printf_char_file.o(.text)
    __rt_locale                              0x08000801   Thumb Code     8  rt_locale_intlibspace.o(.text)
    _ll_udiv10                               0x08000809   Thumb Code   138  lludiv10.o(.text)
    _printf_char_common                      0x0800089f   Thumb Code    32  _printf_char_common.o(.text)
    _printf_fp_infnan                        0x080008c5   Thumb Code   112  _printf_fp_infnan.o(.text)
    _btod_etento                             0x08000945   Thumb Code   224  bigflt0.o(.text)
    ferror                                   0x08000a29   Thumb Code     8  ferror.o(.text)
    __user_libspace                          0x08000a31   Thumb Code     8  libspace.o(.text)
    __user_perproc_libspace                  0x08000a31   Thumb Code     0  libspace.o(.text)
    __user_perthread_libspace                0x08000a31   Thumb Code     0  libspace.o(.text)
    __user_setup_stackheap                   0x08000a39   Thumb Code    74  sys_stackheap_outer.o(.text)
    exit                                     0x08000a83   Thumb Code    18  exit.o(.text)
    strcmp                                   0x08000a95   Thumb Code   128  strcmpv7m.o(.text)
    _sys_exit                                0x08000b15   Thumb Code     8  sys_exit.o(.text)
    __I$use$semihosting                      0x08000b21   Thumb Code     0  use_no_semi.o(.text)
    __use_no_semihosting_swi                 0x08000b21   Thumb Code     2  use_no_semi.o(.text)
    __semihosting_library_function           0x08000b23   Thumb Code     0  indicate_semi.o(.text)
    _btod_d2e                                0x08000b23   Thumb Code    62  btod.o(CL$$btod_d2e)
    _d2e_denorm_low                          0x08000b61   Thumb Code    70  btod.o(CL$$btod_d2e_denorm_low)
    _d2e_norm_op1                            0x08000ba7   Thumb Code    96  btod.o(CL$$btod_d2e_norm_op1)
    __btod_div_common                        0x08000c07   Thumb Code   696  btod.o(CL$$btod_div_common)
    _e2e                                     0x08000f3f   Thumb Code   220  btod.o(CL$$btod_e2e)
    _btod_ediv                               0x0800101b   Thumb Code    42  btod.o(CL$$btod_ediv)
    _btod_emul                               0x08001045   Thumb Code    42  btod.o(CL$$btod_emul)
    __btod_mult_common                       0x0800106f   Thumb Code   580  btod.o(CL$$btod_mult_common)
    CAP_init                                 0x080012b5   Thumb Code   418  mytim.o(i.CAP_init)
    GPIO_init                                0x08001461   Thumb Code   132  mygpio.o(i.GPIO_init)
    PWM_init                                 0x080014f9   Thumb Code   508  mypwm.o(i.PWM_init)
    PWM_period_ms                            0x08001701   Thumb Code    38  mypwm.o(i.PWM_period_ms)
    PWM_pulsewidth_ms                        0x0800172d   Thumb Code   110  mypwm.o(i.PWM_pulsewidth_ms)
    RCC_PLL_init                             0x080017a1   Thumb Code   238  myrcc.o(i.RCC_PLL_init)
    SysTick_Handler                          0x08001899   Thumb Code     8  mysystick.o(i.SysTick_Handler)
    SysTick_counter                          0x080018a1   Thumb Code    12  mysystick.o(i.SysTick_counter)
    SysTick_init                             0x080018b1   Thumb Code   120  mysystick.o(i.SysTick_init)
    SystemInit                               0x08001935   Thumb Code    82  system_stm32f4xx.o(i.SystemInit)
    TIM2_IRQHandler                          0x08001999   Thumb Code   198  mytim.o(i.TIM2_IRQHandler)
    TIM_period_us                            0x08001a71   Thumb Code   140  mytim.o(i.TIM_period_us)
    TIM_pinmap                               0x08001b11   Thumb Code   310  mytim.o(i.TIM_pinmap)
    UART2_GPIO_init                          0x08001c61   Thumb Code   126  myuart.o(i.UART2_GPIO_init)
    UART2_init                               0x08001ce9   Thumb Code   102  myuart.o(i.UART2_init)
    USART2_IRQHandler                        0x08001d61   Thumb Code     6  myuart.o(i.USART2_IRQHandler)
    USART_delay                              0x08001d6d   Thumb Code    20  myuart.o(i.USART_delay)
    USART_init                               0x08001d81   Thumb Code   222  myuart.o(i.USART_init)
    USART_write                              0x08001e65   Thumb Code    64  myuart.o(i.USART_write)
    __ARM_fpclassify                         0x08001ea5   Thumb Code    48  fpclassify.o(i.__ARM_fpclassify)
    __hardfp_round                           0x08001ed9   Thumb Code   194  round.o(i.__hardfp_round)
    _is_digit                                0x08001fb9   Thumb Code    14  __printf_wp.o(i._is_digit)
    delay                                    0x08001fc9   Thumb Code    24  mysystick.o(i.delay)
    fputc                                    0x08001fe5   Thumb Code    24  myuart.o(i.fputc)
    main                                     0x08002001   Thumb Code   216  main.o(i.main)
    _get_lc_numeric                          0x08002109   Thumb Code    44  lc_numeric_c.o(locale$$code)
    __aeabi_dadd                             0x08002135   Thumb Code     0  daddsub_clz.o(x$fpl$dadd)
    _dadd                                    0x08002135   Thumb Code   332  daddsub_clz.o(x$fpl$dadd)
    __fpl_dcmp_Inf                           0x08002285   Thumb Code    24  dcmpi.o(x$fpl$dcmpinf)
    __aeabi_d2uiz                            0x0800229d   Thumb Code     0  dfixu.o(x$fpl$dfixu)
    _dfixu                                   0x0800229d   Thumb Code    90  dfixu.o(x$fpl$dfixu)
    __aeabi_cdcmple                          0x080022f9   Thumb Code     0  dleqf.o(x$fpl$dleqf)
    _dcmple                                  0x080022f9   Thumb Code   120  dleqf.o(x$fpl$dleqf)
    __fpl_dcmple_InfNaN                      0x0800235b   Thumb Code     0  dleqf.o(x$fpl$dleqf)
    __fpl_dnaninf                            0x08002371   Thumb Code   156  dnaninf.o(x$fpl$dnaninf)
    __fpl_dretinf                            0x0800240d   Thumb Code    12  dretinf.o(x$fpl$dretinf)
    __aeabi_cdrcmple                         0x08002419   Thumb Code     0  drleqf.o(x$fpl$drleqf)
    _drcmple                                 0x08002419   Thumb Code   108  drleqf.o(x$fpl$drleqf)
    _drnd                                    0x08002485   Thumb Code   180  drnd.o(x$fpl$drnd)
    __aeabi_dsub                             0x08002539   Thumb Code     0  daddsub_clz.o(x$fpl$dsub)
    _dsub                                    0x08002539   Thumb Code   464  daddsub_clz.o(x$fpl$dsub)
    __aeabi_f2d                              0x0800270d   Thumb Code     0  f2d.o(x$fpl$f2d)
    _f2d                                     0x0800270d   Thumb Code    86  f2d.o(x$fpl$f2d)
    __fpl_fnaninf                            0x08002763   Thumb Code   140  fnaninf.o(x$fpl$fnaninf)
    _fp_init                                 0x080027ef   Thumb Code    10  fpinit.o(x$fpl$fpinit)
    __fplib_config_fpu_vfp                   0x080027f7   Thumb Code     0  fpinit.o(x$fpl$fpinit)
    __fplib_config_pureend_doubles           0x080027f7   Thumb Code     0  fpinit.o(x$fpl$fpinit)
    _printf_fp_dec                           0x080027f9   Thumb Code     4  printf1.o(x$fpl$printf1)
    __I$use$fp                               0x080027fc   Number         0  usenofp.o(x$fpl$usenofp)
    Region$$Table$$Base                      0x08002890   Number         0  anon$$obj.o(Region$$Table)
    Region$$Table$$Limit                     0x080028b0   Number         0  anon$$obj.o(Region$$Table)
    msTicks                                  0x20000000   Data           4  mysystick.o(.data)
    __stdout                                 0x20000004   Data           4  myuart.o(.data)
    __stdin                                  0x20000008   Data           4  myuart.o(.data)
    beg                                      0x2000000c   Data           4  mytim.o(.data)
    end                                      0x20000010   Data           4  mytim.o(.data)
    ovf_cnt                                  0x20000014   Data           4  mytim.o(.data)
    timeInterval                             0x20000018   Data           4  mytim.o(.data)
    __libspace_start                         0x2000001c   Data          96  libspace.o(.bss)
    __temporary_stack_top$libspace           0x2000007c   Data           0  libspace.o(.bss)



==============================================================================

Memory Map of the image

  Image Entry point : 0x08000199

  Load Region LR_IROM1 (Base: 0x08000000, Size: 0x000028e8, Max: 0x00080000, ABSOLUTE)

    Execution Region ER_IROM1 (Exec base: 0x08000000, Load base: 0x08000000, Size: 0x000028cc, Max: 0x00080000, ABSOLUTE)

    Exec Addr    Load Addr    Size         Type   Attr      Idx    E Section Name        Object

    0x08000000   0x08000000   0x00000198   Data   RO           86    RESET               startup_stm32f411xe.o
    0x08000198   0x08000198   0x00000008   Code   RO          501  * !!!main             c_w.l(__main.o)
    0x080001a0   0x080001a0   0x00000034   Code   RO          747    !!!scatter          c_w.l(__scatter.o)
    0x080001d4   0x080001d4   0x0000001a   Code   RO          749    !!handler_copy      c_w.l(__scatter_copy.o)
    0x080001ee   0x080001ee   0x00000002   PAD
    0x080001f0   0x080001f0   0x0000001c   Code   RO          751    !!handler_zi        c_w.l(__scatter_zi.o)
    0x0800020c   0x0800020c   0x00000000   Code   RO          498    .ARM.Collect$$_printf_percent$$00000000  c_w.l(_printf_percent.o)
    0x0800020c   0x0800020c   0x00000006   Code   RO          497    .ARM.Collect$$_printf_percent$$00000003  c_w.l(_printf_f.o)
    0x08000212   0x08000212   0x00000004   Code   RO          520    .ARM.Collect$$_printf_percent$$00000017  c_w.l(_printf_percent_end.o)
    0x08000216   0x08000216   0x00000002   Code   RO          620    .ARM.Collect$$libinit$$00000000  c_w.l(libinit.o)
    0x08000218   0x08000218   0x00000004   Code   RO          621    .ARM.Collect$$libinit$$00000001  c_w.l(libinit2.o)
    0x0800021c   0x0800021c   0x00000000   Code   RO          624    .ARM.Collect$$libinit$$00000004  c_w.l(libinit2.o)
    0x0800021c   0x0800021c   0x00000000   Code   RO          627    .ARM.Collect$$libinit$$0000000A  c_w.l(libinit2.o)
    0x0800021c   0x0800021c   0x00000000   Code   RO          629    .ARM.Collect$$libinit$$0000000C  c_w.l(libinit2.o)
    0x0800021c   0x0800021c   0x00000000   Code   RO          631    .ARM.Collect$$libinit$$0000000E  c_w.l(libinit2.o)
    0x0800021c   0x0800021c   0x00000006   Code   RO          632    .ARM.Collect$$libinit$$0000000F  c_w.l(libinit2.o)
    0x08000222   0x08000222   0x00000000   Code   RO          634    .ARM.Collect$$libinit$$00000011  c_w.l(libinit2.o)
    0x08000222   0x08000222   0x00000000   Code   RO          636    .ARM.Collect$$libinit$$00000013  c_w.l(libinit2.o)
    0x08000222   0x08000222   0x00000000   Code   RO          638    .ARM.Collect$$libinit$$00000015  c_w.l(libinit2.o)
    0x08000222   0x08000222   0x0000000a   Code   RO          639    .ARM.Collect$$libinit$$00000016  c_w.l(libinit2.o)
    0x0800022c   0x0800022c   0x00000000   Code   RO          640    .ARM.Collect$$libinit$$00000017  c_w.l(libinit2.o)
    0x0800022c   0x0800022c   0x00000000   Code   RO          642    .ARM.Collect$$libinit$$00000019  c_w.l(libinit2.o)
    0x0800022c   0x0800022c   0x00000000   Code   RO          644    .ARM.Collect$$libinit$$0000001B  c_w.l(libinit2.o)
    0x0800022c   0x0800022c   0x00000000   Code   RO          646    .ARM.Collect$$libinit$$0000001D  c_w.l(libinit2.o)
    0x0800022c   0x0800022c   0x00000000   Code   RO          648    .ARM.Collect$$libinit$$0000001F  c_w.l(libinit2.o)
    0x0800022c   0x0800022c   0x00000000   Code   RO          650    .ARM.Collect$$libinit$$00000021  c_w.l(libinit2.o)
    0x0800022c   0x0800022c   0x00000000   Code   RO          652    .ARM.Collect$$libinit$$00000023  c_w.l(libinit2.o)
    0x0800022c   0x0800022c   0x00000000   Code   RO          654    .ARM.Collect$$libinit$$00000025  c_w.l(libinit2.o)
    0x0800022c   0x0800022c   0x00000000   Code   RO          658    .ARM.Collect$$libinit$$0000002C  c_w.l(libinit2.o)
    0x0800022c   0x0800022c   0x00000000   Code   RO          660    .ARM.Collect$$libinit$$0000002E  c_w.l(libinit2.o)
    0x0800022c   0x0800022c   0x00000000   Code   RO          662    .ARM.Collect$$libinit$$00000030  c_w.l(libinit2.o)
    0x0800022c   0x0800022c   0x00000000   Code   RO          664    .ARM.Collect$$libinit$$00000032  c_w.l(libinit2.o)
    0x0800022c   0x0800022c   0x00000002   Code   RO          665    .ARM.Collect$$libinit$$00000033  c_w.l(libinit2.o)
    0x0800022e   0x0800022e   0x00000002   Code   RO          695    .ARM.Collect$$libshutdown$$00000000  c_w.l(libshutdown.o)
    0x08000230   0x08000230   0x00000000   Code   RO          706    .ARM.Collect$$libshutdown$$00000002  c_w.l(libshutdown2.o)
    0x08000230   0x08000230   0x00000000   Code   RO          708    .ARM.Collect$$libshutdown$$00000004  c_w.l(libshutdown2.o)
    0x08000230   0x08000230   0x00000000   Code   RO          711    .ARM.Collect$$libshutdown$$00000007  c_w.l(libshutdown2.o)
    0x08000230   0x08000230   0x00000000   Code   RO          714    .ARM.Collect$$libshutdown$$0000000A  c_w.l(libshutdown2.o)
    0x08000230   0x08000230   0x00000000   Code   RO          716    .ARM.Collect$$libshutdown$$0000000C  c_w.l(libshutdown2.o)
    0x08000230   0x08000230   0x00000000   Code   RO          719    .ARM.Collect$$libshutdown$$0000000F  c_w.l(libshutdown2.o)
    0x08000230   0x08000230   0x00000002   Code   RO          720    .ARM.Collect$$libshutdown$$00000010  c_w.l(libshutdown2.o)
    0x08000232   0x08000232   0x00000000   Code   RO          515    .ARM.Collect$$rtentry$$00000000  c_w.l(__rtentry.o)
    0x08000232   0x08000232   0x00000000   Code   RO          541    .ARM.Collect$$rtentry$$00000002  c_w.l(__rtentry2.o)
    0x08000232   0x08000232   0x00000006   Code   RO          553    .ARM.Collect$$rtentry$$00000004  c_w.l(__rtentry4.o)
    0x08000238   0x08000238   0x00000000   Code   RO          543    .ARM.Collect$$rtentry$$00000009  c_w.l(__rtentry2.o)
    0x08000238   0x08000238   0x00000004   Code   RO          544    .ARM.Collect$$rtentry$$0000000A  c_w.l(__rtentry2.o)
    0x0800023c   0x0800023c   0x00000000   Code   RO          546    .ARM.Collect$$rtentry$$0000000C  c_w.l(__rtentry2.o)
    0x0800023c   0x0800023c   0x00000008   Code   RO          547    .ARM.Collect$$rtentry$$0000000D  c_w.l(__rtentry2.o)
    0x08000244   0x08000244   0x00000002   Code   RO          666    .ARM.Collect$$rtexit$$00000000  c_w.l(rtexit.o)
    0x08000246   0x08000246   0x00000000   Code   RO          673    .ARM.Collect$$rtexit$$00000002  c_w.l(rtexit2.o)
    0x08000246   0x08000246   0x00000004   Code   RO          674    .ARM.Collect$$rtexit$$00000003  c_w.l(rtexit2.o)
    0x0800024a   0x0800024a   0x00000006   Code   RO          675    .ARM.Collect$$rtexit$$00000004  c_w.l(rtexit2.o)
    0x08000250   0x08000250   0x00000040   Code   RO           87    .text               startup_stm32f411xe.o
    0x08000290   0x08000290   0x00000018   Code   RO          473    .text               c_w.l(noretval__2printf.o)
    0x080002a8   0x080002a8   0x0000010e   Code   RO          485    .text               c_w.l(__printf_wp.o)
    0x080003b6   0x080003b6   0x00000006   Code   RO          499    .text               c_w.l(heapauxi.o)
    0x080003bc   0x080003bc   0x0000041e   Code   RO          516    .text               c_w.l(_printf_fp_dec.o)
    0x080007da   0x080007da   0x00000002   PAD
    0x080007dc   0x080007dc   0x00000024   Code   RO          518    .text               c_w.l(_printf_char_file.o)
    0x08000800   0x08000800   0x00000008   Code   RO          558    .text               c_w.l(rt_locale_intlibspace.o)
    0x08000808   0x08000808   0x0000008a   Code   RO          560    .text               c_w.l(lludiv10.o)
    0x08000892   0x08000892   0x00000002   PAD
    0x08000894   0x08000894   0x00000030   Code   RO          562    .text               c_w.l(_printf_char_common.o)
    0x080008c4   0x080008c4   0x00000080   Code   RO          564    .text               c_w.l(_printf_fp_infnan.o)
    0x08000944   0x08000944   0x000000e4   Code   RO          566    .text               c_w.l(bigflt0.o)
    0x08000a28   0x08000a28   0x00000008   Code   RO          591    .text               c_w.l(ferror.o)
    0x08000a30   0x08000a30   0x00000008   Code   RO          604    .text               c_w.l(libspace.o)
    0x08000a38   0x08000a38   0x0000004a   Code   RO          607    .text               c_w.l(sys_stackheap_outer.o)
    0x08000a82   0x08000a82   0x00000012   Code   RO          611    .text               c_w.l(exit.o)
    0x08000a94   0x08000a94   0x00000080   Code   RO          613    .text               c_w.l(strcmpv7m.o)
    0x08000b14   0x08000b14   0x0000000c   Code   RO          685    .text               c_w.l(sys_exit.o)
    0x08000b20   0x08000b20   0x00000002   Code   RO          696    .text               c_w.l(use_no_semi.o)
    0x08000b22   0x08000b22   0x00000000   Code   RO          698    .text               c_w.l(indicate_semi.o)
    0x08000b22   0x08000b22   0x0000003e   Code   RO          569    CL$$btod_d2e        c_w.l(btod.o)
    0x08000b60   0x08000b60   0x00000046   Code   RO          571    CL$$btod_d2e_denorm_low  c_w.l(btod.o)
    0x08000ba6   0x08000ba6   0x00000060   Code   RO          570    CL$$btod_d2e_norm_op1  c_w.l(btod.o)
    0x08000c06   0x08000c06   0x00000338   Code   RO          579    CL$$btod_div_common  c_w.l(btod.o)
    0x08000f3e   0x08000f3e   0x000000dc   Code   RO          576    CL$$btod_e2e        c_w.l(btod.o)
    0x0800101a   0x0800101a   0x0000002a   Code   RO          573    CL$$btod_ediv       c_w.l(btod.o)
    0x08001044   0x08001044   0x0000002a   Code   RO          572    CL$$btod_emul       c_w.l(btod.o)
    0x0800106e   0x0800106e   0x00000244   Code   RO          578    CL$$btod_mult_common  c_w.l(btod.o)
    0x080012b2   0x080012b2   0x00000002   PAD
    0x080012b4   0x080012b4   0x000001ac   Code   RO          421    i.CAP_init          mytim.o
    0x08001460   0x08001460   0x00000098   Code   RO          135    i.GPIO_init         mygpio.o
    0x080014f8   0x080014f8   0x00000208   Code   RO          231    i.PWM_init          mypwm.o
    0x08001700   0x08001700   0x0000002c   Code   RO          232    i.PWM_period_ms     mypwm.o
    0x0800172c   0x0800172c   0x00000074   Code   RO          233    i.PWM_pulsewidth_ms  mypwm.o
    0x080017a0   0x080017a0   0x000000f8   Code   RO          268    i.RCC_PLL_init      myrcc.o
    0x08001898   0x08001898   0x00000008   Code   RO          297    i.SysTick_Handler   mysystick.o
    0x080018a0   0x080018a0   0x00000010   Code   RO          298    i.SysTick_counter   mysystick.o
    0x080018b0   0x080018b0   0x00000084   Code   RO          299    i.SysTick_init      mysystick.o
    0x08001934   0x08001934   0x00000064   Code   RO           95    i.SystemInit        system_stm32f4xx.o
    0x08001998   0x08001998   0x000000d8   Code   RO          423    i.TIM2_IRQHandler   mytim.o
    0x08001a70   0x08001a70   0x000000a0   Code   RO          424    i.TIM_period_us     mytim.o
    0x08001b10   0x08001b10   0x00000150   Code   RO          425    i.TIM_pinmap        mytim.o
    0x08001c60   0x08001c60   0x00000088   Code   RO          342    i.UART2_GPIO_init   myuart.o
    0x08001ce8   0x08001ce8   0x00000078   Code   RO          343    i.UART2_init        myuart.o
    0x08001d60   0x08001d60   0x0000000c   Code   RO          344    i.USART2_IRQHandler  myuart.o
    0x08001d6c   0x08001d6c   0x00000014   Code   RO          345    i.USART_delay       myuart.o
    0x08001d80   0x08001d80   0x000000e4   Code   RO          346    i.USART_init        myuart.o
    0x08001e64   0x08001e64   0x00000040   Code   RO          348    i.USART_write       myuart.o
    0x08001ea4   0x08001ea4   0x00000030   Code   RO          602    i.__ARM_fpclassify  m_wm.l(fpclassify.o)
    0x08001ed4   0x08001ed4   0x00000004   PAD
    0x08001ed8   0x08001ed8   0x000000e0   Code   RO          511    i.__hardfp_round    m_wm.l(round.o)
    0x08001fb8   0x08001fb8   0x0000000e   Code   RO          487    i._is_digit         c_w.l(__printf_wp.o)
    0x08001fc6   0x08001fc6   0x00000002   PAD
    0x08001fc8   0x08001fc8   0x0000001c   Code   RO          300    i.delay             mysystick.o
    0x08001fe4   0x08001fe4   0x0000001c   Code   RO          350    i.fputc             myuart.o
    0x08002000   0x08002000   0x00000108   Code   RO            4    i.main              main.o
    0x08002108   0x08002108   0x0000002c   Code   RO          596    locale$$code        c_w.l(lc_numeric_c.o)
    0x08002134   0x08002134   0x00000150   Code   RO          521    x$fpl$dadd          fz_wm.l(daddsub_clz.o)
    0x08002284   0x08002284   0x00000018   Code   RO          598    x$fpl$dcmpinf       fz_wm.l(dcmpi.o)
    0x0800229c   0x0800229c   0x0000005a   Code   RO          503    x$fpl$dfixu         fz_wm.l(dfixu.o)
    0x080022f6   0x080022f6   0x00000002   PAD
    0x080022f8   0x080022f8   0x00000078   Code   RO          527    x$fpl$dleqf         fz_wm.l(dleqf.o)
    0x08002370   0x08002370   0x0000009c   Code   RO          529    x$fpl$dnaninf       fz_wm.l(dnaninf.o)
    0x0800240c   0x0800240c   0x0000000c   Code   RO          531    x$fpl$dretinf       fz_wm.l(dretinf.o)
    0x08002418   0x08002418   0x0000006c   Code   RO          533    x$fpl$drleqf        fz_wm.l(drleqf.o)
    0x08002484   0x08002484   0x000000b4   Code   RO          535    x$fpl$drnd          fz_wm.l(drnd.o)
    0x08002538   0x08002538   0x000001d4   Code   RO          523    x$fpl$dsub          fz_wm.l(daddsub_clz.o)
    0x0800270c   0x0800270c   0x00000056   Code   RO          507    x$fpl$f2d           fz_wm.l(f2d.o)
    0x08002762   0x08002762   0x0000008c   Code   RO          537    x$fpl$fnaninf       fz_wm.l(fnaninf.o)
    0x080027ee   0x080027ee   0x0000000a   Code   RO          670    x$fpl$fpinit        fz_wm.l(fpinit.o)
    0x080027f8   0x080027f8   0x00000004   Code   RO          509    x$fpl$printf1       fz_wm.l(printf1.o)
    0x080027fc   0x080027fc   0x00000000   Code   RO          539    x$fpl$usenofp       fz_wm.l(usenofp.o)
    0x080027fc   0x080027fc   0x00000094   Data   RO          567    .constdata          c_w.l(bigflt0.o)
    0x08002890   0x08002890   0x00000020   Data   RO          745    Region$$Table       anon$$obj.o
    0x080028b0   0x080028b0   0x0000001c   Data   RO          595    locale$$data        c_w.l(lc_numeric_c.o)


    Execution Region RW_IRAM1 (Exec base: 0x20000000, Load base: 0x080028cc, Size: 0x00000680, Max: 0x00020000, ABSOLUTE)

    Exec Addr    Load Addr    Size         Type   Attr      Idx    E Section Name        Object

    0x20000000   0x080028cc   0x00000004   Data   RW          301    .data               mysystick.o
    0x20000004   0x080028d0   0x00000008   Data   RW          351    .data               myuart.o
    0x2000000c   0x080028d8   0x00000010   Data   RW          426    .data               mytim.o
    0x2000001c        -       0x00000060   Zero   RW          605    .bss                c_w.l(libspace.o)
    0x2000007c   0x080028e8   0x00000004   PAD
    0x20000080        -       0x00000200   Zero   RW           85    HEAP                startup_stm32f411xe.o
    0x20000280        -       0x00000400   Zero   RW           84    STACK               startup_stm32f411xe.o


==============================================================================

Image component sizes


      Code (inc. data)   RO Data    RW Data    ZI Data      Debug   Object Name

       264         48          0          0          0     338594   main.o
       152         20          0          0          0       1440   mygpio.o
       680         24          0          0          0       3103   mypwm.o
       248         10          0          0          0        631   myrcc.o
       184         20          0          4          0       2885   mysystick.o
      1140         98          0         16          0       4329   mytim.o
       608         44          0          8          0       7182   myuart.o
        64         26        408          0       1536        856   startup_stm32f411xe.o
       100         18          0          0          0        533   system_stm32f4xx.o

    ----------------------------------------------------------------------
      3440        308        440         28       1536     359553   Object Totals
         0          0         32          0          0          0   (incl. Generated)
         0          0          0          0          0          0   (incl. Padding)

    ----------------------------------------------------------------------

      Code (inc. data)   RO Data    RW Data    ZI Data      Debug   Library Member Name

         8          0          0          0          0         68   __main.o
       284          0          0          0          0        156   __printf_wp.o
         0          0          0          0          0          0   __rtentry.o
        12          0          0          0          0          0   __rtentry2.o
         6          0          0          0          0          0   __rtentry4.o
        52          8          0          0          0          0   __scatter.o
        26          0          0          0          0          0   __scatter_copy.o
        28          0          0          0          0          0   __scatter_zi.o
        48          6          0          0          0         96   _printf_char_common.o
        36          4          0          0          0         80   _printf_char_file.o
         6          0          0          0          0          0   _printf_f.o
      1054          0          0          0          0        216   _printf_fp_dec.o
       128         16          0          0          0         84   _printf_fp_infnan.o
         0          0          0          0          0          0   _printf_percent.o
         4          0          0          0          0          0   _printf_percent_end.o
       228          4        148          0          0         96   bigflt0.o
      1936        128          0          0          0        672   btod.o
        18          0          0          0          0         80   exit.o
         8          0          0          0          0         68   ferror.o
         6          0          0          0          0        152   heapauxi.o
         0          0          0          0          0          0   indicate_semi.o
        44         10         28          0          0         76   lc_numeric_c.o
         2          0          0          0          0          0   libinit.o
        22          0          0          0          0          0   libinit2.o
         2          0          0          0          0          0   libshutdown.o
         2          0          0          0          0          0   libshutdown2.o
         8          4          0          0         96         68   libspace.o
       138          0          0          0          0         80   lludiv10.o
        24          4          0          0          0         84   noretval__2printf.o
         8          4          0          0          0         68   rt_locale_intlibspace.o
         2          0          0          0          0          0   rtexit.o
        10          0          0          0          0          0   rtexit2.o
       128          0          0          0          0         68   strcmpv7m.o
        12          4          0          0          0         68   sys_exit.o
        74          0          0          0          0         80   sys_stackheap_outer.o
         2          0          0          0          0         68   use_no_semi.o
       804         16          0          0          0        368   daddsub_clz.o
        24          0          0          0          0        116   dcmpi.o
        90          4          0          0          0        140   dfixu.o
       120          4          0          0          0        140   dleqf.o
       156          4          0          0          0        140   dnaninf.o
        12          0          0          0          0        116   dretinf.o
       108          0          0          0          0        128   drleqf.o
       180          4          0          0          0        128   drnd.o
        86          4          0          0          0        132   f2d.o
       140          4          0          0          0        132   fnaninf.o
        10          0          0          0          0        116   fpinit.o
         4          0          0          0          0        116   printf1.o
         0          0          0          0          0          0   usenofp.o
        48          0          0          0          0        124   fpclassify.o
       224         30          0          0          0        172   round.o

    ----------------------------------------------------------------------
      6388        262        176          0        100       4496   Library Totals
        16          0          0          0          4          0   (incl. Padding)

    ----------------------------------------------------------------------

      Code (inc. data)   RO Data    RW Data    ZI Data      Debug   Library Name

      4366        192        176          0         96       2428   c_w.l
      1734         40          0          0          0       1772   fz_wm.l
       272         30          0          0          0        296   m_wm.l

    ----------------------------------------------------------------------
      6388        262        176          0        100       4496   Library Totals

    ----------------------------------------------------------------------

==============================================================================


      Code (inc. data)   RO Data    RW Data    ZI Data      Debug   

      9828        570        616         28       1636     359749   Grand Totals
      9828        570        616         28       1636     359749   ELF Image Totals
      9828        570        616         28          0          0   ROM Totals

==============================================================================

    Total RO  Size (Code + RO Data)                10444 (  10.20kB)
    Total RW  Size (RW Data + ZI Data)              1664 (   1.63kB)
    Total ROM Size (Code + RO Data + RW Data)      10472 (  10.23kB)

==============================================================================

