Component: ARM Compiler 5.06 update 6 (build 750) Tool: armlink [4d35ed]

==============================================================================

Section Cross References

    main.o(i.USART1_IRQHandler) refers to myuart.o(i.USART_write) for USART_write
    main.o(i.USART1_IRQHandler) refers to main.o(.data) for rxByte
    main.o(i.USART2_IRQHandler) refers to _printf_percent.o(.ARM.Collect$$_printf_percent$$00000000) for _printf_percent
    main.o(i.USART2_IRQHandler) refers to _printf_c.o(.ARM.Collect$$_printf_percent$$00000013) for _printf_c
    main.o(i.USART2_IRQHandler) refers to _printf_str.o(.text) for _printf_str
    main.o(i.USART2_IRQHandler) refers to noretval__2printf.o(.text) for __2printf
    main.o(i.USART2_IRQHandler) refers to main.o(.data) for rxByte
    main.o(i.main) refers to myrcc.o(i.RCC_PLL_init) for RCC_PLL_init
    main.o(i.main) refers to myuart.o(i.UART2_init) for UART2_init
    main.o(i.main) refers to myuart.o(i.UART1_init) for UART1_init
    myadc.o(i.ADC_init) refers to myadc.o(i.ADC_pinmap) for ADC_pinmap
    myexti.o(i.EXTI13_IRQFunction) refers to myexti.o(.data) for count
    mygpio.o(i.LED_init) refers to mygpio.o(i.GPIO_init) for GPIO_init
    mygpio.o(i.LED_off) refers to mygpio.o(i.GPIO_write) for GPIO_write
    mygpio.o(i.LED_on) refers to mygpio.o(i.GPIO_write) for GPIO_write
    mygpio.o(i.SevenSegment_init) refers to mygpio.o(i.GPIO_init) for GPIO_init
    mygpio.o(i.SevenSegment_on) refers to mygpio.o(i.GPIO_write) for GPIO_write
    mypwm.o(i.PWM_init) refers to mytim.o(i.TIM_pinmap) for TIM_pinmap
    mypwm.o(i.PWM_init) refers to mypwm.o(i.PWM_period_ms) for PWM_period_ms
    mysystick.o(i.SysTick_Handler) refers to mysystick.o(i.SysTick_counter) for SysTick_counter
    mysystick.o(i.SysTick_counter) refers to mysystick.o(.data) for msTicks
    mysystick.o(i.delay) refers to mysystick.o(.data) for msTicks
    mytim.o(i.CAP_init) refers to mytim.o(i.TIM_pinmap) for TIM_pinmap
    mytim.o(i.TIM2_IRQHandler) refers to mytim.o(.data) for ovf_cnt
    mytim.o(i.TIM4_IRQHandler) refers to mytim.o(.data) for ovf_cnt
    myuart.o(i.UART1_init) refers to myuart.o(i.UART1_GPIO_init) for UART1_GPIO_init
    myuart.o(i.UART1_init) refers to myuart.o(i.USART_init) for USART_init
    myuart.o(i.UART1_init) refers to myuart.o(i.__NVIC_SetPriority) for __NVIC_SetPriority
    myuart.o(i.UART1_init) refers to myuart.o(i.__NVIC_EnableIRQ) for __NVIC_EnableIRQ
    myuart.o(i.UART2_init) refers to myuart.o(i.UART2_GPIO_init) for UART2_GPIO_init
    myuart.o(i.UART2_init) refers to myuart.o(i.USART_init) for USART_init
    myuart.o(i.UART2_init) refers to myuart.o(i.__NVIC_SetPriority) for __NVIC_SetPriority
    myuart.o(i.UART2_init) refers to myuart.o(i.__NVIC_EnableIRQ) for __NVIC_EnableIRQ
    myuart.o(i.USART_init) refers to f2d.o(x$fpl$f2d) for __aeabi_f2d
    myuart.o(i.USART_init) refers to round.o(i.__hardfp_round) for __hardfp_round
    myuart.o(i.USART_init) refers to dfixu.o(x$fpl$dfixu) for __aeabi_d2uiz
    myuart.o(i.USART_write) refers to myuart.o(i.USART_delay) for USART_delay
    myuart.o(i.fgetc) refers to myuart.o(i.USART_read) for USART_read
    myuart.o(i.fputc) refers to myuart.o(i.USART_write) for USART_write
    startup_stm32f411xe.o(STACK) refers (Special) to heapauxi.o(.text) for __use_two_region_memory
    startup_stm32f411xe.o(HEAP) refers (Special) to heapauxi.o(.text) for __use_two_region_memory
    startup_stm32f411xe.o(RESET) refers (Special) to heapauxi.o(.text) for __use_two_region_memory
    startup_stm32f411xe.o(RESET) refers to startup_stm32f411xe.o(STACK) for __initial_sp
    startup_stm32f411xe.o(RESET) refers to startup_stm32f411xe.o(.text) for Reset_Handler
    startup_stm32f411xe.o(RESET) refers to mysystick.o(i.SysTick_Handler) for SysTick_Handler
    startup_stm32f411xe.o(RESET) refers to mytim.o(i.TIM2_IRQHandler) for TIM2_IRQHandler
    startup_stm32f411xe.o(RESET) refers to mytim.o(i.TIM4_IRQHandler) for TIM4_IRQHandler
    startup_stm32f411xe.o(RESET) refers to main.o(i.USART1_IRQHandler) for USART1_IRQHandler
    startup_stm32f411xe.o(RESET) refers to main.o(i.USART2_IRQHandler) for USART2_IRQHandler
    startup_stm32f411xe.o(.text) refers (Special) to heapauxi.o(.text) for __use_two_region_memory
    startup_stm32f411xe.o(.text) refers to system_stm32f4xx.o(i.SystemInit) for SystemInit
    startup_stm32f411xe.o(.text) refers to __main.o(!!!main) for __main
    startup_stm32f411xe.o(.text) refers to startup_stm32f411xe.o(HEAP) for Heap_Mem
    startup_stm32f411xe.o(.text) refers to startup_stm32f411xe.o(STACK) for Stack_Mem
    system_stm32f4xx.o(i.SystemCoreClockUpdate) refers to system_stm32f4xx.o(.data) for SystemCoreClock
    system_stm32f4xx.o(i.SystemCoreClockUpdate) refers to system_stm32f4xx.o(.constdata) for AHBPrescTable
    __2printf.o(.text) refers to _printf_char_file.o(.text) for _printf_char_file
    __2printf.o(.text) refers to myuart.o(.data) for __stdout
    noretval__2printf.o(.text) refers to _printf_char_file.o(.text) for _printf_char_file
    noretval__2printf.o(.text) refers to myuart.o(.data) for __stdout
    __printf.o(.text) refers to _printf_percent.o(.ARM.Collect$$_printf_percent$$00000000) for _printf_percent
    _printf_str.o(.text) refers (Special) to _printf_char.o(.text) for _printf_cs_common
    __printf_flags.o(.text) refers to _printf_percent.o(.ARM.Collect$$_printf_percent$$00000000) for _printf_percent
    __printf_flags.o(.text) refers to __printf_flags.o(.constdata) for .constdata
    __printf_ss.o(.text) refers to _printf_percent.o(.ARM.Collect$$_printf_percent$$00000000) for _printf_percent
    __printf_flags_ss.o(.text) refers to _printf_percent.o(.ARM.Collect$$_printf_percent$$00000000) for _printf_percent
    __printf_flags_ss.o(.text) refers to __printf_flags_ss.o(.constdata) for .constdata
    __printf_wp.o(.text) refers to __printf_wp.o(i._is_digit) for _is_digit
    __printf_wp.o(.text) refers to _printf_percent.o(.ARM.Collect$$_printf_percent$$00000000) for _printf_percent
    __printf_flags_wp.o(.text) refers to __printf_wp.o(i._is_digit) for _is_digit
    __printf_flags_wp.o(.text) refers to _printf_percent.o(.ARM.Collect$$_printf_percent$$00000000) for _printf_percent
    __printf_flags_wp.o(.text) refers to __printf_flags_wp.o(.constdata) for .constdata
    __printf_ss_wp.o(.text) refers to __printf_wp.o(i._is_digit) for _is_digit
    __printf_ss_wp.o(.text) refers to _printf_percent.o(.ARM.Collect$$_printf_percent$$00000000) for _printf_percent
    __printf_flags_ss_wp.o(.text) refers to __printf_wp.o(i._is_digit) for _is_digit
    __printf_flags_ss_wp.o(.text) refers to _printf_percent.o(.ARM.Collect$$_printf_percent$$00000000) for _printf_percent
    __printf_flags_ss_wp.o(.text) refers to __printf_flags_ss_wp.o(.constdata) for .constdata
    _printf_c.o(.ARM.Collect$$_printf_percent$$00000013) refers (Weak) to _printf_char.o(.text) for _printf_char
    _printf_percent.o(.ARM.Collect$$_printf_percent$$00000000) refers (Special) to _printf_percent_end.o(.ARM.Collect$$_printf_percent$$00000017) for _printf_percent_end
    __main.o(!!!main) refers to __rtentry.o(.ARM.Collect$$rtentry$$00000000) for __rt_entry
    dfixu.o(x$fpl$dfixu) refers (Special) to usenofp.o(x$fpl$usenofp) for __I$use$fp
    dfixu.o(x$fpl$dfixu) refers to dnaninf.o(x$fpl$dnaninf) for __fpl_dnaninf
    dfixu.o(x$fpl$dfixur) refers (Special) to usenofp.o(x$fpl$usenofp) for __I$use$fp
    dfixu.o(x$fpl$dfixur) refers to dnaninf.o(x$fpl$dnaninf) for __fpl_dnaninf
    f2d.o(x$fpl$f2d) refers (Special) to usenofp.o(x$fpl$usenofp) for __I$use$fp
    f2d.o(x$fpl$f2d) refers to fnaninf.o(x$fpl$fnaninf) for __fpl_fnaninf
    f2d.o(x$fpl$f2d) refers to dretinf.o(x$fpl$dretinf) for __fpl_dretinf
    round.o(i.__hardfp_round) refers (Special) to usenofp.o(x$fpl$usenofp) for __I$use$fp
    round.o(i.__hardfp_round) refers to drnd.o(x$fpl$drnd) for _drnd
    round.o(i.__hardfp_round) refers to daddsub_clz.o(x$fpl$dsub) for __aeabi_dsub
    round.o(i.__hardfp_round) refers to dleqf.o(x$fpl$dleqf) for __aeabi_cdcmple
    round.o(i.__hardfp_round) refers to drleqf.o(x$fpl$drleqf) for __aeabi_cdrcmple
    round.o(i.__hardfp_round) refers to daddsub_clz.o(x$fpl$dadd) for __aeabi_dadd
    round.o(i.round) refers (Special) to usenofp.o(x$fpl$usenofp) for __I$use$fp
    round.o(i.round) refers to drnd.o(x$fpl$drnd) for _drnd
    round.o(i.round) refers to daddsub_clz.o(x$fpl$dsub) for __aeabi_dsub
    round.o(i.round) refers to dleqf.o(x$fpl$dleqf) for __aeabi_cdcmple
    round.o(i.round) refers to drleqf.o(x$fpl$drleqf) for __aeabi_cdrcmple
    round.o(i.round) refers to daddsub_clz.o(x$fpl$dadd) for __aeabi_dadd
    __rtentry.o(.ARM.Collect$$rtentry$$00000000) refers (Special) to __rtentry2.o(.ARM.Collect$$rtentry$$0000000A) for __rt_entry_li
    __rtentry.o(.ARM.Collect$$rtentry$$00000000) refers (Special) to __rtentry2.o(.ARM.Collect$$rtentry$$0000000D) for __rt_entry_main
    __rtentry.o(.ARM.Collect$$rtentry$$00000000) refers (Special) to __rtentry2.o(.ARM.Collect$$rtentry$$0000000C) for __rt_entry_postli_1
    __rtentry.o(.ARM.Collect$$rtentry$$00000000) refers (Special) to __rtentry2.o(.ARM.Collect$$rtentry$$00000009) for __rt_entry_postsh_1
    __rtentry.o(.ARM.Collect$$rtentry$$00000000) refers (Special) to __rtentry2.o(.ARM.Collect$$rtentry$$00000002) for __rt_entry_presh_1
    __rtentry.o(.ARM.Collect$$rtentry$$00000000) refers (Special) to __rtentry4.o(.ARM.Collect$$rtentry$$00000004) for __rt_entry_sh
    _printf_char.o(.text) refers (Weak) to _printf_str.o(.text) for _printf_str
    _printf_char_file.o(.text) refers to _printf_char_common.o(.text) for _printf_char_common
    _printf_char_file.o(.text) refers to ferror.o(.text) for ferror
    _printf_char_file.o(.text) refers to myuart.o(i.fputc) for fputc
    daddsub_clz.o(x$fpl$dadd) refers (Special) to usenofp.o(x$fpl$usenofp) for __I$use$fp
    daddsub_clz.o(x$fpl$dadd) refers to daddsub_clz.o(x$fpl$dsub) for _dsub1
    daddsub_clz.o(x$fpl$dadd) refers to dretinf.o(x$fpl$dretinf) for __fpl_dretinf
    daddsub_clz.o(x$fpl$dadd) refers to dnaninf.o(x$fpl$dnaninf) for __fpl_dnaninf
    daddsub_clz.o(x$fpl$drsb) refers (Special) to usenofp.o(x$fpl$usenofp) for __I$use$fp
    daddsub_clz.o(x$fpl$drsb) refers to daddsub_clz.o(x$fpl$dadd) for _dadd1
    daddsub_clz.o(x$fpl$drsb) refers to daddsub_clz.o(x$fpl$dsub) for _dsub1
    daddsub_clz.o(x$fpl$dsub) refers (Special) to usenofp.o(x$fpl$usenofp) for __I$use$fp
    daddsub_clz.o(x$fpl$dsub) refers to daddsub_clz.o(x$fpl$dadd) for _dadd1
    daddsub_clz.o(x$fpl$dsub) refers to dnaninf.o(x$fpl$dnaninf) for __fpl_dnaninf
    dleqf.o(x$fpl$dleqf) refers (Special) to usenofp.o(x$fpl$usenofp) for __I$use$fp
    dleqf.o(x$fpl$dleqf) refers to dnaninf.o(x$fpl$dnaninf) for __fpl_dnaninf
    dleqf.o(x$fpl$dleqf) refers to dcmpi.o(x$fpl$dcmpinf) for __fpl_dcmp_Inf
    dnaninf.o(x$fpl$dnaninf) refers (Special) to usenofp.o(x$fpl$usenofp) for __I$use$fp
    dretinf.o(x$fpl$dretinf) refers (Special) to usenofp.o(x$fpl$usenofp) for __I$use$fp
    drleqf.o(x$fpl$drleqf) refers (Special) to usenofp.o(x$fpl$usenofp) for __I$use$fp
    drleqf.o(x$fpl$drleqf) refers to dleqf.o(x$fpl$dleqf) for __fpl_dcmple_InfNaN
    drnd.o(x$fpl$drnd) refers (Special) to usenofp.o(x$fpl$usenofp) for __I$use$fp
    drnd.o(x$fpl$drnd) refers to dnaninf.o(x$fpl$dnaninf) for __fpl_dnaninf
    fnaninf.o(x$fpl$fnaninf) refers (Special) to usenofp.o(x$fpl$usenofp) for __I$use$fp
    __rtentry2.o(.ARM.Collect$$rtentry$$00000008) refers to boardinit2.o(.text) for _platform_post_stackheap_init
    __rtentry2.o(.ARM.Collect$$rtentry$$0000000A) refers to libinit.o(.ARM.Collect$$libinit$$00000000) for __rt_lib_init
    __rtentry2.o(.ARM.Collect$$rtentry$$0000000B) refers to boardinit3.o(.text) for _platform_post_lib_init
    __rtentry2.o(.ARM.Collect$$rtentry$$0000000D) refers to main.o(i.main) for main
    __rtentry2.o(.ARM.Collect$$rtentry$$0000000D) refers to exit.o(.text) for exit
    __rtentry2.o(.ARM.exidx) refers to __rtentry2.o(.ARM.Collect$$rtentry$$00000001) for .ARM.Collect$$rtentry$$00000001
    __rtentry2.o(.ARM.exidx) refers to __rtentry2.o(.ARM.Collect$$rtentry$$00000008) for .ARM.Collect$$rtentry$$00000008
    __rtentry2.o(.ARM.exidx) refers to __rtentry2.o(.ARM.Collect$$rtentry$$0000000A) for .ARM.Collect$$rtentry$$0000000A
    __rtentry2.o(.ARM.exidx) refers to __rtentry2.o(.ARM.Collect$$rtentry$$0000000B) for .ARM.Collect$$rtentry$$0000000B
    __rtentry2.o(.ARM.exidx) refers to __rtentry2.o(.ARM.Collect$$rtentry$$0000000D) for .ARM.Collect$$rtentry$$0000000D
    __rtentry4.o(.ARM.Collect$$rtentry$$00000004) refers to sys_stackheap_outer.o(.text) for __user_setup_stackheap
    __rtentry4.o(.ARM.exidx) refers to __rtentry4.o(.ARM.Collect$$rtentry$$00000004) for .ARM.Collect$$rtentry$$00000004
    _printf_char_common.o(.text) refers to __printf.o(.text) for __printf
    dcmpi.o(x$fpl$dcmpinf) refers (Special) to usenofp.o(x$fpl$usenofp) for __I$use$fp
    sys_stackheap_outer.o(.text) refers to libspace.o(.text) for __user_perproc_libspace
    sys_stackheap_outer.o(.text) refers to startup_stm32f411xe.o(.text) for __user_initial_stackheap
    exit.o(.text) refers to rtexit.o(.ARM.Collect$$rtexit$$00000000) for __rt_exit
    libinit.o(.ARM.Collect$$libinit$$00000000) refers (Special) to libinit2.o(.ARM.Collect$$libinit$$0000002E) for __rt_lib_init_alloca_1
    libinit.o(.ARM.Collect$$libinit$$00000000) refers (Special) to libinit2.o(.ARM.Collect$$libinit$$0000002C) for __rt_lib_init_argv_1
    libinit.o(.ARM.Collect$$libinit$$00000000) refers (Special) to libinit2.o(.ARM.Collect$$libinit$$0000001B) for __rt_lib_init_atexit_1
    libinit.o(.ARM.Collect$$libinit$$00000000) refers (Special) to libinit2.o(.ARM.Collect$$libinit$$00000021) for __rt_lib_init_clock_1
    libinit.o(.ARM.Collect$$libinit$$00000000) refers (Special) to libinit2.o(.ARM.Collect$$libinit$$00000032) for __rt_lib_init_cpp_1
    libinit.o(.ARM.Collect$$libinit$$00000000) refers (Special) to libinit2.o(.ARM.Collect$$libinit$$00000030) for __rt_lib_init_exceptions_1
    libinit.o(.ARM.Collect$$libinit$$00000000) refers (Special) to libinit2.o(.ARM.Collect$$libinit$$00000001) for __rt_lib_init_fp_1
    libinit.o(.ARM.Collect$$libinit$$00000000) refers (Special) to libinit2.o(.ARM.Collect$$libinit$$0000001F) for __rt_lib_init_fp_trap_1
    libinit.o(.ARM.Collect$$libinit$$00000000) refers (Special) to libinit2.o(.ARM.Collect$$libinit$$00000023) for __rt_lib_init_getenv_1
    libinit.o(.ARM.Collect$$libinit$$00000000) refers (Special) to libinit2.o(.ARM.Collect$$libinit$$0000000A) for __rt_lib_init_heap_1
    libinit.o(.ARM.Collect$$libinit$$00000000) refers (Special) to libinit2.o(.ARM.Collect$$libinit$$00000011) for __rt_lib_init_lc_collate_1
    libinit.o(.ARM.Collect$$libinit$$00000000) refers (Special) to libinit2.o(.ARM.Collect$$libinit$$00000013) for __rt_lib_init_lc_ctype_1
    libinit.o(.ARM.Collect$$libinit$$00000000) refers (Special) to libinit2.o(.ARM.Collect$$libinit$$00000015) for __rt_lib_init_lc_monetary_1
    libinit.o(.ARM.Collect$$libinit$$00000000) refers (Special) to libinit2.o(.ARM.Collect$$libinit$$00000017) for __rt_lib_init_lc_numeric_1
    libinit.o(.ARM.Collect$$libinit$$00000000) refers (Special) to libinit2.o(.ARM.Collect$$libinit$$00000019) for __rt_lib_init_lc_time_1
    libinit.o(.ARM.Collect$$libinit$$00000000) refers (Special) to libinit2.o(.ARM.Collect$$libinit$$00000004) for __rt_lib_init_preinit_1
    libinit.o(.ARM.Collect$$libinit$$00000000) refers (Special) to libinit2.o(.ARM.Collect$$libinit$$0000000E) for __rt_lib_init_rand_1
    libinit.o(.ARM.Collect$$libinit$$00000000) refers (Special) to libinit2.o(.ARM.Collect$$libinit$$00000033) for __rt_lib_init_return
    libinit.o(.ARM.Collect$$libinit$$00000000) refers (Special) to libinit2.o(.ARM.Collect$$libinit$$0000001D) for __rt_lib_init_signal_1
    libinit.o(.ARM.Collect$$libinit$$00000000) refers (Special) to libinit2.o(.ARM.Collect$$libinit$$00000025) for __rt_lib_init_stdio_1
    libinit.o(.ARM.Collect$$libinit$$00000000) refers (Special) to libinit2.o(.ARM.Collect$$libinit$$0000000C) for __rt_lib_init_user_alloc_1
    libspace.o(.text) refers to libspace.o(.bss) for __libspace_start
    rtexit.o(.ARM.Collect$$rtexit$$00000000) refers (Special) to rtexit2.o(.ARM.Collect$$rtexit$$00000004) for __rt_exit_exit
    rtexit.o(.ARM.Collect$$rtexit$$00000000) refers (Special) to rtexit2.o(.ARM.Collect$$rtexit$$00000003) for __rt_exit_ls
    rtexit.o(.ARM.Collect$$rtexit$$00000000) refers (Special) to rtexit2.o(.ARM.Collect$$rtexit$$00000002) for __rt_exit_prels_1
    rtexit.o(.ARM.exidx) refers (Special) to rtexit2.o(.ARM.Collect$$rtexit$$00000004) for __rt_exit_exit
    rtexit.o(.ARM.exidx) refers (Special) to rtexit2.o(.ARM.Collect$$rtexit$$00000003) for __rt_exit_ls
    rtexit.o(.ARM.exidx) refers (Special) to rtexit2.o(.ARM.Collect$$rtexit$$00000002) for __rt_exit_prels_1
    rtexit.o(.ARM.exidx) refers to rtexit.o(.ARM.Collect$$rtexit$$00000000) for .ARM.Collect$$rtexit$$00000000
    libinit2.o(.ARM.Collect$$libinit$$00000001) refers to fpinit.o(x$fpl$fpinit) for _fp_init
    libinit2.o(.ARM.Collect$$libinit$$00000010) refers to libinit2.o(.ARM.Collect$$libinit$$0000000F) for .ARM.Collect$$libinit$$0000000F
    libinit2.o(.ARM.Collect$$libinit$$00000012) refers to libinit2.o(.ARM.Collect$$libinit$$0000000F) for .ARM.Collect$$libinit$$0000000F
    libinit2.o(.ARM.Collect$$libinit$$00000014) refers to libinit2.o(.ARM.Collect$$libinit$$0000000F) for .ARM.Collect$$libinit$$0000000F
    libinit2.o(.ARM.Collect$$libinit$$00000016) refers to libinit2.o(.ARM.Collect$$libinit$$0000000F) for .ARM.Collect$$libinit$$0000000F
    libinit2.o(.ARM.Collect$$libinit$$00000018) refers to libinit2.o(.ARM.Collect$$libinit$$0000000F) for .ARM.Collect$$libinit$$0000000F
    libinit2.o(.ARM.Collect$$libinit$$00000026) refers to argv_veneer.o(.emb_text) for __ARM_argv_veneer
    libinit2.o(.ARM.Collect$$libinit$$00000027) refers to argv_veneer.o(.emb_text) for __ARM_argv_veneer
    rtexit2.o(.ARM.Collect$$rtexit$$00000003) refers to libshutdown.o(.ARM.Collect$$libshutdown$$00000000) for __rt_lib_shutdown
    rtexit2.o(.ARM.Collect$$rtexit$$00000004) refers to sys_exit.o(.text) for _sys_exit
    rtexit2.o(.ARM.exidx) refers to rtexit2.o(.ARM.Collect$$rtexit$$00000001) for .ARM.Collect$$rtexit$$00000001
    rtexit2.o(.ARM.exidx) refers to rtexit2.o(.ARM.Collect$$rtexit$$00000003) for .ARM.Collect$$rtexit$$00000003
    rtexit2.o(.ARM.exidx) refers to rtexit2.o(.ARM.Collect$$rtexit$$00000004) for .ARM.Collect$$rtexit$$00000004
    argv_veneer.o(.emb_text) refers to no_argv.o(.text) for __ARM_get_argv
    sys_exit.o(.text) refers (Special) to use_no_semi.o(.text) for __I$use$semihosting
    sys_exit.o(.text) refers (Special) to indicate_semi.o(.text) for __semihosting_library_function
    _get_argv_nomalloc.o(.text) refers (Special) to hrguard.o(.text) for __heap_region$guard
    _get_argv_nomalloc.o(.text) refers to defsig_rtmem_outer.o(.text) for __rt_SIGRTMEM
    _get_argv_nomalloc.o(.text) refers to sys_command.o(.text) for _sys_command_string
    libshutdown.o(.ARM.Collect$$libshutdown$$00000000) refers (Special) to libshutdown2.o(.ARM.Collect$$libshutdown$$00000002) for __rt_lib_shutdown_cpp_1
    libshutdown.o(.ARM.Collect$$libshutdown$$00000000) refers (Special) to libshutdown2.o(.ARM.Collect$$libshutdown$$00000007) for __rt_lib_shutdown_fp_trap_1
    libshutdown.o(.ARM.Collect$$libshutdown$$00000000) refers (Special) to libshutdown2.o(.ARM.Collect$$libshutdown$$0000000F) for __rt_lib_shutdown_heap_1
    libshutdown.o(.ARM.Collect$$libshutdown$$00000000) refers (Special) to libshutdown2.o(.ARM.Collect$$libshutdown$$00000010) for __rt_lib_shutdown_return
    libshutdown.o(.ARM.Collect$$libshutdown$$00000000) refers (Special) to libshutdown2.o(.ARM.Collect$$libshutdown$$0000000A) for __rt_lib_shutdown_signal_1
    libshutdown.o(.ARM.Collect$$libshutdown$$00000000) refers (Special) to libshutdown2.o(.ARM.Collect$$libshutdown$$00000004) for __rt_lib_shutdown_stdio_1
    libshutdown.o(.ARM.Collect$$libshutdown$$00000000) refers (Special) to libshutdown2.o(.ARM.Collect$$libshutdown$$0000000C) for __rt_lib_shutdown_user_alloc_1
    sys_command.o(.text) refers (Special) to use_no_semi.o(.text) for __I$use$semihosting
    sys_command.o(.text) refers (Special) to indicate_semi.o(.text) for __semihosting_library_function
    defsig_rtmem_outer.o(.text) refers to defsig_rtmem_inner.o(.text) for __rt_SIGRTMEM_inner
    defsig_rtmem_outer.o(.text) refers to defsig_exit.o(.text) for __sig_exit
    defsig_rtmem_formal.o(.text) refers to rt_raise.o(.text) for __rt_raise
    rt_raise.o(.text) refers to __raise.o(.text) for __raise
    rt_raise.o(.text) refers to sys_exit.o(.text) for _sys_exit
    defsig_exit.o(.text) refers to sys_exit.o(.text) for _sys_exit
    defsig_rtmem_inner.o(.text) refers to defsig_general.o(.text) for __default_signal_display
    __raise.o(.text) refers to defsig.o(CL$$defsig) for __default_signal_handler
    defsig_general.o(.text) refers to sys_wrch.o(.text) for _ttywrch
    sys_wrch.o(.text) refers (Special) to use_no_semi.o(.text) for __I$use$semihosting
    sys_wrch.o(.text) refers (Special) to indicate_semi.o(.text) for __semihosting_library_function
    defsig.o(CL$$defsig) refers to defsig_rtmem_inner.o(.text) for __rt_SIGRTMEM_inner
    defsig_abrt_inner.o(.text) refers to defsig_general.o(.text) for __default_signal_display
    defsig_fpe_inner.o(.text) refers to defsig_general.o(.text) for __default_signal_display
    defsig_rtred_inner.o(.text) refers to defsig_general.o(.text) for __default_signal_display
    defsig_stak_inner.o(.text) refers to defsig_general.o(.text) for __default_signal_display
    defsig_pvfn_inner.o(.text) refers to defsig_general.o(.text) for __default_signal_display
    defsig_cppl_inner.o(.text) refers to defsig_general.o(.text) for __default_signal_display
    defsig_segv_inner.o(.text) refers to defsig_general.o(.text) for __default_signal_display
    defsig_other.o(.text) refers to defsig_general.o(.text) for __default_signal_display


==============================================================================

Removing Unused input sections from the image.

    Removing main.o(.rev16_text), (4 bytes).
    Removing main.o(.revsh_text), (4 bytes).
    Removing main.o(.rrx_text), (6 bytes).
    Removing myadc.o(.rev16_text), (4 bytes).
    Removing myadc.o(.revsh_text), (4 bytes).
    Removing myadc.o(.rrx_text), (6 bytes).
    Removing myadc.o(i.ADC_init), (316 bytes).
    Removing myadc.o(i.ADC_pinmap), (156 bytes).
    Removing myadc.o(i.ADC_read), (36 bytes).
    Removing myadc.o(.data), (4 bytes).
    Removing myexti.o(.rev16_text), (4 bytes).
    Removing myexti.o(.revsh_text), (4 bytes).
    Removing myexti.o(.rrx_text), (6 bytes).
    Removing myexti.o(i.EXTI13_IRQFunction), (12 bytes).
    Removing myexti.o(i.EXTI_init), (480 bytes).
    Removing myexti.o(.data), (4 bytes).
    Removing mygpio.o(.rev16_text), (4 bytes).
    Removing mygpio.o(.revsh_text), (4 bytes).
    Removing mygpio.o(.rrx_text), (6 bytes).
    Removing mygpio.o(i.GPIO_init), (152 bytes).
    Removing mygpio.o(i.GPIO_mode), (28 bytes).
    Removing mygpio.o(i.GPIO_ospeed), (28 bytes).
    Removing mygpio.o(i.GPIO_otype), (24 bytes).
    Removing mygpio.o(i.GPIO_pudr), (28 bytes).
    Removing mygpio.o(i.GPIO_read), (14 bytes).
    Removing mygpio.o(i.GPIO_write), (24 bytes).
    Removing mygpio.o(i.LED_init), (20 bytes).
    Removing mygpio.o(i.LED_off), (20 bytes).
    Removing mygpio.o(i.LED_on), (20 bytes).
    Removing mygpio.o(i.LED_toggle), (20 bytes).
    Removing mygpio.o(i.SevenSegment_init), (92 bytes).
    Removing mygpio.o(i.SevenSegment_on), (176 bytes).
    Removing mypwm.o(.rev16_text), (4 bytes).
    Removing mypwm.o(.revsh_text), (4 bytes).
    Removing mypwm.o(.rrx_text), (6 bytes).
    Removing mypwm.o(i.PWM_init), (520 bytes).
    Removing mypwm.o(i.PWM_period_ms), (44 bytes).
    Removing mypwm.o(i.PWM_pulsewidth_ms), (116 bytes).
    Removing myrcc.o(.rev16_text), (4 bytes).
    Removing myrcc.o(.revsh_text), (4 bytes).
    Removing myrcc.o(.rrx_text), (6 bytes).
    Removing myrcc.o(i.RCC_HSI_init), (72 bytes).
    Removing mysystick.o(.rev16_text), (4 bytes).
    Removing mysystick.o(.revsh_text), (4 bytes).
    Removing mysystick.o(.rrx_text), (6 bytes).
    Removing mysystick.o(i.SysTick_init), (132 bytes).
    Removing mysystick.o(i.delay), (28 bytes).
    Removing mytim.o(.rev16_text), (4 bytes).
    Removing mytim.o(.revsh_text), (4 bytes).
    Removing mytim.o(.rrx_text), (6 bytes).
    Removing mytim.o(i.CAP_init), (460 bytes).
    Removing mytim.o(i.CAP_setup), (356 bytes).
    Removing mytim.o(i.TIM_period_us), (204 bytes).
    Removing mytim.o(i.TIM_pinmap), (336 bytes).
    Removing myuart.o(.rev16_text), (4 bytes).
    Removing myuart.o(.revsh_text), (4 bytes).
    Removing myuart.o(.rrx_text), (6 bytes).
    Removing myuart.o(i.USART_read), (20 bytes).
    Removing myuart.o(i.fgetc), (20 bytes).
    Removing system_stm32f4xx.o(.rev16_text), (4 bytes).
    Removing system_stm32f4xx.o(.revsh_text), (4 bytes).
    Removing system_stm32f4xx.o(.rrx_text), (6 bytes).
    Removing system_stm32f4xx.o(i.SystemCoreClockUpdate), (192 bytes).
    Removing system_stm32f4xx.o(.constdata), (24 bytes).
    Removing system_stm32f4xx.o(.data), (4 bytes).

65 unused section(s) (total 4322 bytes) removed from the image.

==============================================================================

Image Symbol Table

    Local Symbols

    Symbol Name                              Value     Ov Type        Size  Object(Section)

    ../clib/angel/boardlib.s                 0x00000000   Number         0  boardinit3.o ABSOLUTE
    ../clib/angel/boardlib.s                 0x00000000   Number         0  boardshut.o ABSOLUTE
    ../clib/angel/boardlib.s                 0x00000000   Number         0  boardinit1.o ABSOLUTE
    ../clib/angel/boardlib.s                 0x00000000   Number         0  boardinit2.o ABSOLUTE
    ../clib/angel/handlers.s                 0x00000000   Number         0  __scatter_zi.o ABSOLUTE
    ../clib/angel/handlers.s                 0x00000000   Number         0  __scatter_copy.o ABSOLUTE
    ../clib/angel/kernel.s                   0x00000000   Number         0  rtexit.o ABSOLUTE
    ../clib/angel/kernel.s                   0x00000000   Number         0  __rtentry4.o ABSOLUTE
    ../clib/angel/kernel.s                   0x00000000   Number         0  __rtentry2.o ABSOLUTE
    ../clib/angel/kernel.s                   0x00000000   Number         0  __rtentry.o ABSOLUTE
    ../clib/angel/kernel.s                   0x00000000   Number         0  rtexit2.o ABSOLUTE
    ../clib/angel/rt.s                       0x00000000   Number         0  rt_raise.o ABSOLUTE
    ../clib/angel/scatter.s                  0x00000000   Number         0  __scatter.o ABSOLUTE
    ../clib/angel/startup.s                  0x00000000   Number         0  __main.o ABSOLUTE
    ../clib/angel/sys.s                      0x00000000   Number         0  libspace.o ABSOLUTE
    ../clib/angel/sys.s                      0x00000000   Number         0  use_no_semi.o ABSOLUTE
    ../clib/angel/sys.s                      0x00000000   Number         0  indicate_semi.o ABSOLUTE
    ../clib/angel/sys.s                      0x00000000   Number         0  sys_stackheap_outer.o ABSOLUTE
    ../clib/angel/sysapp.c                   0x00000000   Number         0  sys_wrch.o ABSOLUTE
    ../clib/angel/sysapp.c                   0x00000000   Number         0  sys_exit.o ABSOLUTE
    ../clib/angel/sysapp.c                   0x00000000   Number         0  sys_command.o ABSOLUTE
    ../clib/armsys.c                         0x00000000   Number         0  argv_veneer.o ABSOLUTE
    ../clib/armsys.c                         0x00000000   Number         0  argv_veneer.o ABSOLUTE
    ../clib/armsys.c                         0x00000000   Number         0  _get_argv_nomalloc.o ABSOLUTE
    ../clib/armsys.c                         0x00000000   Number         0  no_argv.o ABSOLUTE
    ../clib/heapalloc.c                      0x00000000   Number         0  hrguard.o ABSOLUTE
    ../clib/heapaux.c                        0x00000000   Number         0  heapauxi.o ABSOLUTE
    ../clib/libinit.s                        0x00000000   Number         0  libinit2.o ABSOLUTE
    ../clib/libinit.s                        0x00000000   Number         0  libshutdown2.o ABSOLUTE
    ../clib/libinit.s                        0x00000000   Number         0  libinit.o ABSOLUTE
    ../clib/libinit.s                        0x00000000   Number         0  libshutdown.o ABSOLUTE
    ../clib/printf.c                         0x00000000   Number         0  noretval__2printf.o ABSOLUTE
    ../clib/printf.c                         0x00000000   Number         0  __printf_wp.o ABSOLUTE
    ../clib/printf.c                         0x00000000   Number         0  __printf_ss_wp.o ABSOLUTE
    ../clib/printf.c                         0x00000000   Number         0  __printf_flags_ss_wp.o ABSOLUTE
    ../clib/printf.c                         0x00000000   Number         0  _printf_char.o ABSOLUTE
    ../clib/printf.c                         0x00000000   Number         0  _printf_char_file.o ABSOLUTE
    ../clib/printf.c                         0x00000000   Number         0  __printf_nopercent.o ABSOLUTE
    ../clib/printf.c                         0x00000000   Number         0  _printf_char_common.o ABSOLUTE
    ../clib/printf.c                         0x00000000   Number         0  __printf_flags_wp.o ABSOLUTE
    ../clib/printf.c                         0x00000000   Number         0  __2printf.o ABSOLUTE
    ../clib/printf.c                         0x00000000   Number         0  __printf.o ABSOLUTE
    ../clib/printf.c                         0x00000000   Number         0  _printf_str.o ABSOLUTE
    ../clib/printf.c                         0x00000000   Number         0  __printf_flags.o ABSOLUTE
    ../clib/printf.c                         0x00000000   Number         0  __printf_ss.o ABSOLUTE
    ../clib/printf.c                         0x00000000   Number         0  __printf_flags_ss.o ABSOLUTE
    ../clib/printf_percent.s                 0x00000000   Number         0  _printf_c.o ABSOLUTE
    ../clib/printf_percent.s                 0x00000000   Number         0  _printf_percent_end.o ABSOLUTE
    ../clib/printf_percent.s                 0x00000000   Number         0  _printf_percent.o ABSOLUTE
    ../clib/signal.c                         0x00000000   Number         0  __raise.o ABSOLUTE
    ../clib/signal.c                         0x00000000   Number         0  defsig_other.o ABSOLUTE
    ../clib/signal.c                         0x00000000   Number         0  defsig_segv_inner.o ABSOLUTE
    ../clib/signal.c                         0x00000000   Number         0  defsig_general.o ABSOLUTE
    ../clib/signal.c                         0x00000000   Number         0  defsig_cppl_inner.o ABSOLUTE
    ../clib/signal.c                         0x00000000   Number         0  defsig_pvfn_inner.o ABSOLUTE
    ../clib/signal.c                         0x00000000   Number         0  defsig_abrt_inner.o ABSOLUTE
    ../clib/signal.c                         0x00000000   Number         0  defsig_stak_inner.o ABSOLUTE
    ../clib/signal.c                         0x00000000   Number         0  defsig_rtred_inner.o ABSOLUTE
    ../clib/signal.c                         0x00000000   Number         0  defsig_fpe_inner.o ABSOLUTE
    ../clib/signal.c                         0x00000000   Number         0  defsig_rtmem_outer.o ABSOLUTE
    ../clib/signal.c                         0x00000000   Number         0  defsig_rtmem_formal.o ABSOLUTE
    ../clib/signal.c                         0x00000000   Number         0  defsig_exit.o ABSOLUTE
    ../clib/signal.c                         0x00000000   Number         0  defsig_rtmem_inner.o ABSOLUTE
    ../clib/signal.s                         0x00000000   Number         0  defsig.o ABSOLUTE
    ../clib/stdio.c                          0x00000000   Number         0  ferror.o ABSOLUTE
    ../clib/stdio.c                          0x00000000   Number         0  ferror_locked.o ABSOLUTE
    ../clib/stdlib.c                         0x00000000   Number         0  exit.o ABSOLUTE
    ../fplib/daddsub.s                       0x00000000   Number         0  daddsub_clz.o ABSOLUTE
    ../fplib/dcmpi.s                         0x00000000   Number         0  dcmpi.o ABSOLUTE
    ../fplib/dfixu.s                         0x00000000   Number         0  dfixu.o ABSOLUTE
    ../fplib/dleqf.s                         0x00000000   Number         0  dleqf.o ABSOLUTE
    ../fplib/dnaninf.s                       0x00000000   Number         0  dnaninf.o ABSOLUTE
    ../fplib/dretinf.s                       0x00000000   Number         0  dretinf.o ABSOLUTE
    ../fplib/drleqf.s                        0x00000000   Number         0  drleqf.o ABSOLUTE
    ../fplib/drnd.s                          0x00000000   Number         0  drnd.o ABSOLUTE
    ../fplib/f2d.s                           0x00000000   Number         0  f2d.o ABSOLUTE
    ../fplib/fnaninf.s                       0x00000000   Number         0  fnaninf.o ABSOLUTE
    ../fplib/fpinit.s                        0x00000000   Number         0  fpinit.o ABSOLUTE
    ../fplib/usenofp.s                       0x00000000   Number         0  usenofp.o ABSOLUTE
    ../mathlib/round.c                       0x00000000   Number         0  round.o ABSOLUTE
    ..\..\..\Sources\myADC.c                 0x00000000   Number         0  myadc.o ABSOLUTE
    ..\..\..\Sources\myEXTI.c                0x00000000   Number         0  myexti.o ABSOLUTE
    ..\..\..\Sources\myGPIO.c                0x00000000   Number         0  mygpio.o ABSOLUTE
    ..\..\..\Sources\myPWM.c                 0x00000000   Number         0  mypwm.o ABSOLUTE
    ..\..\..\Sources\myRCC.c                 0x00000000   Number         0  myrcc.o ABSOLUTE
    ..\..\..\Sources\mySysTick.c             0x00000000   Number         0  mysystick.o ABSOLUTE
    ..\..\..\Sources\myTIM.c                 0x00000000   Number         0  mytim.o ABSOLUTE
    ..\..\..\Sources\myUART.c                0x00000000   Number         0  myuart.o ABSOLUTE
    ..\\..\\..\\Sources\\myADC.c             0x00000000   Number         0  myadc.o ABSOLUTE
    ..\\..\\..\\Sources\\myEXTI.c            0x00000000   Number         0  myexti.o ABSOLUTE
    ..\\..\\..\\Sources\\myGPIO.c            0x00000000   Number         0  mygpio.o ABSOLUTE
    ..\\..\\..\\Sources\\myPWM.c             0x00000000   Number         0  mypwm.o ABSOLUTE
    ..\\..\\..\\Sources\\myRCC.c             0x00000000   Number         0  myrcc.o ABSOLUTE
    ..\\..\\..\\Sources\\mySysTick.c         0x00000000   Number         0  mysystick.o ABSOLUTE
    ..\\..\\..\\Sources\\myTIM.c             0x00000000   Number         0  mytim.o ABSOLUTE
    ..\\..\\..\\Sources\\myUART.c            0x00000000   Number         0  myuart.o ABSOLUTE
    RTE\Device\STM32F411RETx\startup_stm32f411xe.s 0x00000000   Number         0  startup_stm32f411xe.o ABSOLUTE
    RTE\Device\STM32F411RETx\system_stm32f4xx.c 0x00000000   Number         0  system_stm32f4xx.o ABSOLUTE
    RTE\\Device\\STM32F411RETx\\system_stm32f4xx.c 0x00000000   Number         0  system_stm32f4xx.o ABSOLUTE
    dc.s                                     0x00000000   Number         0  dc.o ABSOLUTE
    main.c                                   0x00000000   Number         0  main.o ABSOLUTE
    main.c                                   0x00000000   Number         0  main.o ABSOLUTE
    RESET                                    0x08000000   Section      408  startup_stm32f411xe.o(RESET)
    !!!main                                  0x08000198   Section        8  __main.o(!!!main)
    !!!scatter                               0x080001a0   Section       52  __scatter.o(!!!scatter)
    !!handler_copy                           0x080001d4   Section       26  __scatter_copy.o(!!handler_copy)
    !!handler_zi                             0x080001f0   Section       28  __scatter_zi.o(!!handler_zi)
    .ARM.Collect$$_printf_percent$$00000000  0x0800020c   Section        0  _printf_percent.o(.ARM.Collect$$_printf_percent$$00000000)
    .ARM.Collect$$_printf_percent$$00000013  0x0800020c   Section        6  _printf_c.o(.ARM.Collect$$_printf_percent$$00000013)
    .ARM.Collect$$_printf_percent$$00000017  0x08000212   Section        4  _printf_percent_end.o(.ARM.Collect$$_printf_percent$$00000017)
    .ARM.Collect$$libinit$$00000000          0x08000216   Section        2  libinit.o(.ARM.Collect$$libinit$$00000000)
    .ARM.Collect$$libinit$$00000001          0x08000218   Section        4  libinit2.o(.ARM.Collect$$libinit$$00000001)
    .ARM.Collect$$libinit$$00000004          0x0800021c   Section        0  libinit2.o(.ARM.Collect$$libinit$$00000004)
    .ARM.Collect$$libinit$$0000000A          0x0800021c   Section        0  libinit2.o(.ARM.Collect$$libinit$$0000000A)
    .ARM.Collect$$libinit$$0000000C          0x0800021c   Section        0  libinit2.o(.ARM.Collect$$libinit$$0000000C)
    .ARM.Collect$$libinit$$0000000E          0x0800021c   Section        0  libinit2.o(.ARM.Collect$$libinit$$0000000E)
    .ARM.Collect$$libinit$$00000011          0x0800021c   Section        0  libinit2.o(.ARM.Collect$$libinit$$00000011)
    .ARM.Collect$$libinit$$00000013          0x0800021c   Section        0  libinit2.o(.ARM.Collect$$libinit$$00000013)
    .ARM.Collect$$libinit$$00000015          0x0800021c   Section        0  libinit2.o(.ARM.Collect$$libinit$$00000015)
    .ARM.Collect$$libinit$$00000017          0x0800021c   Section        0  libinit2.o(.ARM.Collect$$libinit$$00000017)
    .ARM.Collect$$libinit$$00000019          0x0800021c   Section        0  libinit2.o(.ARM.Collect$$libinit$$00000019)
    .ARM.Collect$$libinit$$0000001B          0x0800021c   Section        0  libinit2.o(.ARM.Collect$$libinit$$0000001B)
    .ARM.Collect$$libinit$$0000001D          0x0800021c   Section        0  libinit2.o(.ARM.Collect$$libinit$$0000001D)
    .ARM.Collect$$libinit$$0000001F          0x0800021c   Section        0  libinit2.o(.ARM.Collect$$libinit$$0000001F)
    .ARM.Collect$$libinit$$00000021          0x0800021c   Section        0  libinit2.o(.ARM.Collect$$libinit$$00000021)
    .ARM.Collect$$libinit$$00000023          0x0800021c   Section        0  libinit2.o(.ARM.Collect$$libinit$$00000023)
    .ARM.Collect$$libinit$$00000025          0x0800021c   Section        0  libinit2.o(.ARM.Collect$$libinit$$00000025)
    .ARM.Collect$$libinit$$0000002C          0x0800021c   Section        0  libinit2.o(.ARM.Collect$$libinit$$0000002C)
    .ARM.Collect$$libinit$$0000002E          0x0800021c   Section        0  libinit2.o(.ARM.Collect$$libinit$$0000002E)
    .ARM.Collect$$libinit$$00000030          0x0800021c   Section        0  libinit2.o(.ARM.Collect$$libinit$$00000030)
    .ARM.Collect$$libinit$$00000032          0x0800021c   Section        0  libinit2.o(.ARM.Collect$$libinit$$00000032)
    .ARM.Collect$$libinit$$00000033          0x0800021c   Section        2  libinit2.o(.ARM.Collect$$libinit$$00000033)
    .ARM.Collect$$libshutdown$$00000000      0x0800021e   Section        2  libshutdown.o(.ARM.Collect$$libshutdown$$00000000)
    .ARM.Collect$$libshutdown$$00000002      0x08000220   Section        0  libshutdown2.o(.ARM.Collect$$libshutdown$$00000002)
    .ARM.Collect$$libshutdown$$00000004      0x08000220   Section        0  libshutdown2.o(.ARM.Collect$$libshutdown$$00000004)
    .ARM.Collect$$libshutdown$$00000007      0x08000220   Section        0  libshutdown2.o(.ARM.Collect$$libshutdown$$00000007)
    .ARM.Collect$$libshutdown$$0000000A      0x08000220   Section        0  libshutdown2.o(.ARM.Collect$$libshutdown$$0000000A)
    .ARM.Collect$$libshutdown$$0000000C      0x08000220   Section        0  libshutdown2.o(.ARM.Collect$$libshutdown$$0000000C)
    .ARM.Collect$$libshutdown$$0000000F      0x08000220   Section        0  libshutdown2.o(.ARM.Collect$$libshutdown$$0000000F)
    .ARM.Collect$$libshutdown$$00000010      0x08000220   Section        2  libshutdown2.o(.ARM.Collect$$libshutdown$$00000010)
    .ARM.Collect$$rtentry$$00000000          0x08000222   Section        0  __rtentry.o(.ARM.Collect$$rtentry$$00000000)
    .ARM.Collect$$rtentry$$00000002          0x08000222   Section        0  __rtentry2.o(.ARM.Collect$$rtentry$$00000002)
    .ARM.Collect$$rtentry$$00000004          0x08000222   Section        6  __rtentry4.o(.ARM.Collect$$rtentry$$00000004)
    .ARM.Collect$$rtentry$$00000009          0x08000228   Section        0  __rtentry2.o(.ARM.Collect$$rtentry$$00000009)
    .ARM.Collect$$rtentry$$0000000A          0x08000228   Section        4  __rtentry2.o(.ARM.Collect$$rtentry$$0000000A)
    .ARM.Collect$$rtentry$$0000000C          0x0800022c   Section        0  __rtentry2.o(.ARM.Collect$$rtentry$$0000000C)
    .ARM.Collect$$rtentry$$0000000D          0x0800022c   Section        8  __rtentry2.o(.ARM.Collect$$rtentry$$0000000D)
    .ARM.Collect$$rtexit$$00000000           0x08000234   Section        2  rtexit.o(.ARM.Collect$$rtexit$$00000000)
    .ARM.Collect$$rtexit$$00000002           0x08000236   Section        0  rtexit2.o(.ARM.Collect$$rtexit$$00000002)
    .ARM.Collect$$rtexit$$00000003           0x08000236   Section        4  rtexit2.o(.ARM.Collect$$rtexit$$00000003)
    .ARM.Collect$$rtexit$$00000004           0x0800023a   Section        6  rtexit2.o(.ARM.Collect$$rtexit$$00000004)
    .text                                    0x08000240   Section       64  startup_stm32f411xe.o(.text)
    $v0                                      0x08000240   Number         0  startup_stm32f411xe.o(.text)
    .text                                    0x08000280   Section        0  noretval__2printf.o(.text)
    .text                                    0x08000298   Section        0  __printf.o(.text)
    .text                                    0x08000300   Section        0  _printf_str.o(.text)
    .text                                    0x08000352   Section        0  heapauxi.o(.text)
    .text                                    0x08000358   Section        0  _printf_char.o(.text)
    .text                                    0x08000384   Section        0  _printf_char_file.o(.text)
    .text                                    0x080003a8   Section        0  _printf_char_common.o(.text)
    _printf_input_char                       0x080003a9   Thumb Code    10  _printf_char_common.o(.text)
    .text                                    0x080003d8   Section        0  ferror.o(.text)
    .text                                    0x080003e0   Section       74  sys_stackheap_outer.o(.text)
    .text                                    0x0800042a   Section        0  exit.o(.text)
    .text                                    0x0800043c   Section        8  libspace.o(.text)
    .text                                    0x08000444   Section        0  sys_exit.o(.text)
    .text                                    0x08000450   Section        2  use_no_semi.o(.text)
    .text                                    0x08000452   Section        0  indicate_semi.o(.text)
    i.RCC_PLL_init                           0x08000454   Section        0  myrcc.o(i.RCC_PLL_init)
    i.SysTick_Handler                        0x0800054c   Section        0  mysystick.o(i.SysTick_Handler)
    i.SysTick_counter                        0x08000554   Section        0  mysystick.o(i.SysTick_counter)
    i.SystemInit                             0x08000564   Section        0  system_stm32f4xx.o(i.SystemInit)
    i.TIM2_IRQHandler                        0x080005c8   Section        0  mytim.o(i.TIM2_IRQHandler)
    i.TIM4_IRQHandler                        0x080006a0   Section        0  mytim.o(i.TIM4_IRQHandler)
    i.UART1_GPIO_init                        0x08000780   Section        0  myuart.o(i.UART1_GPIO_init)
    i.UART1_init                             0x08000814   Section        0  myuart.o(i.UART1_init)
    i.UART2_GPIO_init                        0x08000850   Section        0  myuart.o(i.UART2_GPIO_init)
    i.UART2_init                             0x080008d8   Section        0  myuart.o(i.UART2_init)
    i.USART1_IRQHandler                      0x08000914   Section        0  main.o(i.USART1_IRQHandler)
    i.USART2_IRQHandler                      0x0800093c   Section        0  main.o(i.USART2_IRQHandler)
    i.USART_delay                            0x0800096c   Section        0  myuart.o(i.USART_delay)
    i.USART_init                             0x08000980   Section        0  myuart.o(i.USART_init)
    i.USART_write                            0x08000a90   Section        0  myuart.o(i.USART_write)
    i.__NVIC_EnableIRQ                       0x08000ad0   Section        0  myuart.o(i.__NVIC_EnableIRQ)
    __NVIC_EnableIRQ                         0x08000ad1   Thumb Code    26  myuart.o(i.__NVIC_EnableIRQ)
    i.__NVIC_SetPriority                     0x08000aec   Section        0  myuart.o(i.__NVIC_SetPriority)
    __NVIC_SetPriority                       0x08000aed   Thumb Code    32  myuart.o(i.__NVIC_SetPriority)
    i.__hardfp_round                         0x08000b18   Section        0  round.o(i.__hardfp_round)
    i.fputc                                  0x08000bf8   Section        0  myuart.o(i.fputc)
    i.main                                   0x08000c14   Section        0  main.o(i.main)
    x$fpl$dadd                               0x08000c30   Section      336  daddsub_clz.o(x$fpl$dadd)
    $v0                                      0x08000c30   Number         0  daddsub_clz.o(x$fpl$dadd)
    _dadd1                                   0x08000c41   Thumb Code     0  daddsub_clz.o(x$fpl$dadd)
    x$fpl$dcmpinf                            0x08000d80   Section       24  dcmpi.o(x$fpl$dcmpinf)
    $v0                                      0x08000d80   Number         0  dcmpi.o(x$fpl$dcmpinf)
    x$fpl$dfixu                              0x08000d98   Section       90  dfixu.o(x$fpl$dfixu)
    $v0                                      0x08000d98   Number         0  dfixu.o(x$fpl$dfixu)
    x$fpl$dleqf                              0x08000df4   Section      120  dleqf.o(x$fpl$dleqf)
    $v0                                      0x08000df4   Number         0  dleqf.o(x$fpl$dleqf)
    x$fpl$dnaninf                            0x08000e6c   Section      156  dnaninf.o(x$fpl$dnaninf)
    $v0                                      0x08000e6c   Number         0  dnaninf.o(x$fpl$dnaninf)
    x$fpl$dretinf                            0x08000f08   Section       12  dretinf.o(x$fpl$dretinf)
    $v0                                      0x08000f08   Number         0  dretinf.o(x$fpl$dretinf)
    x$fpl$drleqf                             0x08000f14   Section      108  drleqf.o(x$fpl$drleqf)
    $v0                                      0x08000f14   Number         0  drleqf.o(x$fpl$drleqf)
    x$fpl$drnd                               0x08000f80   Section      180  drnd.o(x$fpl$drnd)
    $v0                                      0x08000f80   Number         0  drnd.o(x$fpl$drnd)
    x$fpl$dsub                               0x08001034   Section      468  daddsub_clz.o(x$fpl$dsub)
    $v0                                      0x08001034   Number         0  daddsub_clz.o(x$fpl$dsub)
    _dsub1                                   0x08001045   Thumb Code     0  daddsub_clz.o(x$fpl$dsub)
    x$fpl$f2d                                0x08001208   Section       86  f2d.o(x$fpl$f2d)
    $v0                                      0x08001208   Number         0  f2d.o(x$fpl$f2d)
    x$fpl$fnaninf                            0x0800125e   Section      140  fnaninf.o(x$fpl$fnaninf)
    $v0                                      0x0800125e   Number         0  fnaninf.o(x$fpl$fnaninf)
    x$fpl$fpinit                             0x080012ea   Section       10  fpinit.o(x$fpl$fpinit)
    $v0                                      0x080012ea   Number         0  fpinit.o(x$fpl$fpinit)
    x$fpl$usenofp                            0x080012f4   Section        0  usenofp.o(x$fpl$usenofp)
    .data                                    0x20000000   Section        1  main.o(.data)
    .data                                    0x20000004   Section        4  mysystick.o(.data)
    .data                                    0x20000008   Section       20  mytim.o(.data)
    .data                                    0x2000001c   Section        8  myuart.o(.data)
    .bss                                     0x20000024   Section       96  libspace.o(.bss)
    HEAP                                     0x20000088   Section      512  startup_stm32f411xe.o(HEAP)
    Heap_Mem                                 0x20000088   Data         512  startup_stm32f411xe.o(HEAP)
    STACK                                    0x20000288   Section     1024  startup_stm32f411xe.o(STACK)
    Stack_Mem                                0x20000288   Data        1024  startup_stm32f411xe.o(STACK)
    __initial_sp                             0x20000688   Data           0  startup_stm32f411xe.o(STACK)

    Global Symbols

    Symbol Name                              Value     Ov Type        Size  Object(Section)

    BuildAttributes$$THM_ISAv4$E$P$D$K$B$S$7EM$VFPi3$EXTD16$VFPS$VFMA$PE$A:L22UL41UL21$X:L11$S22US41US21$IEEE1$IW$USESV6$~STKCKD$USESV7$~SHL$OTIME$ROPI$IEEEJ$EBA8$UX$STANDARDLIB$REQ8$PRES8$EABIv2 0x00000000   Number         0  anon$$obj.o ABSOLUTE
    __ARM_use_no_argv                        0x00000000   Number         0  main.o ABSOLUTE
    __ARM_exceptions_init                     - Undefined Weak Reference
    __alloca_initialize                       - Undefined Weak Reference
    __arm_preinit_                            - Undefined Weak Reference
    __cpp_initialize__aeabi_                  - Undefined Weak Reference
    __cxa_finalize                            - Undefined Weak Reference
    __rt_locale                               - Undefined Weak Reference
    __sigvec_lookup                           - Undefined Weak Reference
    _atexit_init                              - Undefined Weak Reference
    _call_atexit_fns                          - Undefined Weak Reference
    _clock_init                               - Undefined Weak Reference
    _fp_trap_init                             - Undefined Weak Reference
    _fp_trap_shutdown                         - Undefined Weak Reference
    _get_lc_collate                           - Undefined Weak Reference
    _get_lc_ctype                             - Undefined Weak Reference
    _get_lc_monetary                          - Undefined Weak Reference
    _get_lc_numeric                           - Undefined Weak Reference
    _get_lc_time                              - Undefined Weak Reference
    _getenv_init                              - Undefined Weak Reference
    _handle_redirection                       - Undefined Weak Reference
    _init_alloc                               - Undefined Weak Reference
    _init_user_alloc                          - Undefined Weak Reference
    _initio                                   - Undefined Weak Reference
    _mutex_acquire                            - Undefined Weak Reference
    _mutex_release                            - Undefined Weak Reference
    _printf_mbtowc                            - Undefined Weak Reference
    _printf_post_padding                      - Undefined Weak Reference
    _printf_pre_padding                       - Undefined Weak Reference
    _rand_init                                - Undefined Weak Reference
    _signal_finish                            - Undefined Weak Reference
    _signal_init                              - Undefined Weak Reference
    _terminate_alloc                          - Undefined Weak Reference
    _terminate_user_alloc                     - Undefined Weak Reference
    _terminateio                              - Undefined Weak Reference
    __Vectors_Size                           0x00000198   Number         0  startup_stm32f411xe.o ABSOLUTE
    __Vectors                                0x08000000   Data           4  startup_stm32f411xe.o(RESET)
    __Vectors_End                            0x08000198   Data           0  startup_stm32f411xe.o(RESET)
    __main                                   0x08000199   Thumb Code     8  __main.o(!!!main)
    __scatterload                            0x080001a1   Thumb Code     0  __scatter.o(!!!scatter)
    __scatterload_rt2                        0x080001a1   Thumb Code    44  __scatter.o(!!!scatter)
    __scatterload_rt2_thumb_only             0x080001a1   Thumb Code     0  __scatter.o(!!!scatter)
    __scatterload_null                       0x080001af   Thumb Code     0  __scatter.o(!!!scatter)
    __scatterload_copy                       0x080001d5   Thumb Code    26  __scatter_copy.o(!!handler_copy)
    __scatterload_zeroinit                   0x080001f1   Thumb Code    28  __scatter_zi.o(!!handler_zi)
    _printf_c                                0x0800020d   Thumb Code     0  _printf_c.o(.ARM.Collect$$_printf_percent$$00000013)
    _printf_percent                          0x0800020d   Thumb Code     0  _printf_percent.o(.ARM.Collect$$_printf_percent$$00000000)
    _printf_percent_end                      0x08000213   Thumb Code     0  _printf_percent_end.o(.ARM.Collect$$_printf_percent$$00000017)
    __rt_lib_init                            0x08000217   Thumb Code     0  libinit.o(.ARM.Collect$$libinit$$00000000)
    __rt_lib_init_fp_1                       0x08000219   Thumb Code     0  libinit2.o(.ARM.Collect$$libinit$$00000001)
    __rt_lib_init_alloca_1                   0x0800021d   Thumb Code     0  libinit2.o(.ARM.Collect$$libinit$$0000002E)
    __rt_lib_init_argv_1                     0x0800021d   Thumb Code     0  libinit2.o(.ARM.Collect$$libinit$$0000002C)
    __rt_lib_init_atexit_1                   0x0800021d   Thumb Code     0  libinit2.o(.ARM.Collect$$libinit$$0000001B)
    __rt_lib_init_clock_1                    0x0800021d   Thumb Code     0  libinit2.o(.ARM.Collect$$libinit$$00000021)
    __rt_lib_init_cpp_1                      0x0800021d   Thumb Code     0  libinit2.o(.ARM.Collect$$libinit$$00000032)
    __rt_lib_init_exceptions_1               0x0800021d   Thumb Code     0  libinit2.o(.ARM.Collect$$libinit$$00000030)
    __rt_lib_init_fp_trap_1                  0x0800021d   Thumb Code     0  libinit2.o(.ARM.Collect$$libinit$$0000001F)
    __rt_lib_init_getenv_1                   0x0800021d   Thumb Code     0  libinit2.o(.ARM.Collect$$libinit$$00000023)
    __rt_lib_init_heap_1                     0x0800021d   Thumb Code     0  libinit2.o(.ARM.Collect$$libinit$$0000000A)
    __rt_lib_init_lc_collate_1               0x0800021d   Thumb Code     0  libinit2.o(.ARM.Collect$$libinit$$00000011)
    __rt_lib_init_lc_ctype_1                 0x0800021d   Thumb Code     0  libinit2.o(.ARM.Collect$$libinit$$00000013)
    __rt_lib_init_lc_monetary_1              0x0800021d   Thumb Code     0  libinit2.o(.ARM.Collect$$libinit$$00000015)
    __rt_lib_init_lc_numeric_1               0x0800021d   Thumb Code     0  libinit2.o(.ARM.Collect$$libinit$$00000017)
    __rt_lib_init_lc_time_1                  0x0800021d   Thumb Code     0  libinit2.o(.ARM.Collect$$libinit$$00000019)
    __rt_lib_init_preinit_1                  0x0800021d   Thumb Code     0  libinit2.o(.ARM.Collect$$libinit$$00000004)
    __rt_lib_init_rand_1                     0x0800021d   Thumb Code     0  libinit2.o(.ARM.Collect$$libinit$$0000000E)
    __rt_lib_init_return                     0x0800021d   Thumb Code     0  libinit2.o(.ARM.Collect$$libinit$$00000033)
    __rt_lib_init_signal_1                   0x0800021d   Thumb Code     0  libinit2.o(.ARM.Collect$$libinit$$0000001D)
    __rt_lib_init_stdio_1                    0x0800021d   Thumb Code     0  libinit2.o(.ARM.Collect$$libinit$$00000025)
    __rt_lib_init_user_alloc_1               0x0800021d   Thumb Code     0  libinit2.o(.ARM.Collect$$libinit$$0000000C)
    __rt_lib_shutdown                        0x0800021f   Thumb Code     0  libshutdown.o(.ARM.Collect$$libshutdown$$00000000)
    __rt_lib_shutdown_cpp_1                  0x08000221   Thumb Code     0  libshutdown2.o(.ARM.Collect$$libshutdown$$00000002)
    __rt_lib_shutdown_fp_trap_1              0x08000221   Thumb Code     0  libshutdown2.o(.ARM.Collect$$libshutdown$$00000007)
    __rt_lib_shutdown_heap_1                 0x08000221   Thumb Code     0  libshutdown2.o(.ARM.Collect$$libshutdown$$0000000F)
    __rt_lib_shutdown_return                 0x08000221   Thumb Code     0  libshutdown2.o(.ARM.Collect$$libshutdown$$00000010)
    __rt_lib_shutdown_signal_1               0x08000221   Thumb Code     0  libshutdown2.o(.ARM.Collect$$libshutdown$$0000000A)
    __rt_lib_shutdown_stdio_1                0x08000221   Thumb Code     0  libshutdown2.o(.ARM.Collect$$libshutdown$$00000004)
    __rt_lib_shutdown_user_alloc_1           0x08000221   Thumb Code     0  libshutdown2.o(.ARM.Collect$$libshutdown$$0000000C)
    __rt_entry                               0x08000223   Thumb Code     0  __rtentry.o(.ARM.Collect$$rtentry$$00000000)
    __rt_entry_presh_1                       0x08000223   Thumb Code     0  __rtentry2.o(.ARM.Collect$$rtentry$$00000002)
    __rt_entry_sh                            0x08000223   Thumb Code     0  __rtentry4.o(.ARM.Collect$$rtentry$$00000004)
    __rt_entry_li                            0x08000229   Thumb Code     0  __rtentry2.o(.ARM.Collect$$rtentry$$0000000A)
    __rt_entry_postsh_1                      0x08000229   Thumb Code     0  __rtentry2.o(.ARM.Collect$$rtentry$$00000009)
    __rt_entry_main                          0x0800022d   Thumb Code     0  __rtentry2.o(.ARM.Collect$$rtentry$$0000000D)
    __rt_entry_postli_1                      0x0800022d   Thumb Code     0  __rtentry2.o(.ARM.Collect$$rtentry$$0000000C)
    __rt_exit                                0x08000235   Thumb Code     0  rtexit.o(.ARM.Collect$$rtexit$$00000000)
    __rt_exit_ls                             0x08000237   Thumb Code     0  rtexit2.o(.ARM.Collect$$rtexit$$00000003)
    __rt_exit_prels_1                        0x08000237   Thumb Code     0  rtexit2.o(.ARM.Collect$$rtexit$$00000002)
    __rt_exit_exit                           0x0800023b   Thumb Code     0  rtexit2.o(.ARM.Collect$$rtexit$$00000004)
    Reset_Handler                            0x08000241   Thumb Code     8  startup_stm32f411xe.o(.text)
    NMI_Handler                              0x08000249   Thumb Code     2  startup_stm32f411xe.o(.text)
    HardFault_Handler                        0x0800024b   Thumb Code     2  startup_stm32f411xe.o(.text)
    MemManage_Handler                        0x0800024d   Thumb Code     2  startup_stm32f411xe.o(.text)
    BusFault_Handler                         0x0800024f   Thumb Code     2  startup_stm32f411xe.o(.text)
    UsageFault_Handler                       0x08000251   Thumb Code     2  startup_stm32f411xe.o(.text)
    SVC_Handler                              0x08000253   Thumb Code     2  startup_stm32f411xe.o(.text)
    DebugMon_Handler                         0x08000255   Thumb Code     2  startup_stm32f411xe.o(.text)
    PendSV_Handler                           0x08000257   Thumb Code     2  startup_stm32f411xe.o(.text)
    ADC_IRQHandler                           0x0800025b   Thumb Code     0  startup_stm32f411xe.o(.text)
    DMA1_Stream0_IRQHandler                  0x0800025b   Thumb Code     0  startup_stm32f411xe.o(.text)
    DMA1_Stream1_IRQHandler                  0x0800025b   Thumb Code     0  startup_stm32f411xe.o(.text)
    DMA1_Stream2_IRQHandler                  0x0800025b   Thumb Code     0  startup_stm32f411xe.o(.text)
    DMA1_Stream3_IRQHandler                  0x0800025b   Thumb Code     0  startup_stm32f411xe.o(.text)
    DMA1_Stream4_IRQHandler                  0x0800025b   Thumb Code     0  startup_stm32f411xe.o(.text)
    DMA1_Stream5_IRQHandler                  0x0800025b   Thumb Code     0  startup_stm32f411xe.o(.text)
    DMA1_Stream6_IRQHandler                  0x0800025b   Thumb Code     0  startup_stm32f411xe.o(.text)
    DMA1_Stream7_IRQHandler                  0x0800025b   Thumb Code     0  startup_stm32f411xe.o(.text)
    DMA2_Stream0_IRQHandler                  0x0800025b   Thumb Code     0  startup_stm32f411xe.o(.text)
    DMA2_Stream1_IRQHandler                  0x0800025b   Thumb Code     0  startup_stm32f411xe.o(.text)
    DMA2_Stream2_IRQHandler                  0x0800025b   Thumb Code     0  startup_stm32f411xe.o(.text)
    DMA2_Stream3_IRQHandler                  0x0800025b   Thumb Code     0  startup_stm32f411xe.o(.text)
    DMA2_Stream4_IRQHandler                  0x0800025b   Thumb Code     0  startup_stm32f411xe.o(.text)
    DMA2_Stream5_IRQHandler                  0x0800025b   Thumb Code     0  startup_stm32f411xe.o(.text)
    DMA2_Stream6_IRQHandler                  0x0800025b   Thumb Code     0  startup_stm32f411xe.o(.text)
    DMA2_Stream7_IRQHandler                  0x0800025b   Thumb Code     0  startup_stm32f411xe.o(.text)
    EXTI0_IRQHandler                         0x0800025b   Thumb Code     0  startup_stm32f411xe.o(.text)
    EXTI15_10_IRQHandler                     0x0800025b   Thumb Code     0  startup_stm32f411xe.o(.text)
    EXTI1_IRQHandler                         0x0800025b   Thumb Code     0  startup_stm32f411xe.o(.text)
    EXTI2_IRQHandler                         0x0800025b   Thumb Code     0  startup_stm32f411xe.o(.text)
    EXTI3_IRQHandler                         0x0800025b   Thumb Code     0  startup_stm32f411xe.o(.text)
    EXTI4_IRQHandler                         0x0800025b   Thumb Code     0  startup_stm32f411xe.o(.text)
    EXTI9_5_IRQHandler                       0x0800025b   Thumb Code     0  startup_stm32f411xe.o(.text)
    FLASH_IRQHandler                         0x0800025b   Thumb Code     0  startup_stm32f411xe.o(.text)
    FPU_IRQHandler                           0x0800025b   Thumb Code     0  startup_stm32f411xe.o(.text)
    I2C1_ER_IRQHandler                       0x0800025b   Thumb Code     0  startup_stm32f411xe.o(.text)
    I2C1_EV_IRQHandler                       0x0800025b   Thumb Code     0  startup_stm32f411xe.o(.text)
    I2C2_ER_IRQHandler                       0x0800025b   Thumb Code     0  startup_stm32f411xe.o(.text)
    I2C2_EV_IRQHandler                       0x0800025b   Thumb Code     0  startup_stm32f411xe.o(.text)
    I2C3_ER_IRQHandler                       0x0800025b   Thumb Code     0  startup_stm32f411xe.o(.text)
    I2C3_EV_IRQHandler                       0x0800025b   Thumb Code     0  startup_stm32f411xe.o(.text)
    OTG_FS_IRQHandler                        0x0800025b   Thumb Code     0  startup_stm32f411xe.o(.text)
    OTG_FS_WKUP_IRQHandler                   0x0800025b   Thumb Code     0  startup_stm32f411xe.o(.text)
    PVD_IRQHandler                           0x0800025b   Thumb Code     0  startup_stm32f411xe.o(.text)
    RCC_IRQHandler                           0x0800025b   Thumb Code     0  startup_stm32f411xe.o(.text)
    RTC_Alarm_IRQHandler                     0x0800025b   Thumb Code     0  startup_stm32f411xe.o(.text)
    RTC_WKUP_IRQHandler                      0x0800025b   Thumb Code     0  startup_stm32f411xe.o(.text)
    SDIO_IRQHandler                          0x0800025b   Thumb Code     0  startup_stm32f411xe.o(.text)
    SPI1_IRQHandler                          0x0800025b   Thumb Code     0  startup_stm32f411xe.o(.text)
    SPI2_IRQHandler                          0x0800025b   Thumb Code     0  startup_stm32f411xe.o(.text)
    SPI3_IRQHandler                          0x0800025b   Thumb Code     0  startup_stm32f411xe.o(.text)
    SPI4_IRQHandler                          0x0800025b   Thumb Code     0  startup_stm32f411xe.o(.text)
    SPI5_IRQHandler                          0x0800025b   Thumb Code     0  startup_stm32f411xe.o(.text)
    TAMP_STAMP_IRQHandler                    0x0800025b   Thumb Code     0  startup_stm32f411xe.o(.text)
    TIM1_BRK_TIM9_IRQHandler                 0x0800025b   Thumb Code     0  startup_stm32f411xe.o(.text)
    TIM1_CC_IRQHandler                       0x0800025b   Thumb Code     0  startup_stm32f411xe.o(.text)
    TIM1_TRG_COM_TIM11_IRQHandler            0x0800025b   Thumb Code     0  startup_stm32f411xe.o(.text)
    TIM1_UP_TIM10_IRQHandler                 0x0800025b   Thumb Code     0  startup_stm32f411xe.o(.text)
    TIM3_IRQHandler                          0x0800025b   Thumb Code     0  startup_stm32f411xe.o(.text)
    TIM5_IRQHandler                          0x0800025b   Thumb Code     0  startup_stm32f411xe.o(.text)
    USART6_IRQHandler                        0x0800025b   Thumb Code     0  startup_stm32f411xe.o(.text)
    WWDG_IRQHandler                          0x0800025b   Thumb Code     0  startup_stm32f411xe.o(.text)
    __user_initial_stackheap                 0x0800025d   Thumb Code     0  startup_stm32f411xe.o(.text)
    __2printf                                0x08000281   Thumb Code    20  noretval__2printf.o(.text)
    __printf                                 0x08000299   Thumb Code   104  __printf.o(.text)
    _printf_str                              0x08000301   Thumb Code    82  _printf_str.o(.text)
    __use_two_region_memory                  0x08000353   Thumb Code     2  heapauxi.o(.text)
    __rt_heap_escrow$2region                 0x08000355   Thumb Code     2  heapauxi.o(.text)
    __rt_heap_expand$2region                 0x08000357   Thumb Code     2  heapauxi.o(.text)
    _printf_cs_common                        0x08000359   Thumb Code    20  _printf_char.o(.text)
    _printf_char                             0x0800036d   Thumb Code    16  _printf_char.o(.text)
    _printf_string                           0x0800037d   Thumb Code     8  _printf_char.o(.text)
    _printf_char_file                        0x08000385   Thumb Code    32  _printf_char_file.o(.text)
    _printf_char_common                      0x080003b3   Thumb Code    32  _printf_char_common.o(.text)
    ferror                                   0x080003d9   Thumb Code     8  ferror.o(.text)
    __user_setup_stackheap                   0x080003e1   Thumb Code    74  sys_stackheap_outer.o(.text)
    exit                                     0x0800042b   Thumb Code    18  exit.o(.text)
    __user_libspace                          0x0800043d   Thumb Code     8  libspace.o(.text)
    __user_perproc_libspace                  0x0800043d   Thumb Code     0  libspace.o(.text)
    __user_perthread_libspace                0x0800043d   Thumb Code     0  libspace.o(.text)
    _sys_exit                                0x08000445   Thumb Code     8  sys_exit.o(.text)
    __I$use$semihosting                      0x08000451   Thumb Code     0  use_no_semi.o(.text)
    __use_no_semihosting_swi                 0x08000451   Thumb Code     2  use_no_semi.o(.text)
    __semihosting_library_function           0x08000453   Thumb Code     0  indicate_semi.o(.text)
    RCC_PLL_init                             0x08000455   Thumb Code   238  myrcc.o(i.RCC_PLL_init)
    SysTick_Handler                          0x0800054d   Thumb Code     8  mysystick.o(i.SysTick_Handler)
    SysTick_counter                          0x08000555   Thumb Code    12  mysystick.o(i.SysTick_counter)
    SystemInit                               0x08000565   Thumb Code    82  system_stm32f4xx.o(i.SystemInit)
    TIM2_IRQHandler                          0x080005c9   Thumb Code   198  mytim.o(i.TIM2_IRQHandler)
    TIM4_IRQHandler                          0x080006a1   Thumb Code   196  mytim.o(i.TIM4_IRQHandler)
    UART1_GPIO_init                          0x08000781   Thumb Code   140  myuart.o(i.UART1_GPIO_init)
    UART1_init                               0x08000815   Thumb Code    52  myuart.o(i.UART1_init)
    UART2_GPIO_init                          0x08000851   Thumb Code   126  myuart.o(i.UART2_GPIO_init)
    UART2_init                               0x080008d9   Thumb Code    52  myuart.o(i.UART2_init)
    USART1_IRQHandler                        0x08000915   Thumb Code    30  main.o(i.USART1_IRQHandler)
    USART2_IRQHandler                        0x0800093d   Thumb Code    34  main.o(i.USART2_IRQHandler)
    USART_delay                              0x0800096d   Thumb Code    20  myuart.o(i.USART_delay)
    USART_init                               0x08000981   Thumb Code   252  myuart.o(i.USART_init)
    USART_write                              0x08000a91   Thumb Code    64  myuart.o(i.USART_write)
    __hardfp_round                           0x08000b19   Thumb Code   194  round.o(i.__hardfp_round)
    fputc                                    0x08000bf9   Thumb Code    24  myuart.o(i.fputc)
    main                                     0x08000c15   Thumb Code    28  main.o(i.main)
    __aeabi_dadd                             0x08000c31   Thumb Code     0  daddsub_clz.o(x$fpl$dadd)
    _dadd                                    0x08000c31   Thumb Code   332  daddsub_clz.o(x$fpl$dadd)
    __fpl_dcmp_Inf                           0x08000d81   Thumb Code    24  dcmpi.o(x$fpl$dcmpinf)
    __aeabi_d2uiz                            0x08000d99   Thumb Code     0  dfixu.o(x$fpl$dfixu)
    _dfixu                                   0x08000d99   Thumb Code    90  dfixu.o(x$fpl$dfixu)
    __aeabi_cdcmple                          0x08000df5   Thumb Code     0  dleqf.o(x$fpl$dleqf)
    _dcmple                                  0x08000df5   Thumb Code   120  dleqf.o(x$fpl$dleqf)
    __fpl_dcmple_InfNaN                      0x08000e57   Thumb Code     0  dleqf.o(x$fpl$dleqf)
    __fpl_dnaninf                            0x08000e6d   Thumb Code   156  dnaninf.o(x$fpl$dnaninf)
    __fpl_dretinf                            0x08000f09   Thumb Code    12  dretinf.o(x$fpl$dretinf)
    __aeabi_cdrcmple                         0x08000f15   Thumb Code     0  drleqf.o(x$fpl$drleqf)
    _drcmple                                 0x08000f15   Thumb Code   108  drleqf.o(x$fpl$drleqf)
    _drnd                                    0x08000f81   Thumb Code   180  drnd.o(x$fpl$drnd)
    __aeabi_dsub                             0x08001035   Thumb Code     0  daddsub_clz.o(x$fpl$dsub)
    _dsub                                    0x08001035   Thumb Code   464  daddsub_clz.o(x$fpl$dsub)
    __aeabi_f2d                              0x08001209   Thumb Code     0  f2d.o(x$fpl$f2d)
    _f2d                                     0x08001209   Thumb Code    86  f2d.o(x$fpl$f2d)
    __fpl_fnaninf                            0x0800125f   Thumb Code   140  fnaninf.o(x$fpl$fnaninf)
    _fp_init                                 0x080012eb   Thumb Code    10  fpinit.o(x$fpl$fpinit)
    __fplib_config_fpu_vfp                   0x080012f3   Thumb Code     0  fpinit.o(x$fpl$fpinit)
    __fplib_config_pureend_doubles           0x080012f3   Thumb Code     0  fpinit.o(x$fpl$fpinit)
    Region$$Table$$Base                      0x080012f4   Number         0  anon$$obj.o(Region$$Table)
    __I$use$fp                               0x080012f4   Number         0  usenofp.o(x$fpl$usenofp)
    Region$$Table$$Limit                     0x08001314   Number         0  anon$$obj.o(Region$$Table)
    rxByte                                   0x20000000   Data           1  main.o(.data)
    msTicks                                  0x20000004   Data           4  mysystick.o(.data)
    beg                                      0x20000008   Data           4  mytim.o(.data)
    end                                      0x2000000c   Data           4  mytim.o(.data)
    ovf_cnt                                  0x20000010   Data           4  mytim.o(.data)
    timeInterval                             0x20000014   Data           4  mytim.o(.data)
    distance                                 0x20000018   Data           4  mytim.o(.data)
    __stdout                                 0x2000001c   Data           4  myuart.o(.data)
    __stdin                                  0x20000020   Data           4  myuart.o(.data)
    __libspace_start                         0x20000024   Data          96  libspace.o(.bss)
    __temporary_stack_top$libspace           0x20000084   Data           0  libspace.o(.bss)



==============================================================================

Memory Map of the image

  Image Entry point : 0x08000241

  Load Region LR_1 (Base: 0x08000000, Size: 0x00001338, Max: 0xffffffff, ABSOLUTE)

    Execution Region ER_RO (Exec base: 0x08000000, Load base: 0x08000000, Size: 0x00001314, Max: 0xffffffff, ABSOLUTE)

    Exec Addr    Load Addr    Size         Type   Attr      Idx    E Section Name        Object

    0x08000000   0x08000000   0x00000198   Data   RO          548    RESET               startup_stm32f411xe.o
    0x08000198   0x08000198   0x00000008   Code   RO          624  * !!!main             c_w.l(__main.o)
    0x080001a0   0x080001a0   0x00000034   Code   RO          825    !!!scatter          c_w.l(__scatter.o)
    0x080001d4   0x080001d4   0x0000001a   Code   RO          827    !!handler_copy      c_w.l(__scatter_copy.o)
    0x080001ee   0x080001ee   0x00000002   PAD
    0x080001f0   0x080001f0   0x0000001c   Code   RO          829    !!handler_zi        c_w.l(__scatter_zi.o)
    0x0800020c   0x0800020c   0x00000000   Code   RO          621    .ARM.Collect$$_printf_percent$$00000000  c_w.l(_printf_percent.o)
    0x0800020c   0x0800020c   0x00000006   Code   RO          620    .ARM.Collect$$_printf_percent$$00000013  c_w.l(_printf_c.o)
    0x08000212   0x08000212   0x00000004   Code   RO          641    .ARM.Collect$$_printf_percent$$00000017  c_w.l(_printf_percent_end.o)
    0x08000216   0x08000216   0x00000002   Code   RO          695    .ARM.Collect$$libinit$$00000000  c_w.l(libinit.o)
    0x08000218   0x08000218   0x00000004   Code   RO          701    .ARM.Collect$$libinit$$00000001  c_w.l(libinit2.o)
    0x0800021c   0x0800021c   0x00000000   Code   RO          704    .ARM.Collect$$libinit$$00000004  c_w.l(libinit2.o)
    0x0800021c   0x0800021c   0x00000000   Code   RO          707    .ARM.Collect$$libinit$$0000000A  c_w.l(libinit2.o)
    0x0800021c   0x0800021c   0x00000000   Code   RO          709    .ARM.Collect$$libinit$$0000000C  c_w.l(libinit2.o)
    0x0800021c   0x0800021c   0x00000000   Code   RO          711    .ARM.Collect$$libinit$$0000000E  c_w.l(libinit2.o)
    0x0800021c   0x0800021c   0x00000000   Code   RO          714    .ARM.Collect$$libinit$$00000011  c_w.l(libinit2.o)
    0x0800021c   0x0800021c   0x00000000   Code   RO          716    .ARM.Collect$$libinit$$00000013  c_w.l(libinit2.o)
    0x0800021c   0x0800021c   0x00000000   Code   RO          718    .ARM.Collect$$libinit$$00000015  c_w.l(libinit2.o)
    0x0800021c   0x0800021c   0x00000000   Code   RO          720    .ARM.Collect$$libinit$$00000017  c_w.l(libinit2.o)
    0x0800021c   0x0800021c   0x00000000   Code   RO          722    .ARM.Collect$$libinit$$00000019  c_w.l(libinit2.o)
    0x0800021c   0x0800021c   0x00000000   Code   RO          724    .ARM.Collect$$libinit$$0000001B  c_w.l(libinit2.o)
    0x0800021c   0x0800021c   0x00000000   Code   RO          726    .ARM.Collect$$libinit$$0000001D  c_w.l(libinit2.o)
    0x0800021c   0x0800021c   0x00000000   Code   RO          728    .ARM.Collect$$libinit$$0000001F  c_w.l(libinit2.o)
    0x0800021c   0x0800021c   0x00000000   Code   RO          730    .ARM.Collect$$libinit$$00000021  c_w.l(libinit2.o)
    0x0800021c   0x0800021c   0x00000000   Code   RO          732    .ARM.Collect$$libinit$$00000023  c_w.l(libinit2.o)
    0x0800021c   0x0800021c   0x00000000   Code   RO          734    .ARM.Collect$$libinit$$00000025  c_w.l(libinit2.o)
    0x0800021c   0x0800021c   0x00000000   Code   RO          738    .ARM.Collect$$libinit$$0000002C  c_w.l(libinit2.o)
    0x0800021c   0x0800021c   0x00000000   Code   RO          740    .ARM.Collect$$libinit$$0000002E  c_w.l(libinit2.o)
    0x0800021c   0x0800021c   0x00000000   Code   RO          742    .ARM.Collect$$libinit$$00000030  c_w.l(libinit2.o)
    0x0800021c   0x0800021c   0x00000000   Code   RO          744    .ARM.Collect$$libinit$$00000032  c_w.l(libinit2.o)
    0x0800021c   0x0800021c   0x00000002   Code   RO          745    .ARM.Collect$$libinit$$00000033  c_w.l(libinit2.o)
    0x0800021e   0x0800021e   0x00000002   Code   RO          765    .ARM.Collect$$libshutdown$$00000000  c_w.l(libshutdown.o)
    0x08000220   0x08000220   0x00000000   Code   RO          778    .ARM.Collect$$libshutdown$$00000002  c_w.l(libshutdown2.o)
    0x08000220   0x08000220   0x00000000   Code   RO          780    .ARM.Collect$$libshutdown$$00000004  c_w.l(libshutdown2.o)
    0x08000220   0x08000220   0x00000000   Code   RO          783    .ARM.Collect$$libshutdown$$00000007  c_w.l(libshutdown2.o)
    0x08000220   0x08000220   0x00000000   Code   RO          786    .ARM.Collect$$libshutdown$$0000000A  c_w.l(libshutdown2.o)
    0x08000220   0x08000220   0x00000000   Code   RO          788    .ARM.Collect$$libshutdown$$0000000C  c_w.l(libshutdown2.o)
    0x08000220   0x08000220   0x00000000   Code   RO          791    .ARM.Collect$$libshutdown$$0000000F  c_w.l(libshutdown2.o)
    0x08000220   0x08000220   0x00000002   Code   RO          792    .ARM.Collect$$libshutdown$$00000010  c_w.l(libshutdown2.o)
    0x08000222   0x08000222   0x00000000   Code   RO          636    .ARM.Collect$$rtentry$$00000000  c_w.l(__rtentry.o)
    0x08000222   0x08000222   0x00000000   Code   RO          662    .ARM.Collect$$rtentry$$00000002  c_w.l(__rtentry2.o)
    0x08000222   0x08000222   0x00000006   Code   RO          674    .ARM.Collect$$rtentry$$00000004  c_w.l(__rtentry4.o)
    0x08000228   0x08000228   0x00000000   Code   RO          664    .ARM.Collect$$rtentry$$00000009  c_w.l(__rtentry2.o)
    0x08000228   0x08000228   0x00000004   Code   RO          665    .ARM.Collect$$rtentry$$0000000A  c_w.l(__rtentry2.o)
    0x0800022c   0x0800022c   0x00000000   Code   RO          667    .ARM.Collect$$rtentry$$0000000C  c_w.l(__rtentry2.o)
    0x0800022c   0x0800022c   0x00000008   Code   RO          668    .ARM.Collect$$rtentry$$0000000D  c_w.l(__rtentry2.o)
    0x08000234   0x08000234   0x00000002   Code   RO          699    .ARM.Collect$$rtexit$$00000000  c_w.l(rtexit.o)
    0x08000236   0x08000236   0x00000000   Code   RO          747    .ARM.Collect$$rtexit$$00000002  c_w.l(rtexit2.o)
    0x08000236   0x08000236   0x00000004   Code   RO          748    .ARM.Collect$$rtexit$$00000003  c_w.l(rtexit2.o)
    0x0800023a   0x0800023a   0x00000006   Code   RO          749    .ARM.Collect$$rtexit$$00000004  c_w.l(rtexit2.o)
    0x08000240   0x08000240   0x00000040   Code   RO          549  * .text               startup_stm32f411xe.o
    0x08000280   0x08000280   0x00000018   Code   RO          594    .text               c_w.l(noretval__2printf.o)
    0x08000298   0x08000298   0x00000068   Code   RO          596    .text               c_w.l(__printf.o)
    0x08000300   0x08000300   0x00000052   Code   RO          598    .text               c_w.l(_printf_str.o)
    0x08000352   0x08000352   0x00000006   Code   RO          622    .text               c_w.l(heapauxi.o)
    0x08000358   0x08000358   0x0000002c   Code   RO          637    .text               c_w.l(_printf_char.o)
    0x08000384   0x08000384   0x00000024   Code   RO          639    .text               c_w.l(_printf_char_file.o)
    0x080003a8   0x080003a8   0x00000030   Code   RO          676    .text               c_w.l(_printf_char_common.o)
    0x080003d8   0x080003d8   0x00000008   Code   RO          678    .text               c_w.l(ferror.o)
    0x080003e0   0x080003e0   0x0000004a   Code   RO          684    .text               c_w.l(sys_stackheap_outer.o)
    0x0800042a   0x0800042a   0x00000012   Code   RO          688    .text               c_w.l(exit.o)
    0x0800043c   0x0800043c   0x00000008   Code   RO          696    .text               c_w.l(libspace.o)
    0x08000444   0x08000444   0x0000000c   Code   RO          757    .text               c_w.l(sys_exit.o)
    0x08000450   0x08000450   0x00000002   Code   RO          768    .text               c_w.l(use_no_semi.o)
    0x08000452   0x08000452   0x00000000   Code   RO          770    .text               c_w.l(indicate_semi.o)
    0x08000452   0x08000452   0x00000002   PAD
    0x08000454   0x08000454   0x000000f8   Code   RO          319    i.RCC_PLL_init      myrcc.o
    0x0800054c   0x0800054c   0x00000008   Code   RO          348    i.SysTick_Handler   mysystick.o
    0x08000554   0x08000554   0x00000010   Code   RO          349    i.SysTick_counter   mysystick.o
    0x08000564   0x08000564   0x00000064   Code   RO          557    i.SystemInit        system_stm32f4xx.o
    0x080005c8   0x080005c8   0x000000d8   Code   RO          395    i.TIM2_IRQHandler   mytim.o
    0x080006a0   0x080006a0   0x000000e0   Code   RO          396    i.TIM4_IRQHandler   mytim.o
    0x08000780   0x08000780   0x00000094   Code   RO          450    i.UART1_GPIO_init   myuart.o
    0x08000814   0x08000814   0x0000003c   Code   RO          451    i.UART1_init        myuart.o
    0x08000850   0x08000850   0x00000088   Code   RO          452    i.UART2_GPIO_init   myuart.o
    0x080008d8   0x080008d8   0x0000003c   Code   RO          453    i.UART2_init        myuart.o
    0x08000914   0x08000914   0x00000028   Code   RO            4    i.USART1_IRQHandler  main.o
    0x0800093c   0x0800093c   0x00000030   Code   RO            5    i.USART2_IRQHandler  main.o
    0x0800096c   0x0800096c   0x00000014   Code   RO          454    i.USART_delay       myuart.o
    0x08000980   0x08000980   0x00000110   Code   RO          455    i.USART_init        myuart.o
    0x08000a90   0x08000a90   0x00000040   Code   RO          457    i.USART_write       myuart.o
    0x08000ad0   0x08000ad0   0x0000001a   Code   RO          458    i.__NVIC_EnableIRQ  myuart.o
    0x08000aea   0x08000aea   0x00000002   PAD
    0x08000aec   0x08000aec   0x00000028   Code   RO          459    i.__NVIC_SetPriority  myuart.o
    0x08000b14   0x08000b14   0x00000004   PAD
    0x08000b18   0x08000b18   0x000000e0   Code   RO          632    i.__hardfp_round    m_wm.l(round.o)
    0x08000bf8   0x08000bf8   0x0000001c   Code   RO          461    i.fputc             myuart.o
    0x08000c14   0x08000c14   0x0000001c   Code   RO            6    i.main              main.o
    0x08000c30   0x08000c30   0x00000150   Code   RO          642    x$fpl$dadd          fz_wm.l(daddsub_clz.o)
    0x08000d80   0x08000d80   0x00000018   Code   RO          682    x$fpl$dcmpinf       fz_wm.l(dcmpi.o)
    0x08000d98   0x08000d98   0x0000005a   Code   RO          626    x$fpl$dfixu         fz_wm.l(dfixu.o)
    0x08000df2   0x08000df2   0x00000002   PAD
    0x08000df4   0x08000df4   0x00000078   Code   RO          648    x$fpl$dleqf         fz_wm.l(dleqf.o)
    0x08000e6c   0x08000e6c   0x0000009c   Code   RO          650    x$fpl$dnaninf       fz_wm.l(dnaninf.o)
    0x08000f08   0x08000f08   0x0000000c   Code   RO          652    x$fpl$dretinf       fz_wm.l(dretinf.o)
    0x08000f14   0x08000f14   0x0000006c   Code   RO          654    x$fpl$drleqf        fz_wm.l(drleqf.o)
    0x08000f80   0x08000f80   0x000000b4   Code   RO          656    x$fpl$drnd          fz_wm.l(drnd.o)
    0x08001034   0x08001034   0x000001d4   Code   RO          644    x$fpl$dsub          fz_wm.l(daddsub_clz.o)
    0x08001208   0x08001208   0x00000056   Code   RO          630    x$fpl$f2d           fz_wm.l(f2d.o)
    0x0800125e   0x0800125e   0x0000008c   Code   RO          658    x$fpl$fnaninf       fz_wm.l(fnaninf.o)
    0x080012ea   0x080012ea   0x0000000a   Code   RO          755    x$fpl$fpinit        fz_wm.l(fpinit.o)
    0x080012f4   0x080012f4   0x00000000   Code   RO          660    x$fpl$usenofp       fz_wm.l(usenofp.o)
    0x080012f4   0x080012f4   0x00000020   Data   RO          823    Region$$Table       anon$$obj.o


    Execution Region ER_RW (Exec base: 0x20000000, Load base: 0x08001314, Size: 0x00000024, Max: 0xffffffff, ABSOLUTE)

    Exec Addr    Load Addr    Size         Type   Attr      Idx    E Section Name        Object

    0x20000000   0x08001314   0x00000001   Data   RW            7    .data               main.o
    0x20000001   0x08001315   0x00000003   PAD
    0x20000004   0x08001318   0x00000004   Data   RW          352    .data               mysystick.o
    0x20000008   0x0800131c   0x00000014   Data   RW          399    .data               mytim.o
    0x2000001c   0x08001330   0x00000008   Data   RW          462    .data               myuart.o


    Execution Region ER_ZI (Exec base: 0x20000024, Load base: 0x08001338, Size: 0x00000664, Max: 0xffffffff, ABSOLUTE)

    Exec Addr    Load Addr    Size         Type   Attr      Idx    E Section Name        Object

    0x20000024        -       0x00000060   Zero   RW          697    .bss                c_w.l(libspace.o)
    0x20000084   0x08001338   0x00000004   PAD
    0x20000088        -       0x00000200   Zero   RW          547    HEAP                startup_stm32f411xe.o
    0x20000288        -       0x00000400   Zero   RW          546    STACK               startup_stm32f411xe.o


==============================================================================

Image component sizes


      Code (inc. data)   RO Data    RW Data    ZI Data      Debug   Object Name

       116         24          0          1          0     308644   main.o
       248         10          0          0          0        591   myrcc.o
        24          4          0          4          0       1318   mysystick.o
       440         46          0         20          0       1556   mytim.o
       854         66          0          8          0      38540   myuart.o
        64         26        408          0       1536        908   startup_stm32f411xe.o
       100         18          0          0          0        573   system_stm32f4xx.o

    ----------------------------------------------------------------------
      1852        198        440         36       1536     352130   Object Totals
         0          0         32          0          0          0   (incl. Generated)
         6          4          0          3          0          0   (incl. Padding)

    ----------------------------------------------------------------------

      Code (inc. data)   RO Data    RW Data    ZI Data      Debug   Library Member Name

         8          0          0          0          0         68   __main.o
       104          0          0          0          0         84   __printf.o
         0          0          0          0          0          0   __rtentry.o
        12          0          0          0          0          0   __rtentry2.o
         6          0          0          0          0          0   __rtentry4.o
        52          8          0          0          0          0   __scatter.o
        26          0          0          0          0          0   __scatter_copy.o
        28          0          0          0          0          0   __scatter_zi.o
         6          0          0          0          0          0   _printf_c.o
        44          0          0          0          0        108   _printf_char.o
        48          6          0          0          0         96   _printf_char_common.o
        36          4          0          0          0         80   _printf_char_file.o
         0          0          0          0          0          0   _printf_percent.o
         4          0          0          0          0          0   _printf_percent_end.o
        82          0          0          0          0         80   _printf_str.o
        18          0          0          0          0         80   exit.o
         8          0          0          0          0         68   ferror.o
         6          0          0          0          0        152   heapauxi.o
         0          0          0          0          0          0   indicate_semi.o
         2          0          0          0          0          0   libinit.o
         6          0          0          0          0          0   libinit2.o
         2          0          0          0          0          0   libshutdown.o
         2          0          0          0          0          0   libshutdown2.o
         8          4          0          0         96         68   libspace.o
        24          4          0          0          0         84   noretval__2printf.o
         2          0          0          0          0          0   rtexit.o
        10          0          0          0          0          0   rtexit2.o
        12          4          0          0          0         68   sys_exit.o
        74          0          0          0          0         80   sys_stackheap_outer.o
         2          0          0          0          0         68   use_no_semi.o
       804         16          0          0          0        368   daddsub_clz.o
        24          0          0          0          0        116   dcmpi.o
        90          4          0          0          0        140   dfixu.o
       120          4          0          0          0        140   dleqf.o
       156          4          0          0          0        140   dnaninf.o
        12          0          0          0          0        116   dretinf.o
       108          0          0          0          0        128   drleqf.o
       180          4          0          0          0        128   drnd.o
        86          4          0          0          0        132   f2d.o
       140          4          0          0          0        132   fnaninf.o
        10          0          0          0          0        116   fpinit.o
         0          0          0          0          0          0   usenofp.o
       224         30          0          0          0        172   round.o

    ----------------------------------------------------------------------
      2592        100          0          0        100       3012   Library Totals
         6          0          0          0          4          0   (incl. Padding)

    ----------------------------------------------------------------------

      Code (inc. data)   RO Data    RW Data    ZI Data      Debug   Library Name

       632         30          0          0         96       1184   c_w.l
      1730         40          0          0          0       1656   fz_wm.l
       224         30          0          0          0        172   m_wm.l

    ----------------------------------------------------------------------
      2592        100          0          0        100       3012   Library Totals

    ----------------------------------------------------------------------

==============================================================================


      Code (inc. data)   RO Data    RW Data    ZI Data      Debug   

      4444        298        440         36       1636     352022   Grand Totals
      4444        298        440         36       1636     352022   ELF Image Totals
      4444        298        440         36          0          0   ROM Totals

==============================================================================

    Total RO  Size (Code + RO Data)                 4884 (   4.77kB)
    Total RW  Size (RW Data + ZI Data)              1672 (   1.63kB)
    Total ROM Size (Code + RO Data + RW Data)       4920 (   4.80kB)

==============================================================================

